Archive member included to satisfy reference by file (symbol)

/usr/lib/gcc/arm-none-eabi/9.2.1/thumb/v6-m/nofp/libgcc.a(_dvmd_tls.o)
                              CMakeFiles/pico41.dir/tree/downloaded_tools/pico/pico-sdk/src/rp2_common/pico_divider/divider.S.obj (__aeabi_idiv0)
/usr/lib/gcc/arm-none-eabi/9.2.1/thumb/v6-m/nofp/libgcc.a(_ashldi3.o)
                              CMakeFiles/pico41.dir/pico41.c.obj (__aeabi_llsl)
/usr/lib/gcc/arm-none-eabi/9.2.1/../../../arm-none-eabi/lib/thumb/v6-m/nofp/libc.a(lib_a-atexit.o)
                              /usr/lib/gcc/arm-none-eabi/9.2.1/../../../arm-none-eabi/lib/thumb/v6-m/nofp/crt0.o (atexit)
/usr/lib/gcc/arm-none-eabi/9.2.1/../../../arm-none-eabi/lib/thumb/v6-m/nofp/libc.a(lib_a-calloc.o)
                              CMakeFiles/pico41.dir/tree/downloaded_tools/pico/pico-sdk/src/rp2_common/pico_malloc/pico_malloc.c.obj (calloc)
/usr/lib/gcc/arm-none-eabi/9.2.1/../../../arm-none-eabi/lib/thumb/v6-m/nofp/libc.a(lib_a-callocr.o)
                              /usr/lib/gcc/arm-none-eabi/9.2.1/../../../arm-none-eabi/lib/thumb/v6-m/nofp/libc.a(lib_a-calloc.o) (_calloc_r)
/usr/lib/gcc/arm-none-eabi/9.2.1/../../../arm-none-eabi/lib/thumb/v6-m/nofp/libc.a(lib_a-ctype_.o)
                              CMakeFiles/pico41.dir/pico41.c.obj (_ctype_)
/usr/lib/gcc/arm-none-eabi/9.2.1/../../../arm-none-eabi/lib/thumb/v6-m/nofp/libc.a(lib_a-fini.o)
                              /usr/lib/gcc/arm-none-eabi/9.2.1/../../../arm-none-eabi/lib/thumb/v6-m/nofp/crt0.o (__libc_fini_array)
/usr/lib/gcc/arm-none-eabi/9.2.1/../../../arm-none-eabi/lib/thumb/v6-m/nofp/libc.a(lib_a-impure.o)
                              /usr/lib/gcc/arm-none-eabi/9.2.1/../../../arm-none-eabi/lib/thumb/v6-m/nofp/libc.a(lib_a-calloc.o) (_impure_ptr)
/usr/lib/gcc/arm-none-eabi/9.2.1/../../../arm-none-eabi/lib/thumb/v6-m/nofp/libc.a(lib_a-init.o)
                              /usr/lib/gcc/arm-none-eabi/9.2.1/../../../arm-none-eabi/lib/thumb/v6-m/nofp/crt0.o (__libc_init_array)
/usr/lib/gcc/arm-none-eabi/9.2.1/../../../arm-none-eabi/lib/thumb/v6-m/nofp/libc.a(lib_a-malloc.o)
                              CMakeFiles/pico41.dir/tree/downloaded_tools/pico/pico-sdk/src/rp2_common/pico_malloc/pico_malloc.c.obj (malloc)
/usr/lib/gcc/arm-none-eabi/9.2.1/../../../arm-none-eabi/lib/thumb/v6-m/nofp/libc.a(lib_a-mallocr.o)
                              /usr/lib/gcc/arm-none-eabi/9.2.1/../../../arm-none-eabi/lib/thumb/v6-m/nofp/libc.a(lib_a-callocr.o) (_malloc_r)
/usr/lib/gcc/arm-none-eabi/9.2.1/../../../arm-none-eabi/lib/thumb/v6-m/nofp/libc.a(lib_a-mlock.o)
                              /usr/lib/gcc/arm-none-eabi/9.2.1/../../../arm-none-eabi/lib/thumb/v6-m/nofp/libc.a(lib_a-mallocr.o) (__malloc_lock)
/usr/lib/gcc/arm-none-eabi/9.2.1/../../../arm-none-eabi/lib/thumb/v6-m/nofp/libc.a(lib_a-realloc.o)
                              CMakeFiles/pico41.dir/tree/downloaded_tools/pico/pico-sdk/src/rp2_common/pico_malloc/pico_malloc.c.obj (realloc)
/usr/lib/gcc/arm-none-eabi/9.2.1/../../../arm-none-eabi/lib/thumb/v6-m/nofp/libc.a(lib_a-reallocr.o)
                              /usr/lib/gcc/arm-none-eabi/9.2.1/../../../arm-none-eabi/lib/thumb/v6-m/nofp/libc.a(lib_a-realloc.o) (_realloc_r)
/usr/lib/gcc/arm-none-eabi/9.2.1/../../../arm-none-eabi/lib/thumb/v6-m/nofp/libc.a(lib_a-sbrkr.o)
                              /usr/lib/gcc/arm-none-eabi/9.2.1/../../../arm-none-eabi/lib/thumb/v6-m/nofp/libc.a(lib_a-mallocr.o) (_sbrk_r)
/usr/lib/gcc/arm-none-eabi/9.2.1/../../../arm-none-eabi/lib/thumb/v6-m/nofp/libc.a(lib_a-strcmp.o)
                              CMakeFiles/pico41.dir/pico41.c.obj (strcmp)
/usr/lib/gcc/arm-none-eabi/9.2.1/../../../arm-none-eabi/lib/thumb/v6-m/nofp/libc.a(lib_a-strlen-stub.o)
                              CMakeFiles/pico41.dir/pico41.c.obj (strlen)
/usr/lib/gcc/arm-none-eabi/9.2.1/../../../arm-none-eabi/lib/thumb/v6-m/nofp/libc.a(lib_a-strncmp.o)
                              CMakeFiles/pico41.dir/pico41.c.obj (strncmp)
/usr/lib/gcc/arm-none-eabi/9.2.1/../../../arm-none-eabi/lib/thumb/v6-m/nofp/libc.a(lib_a-__atexit.o)
                              /usr/lib/gcc/arm-none-eabi/9.2.1/../../../arm-none-eabi/lib/thumb/v6-m/nofp/libc.a(lib_a-atexit.o) (__register_exitproc)
/usr/lib/gcc/arm-none-eabi/9.2.1/../../../arm-none-eabi/lib/thumb/v6-m/nofp/libc.a(lib_a-freer.o)
                              /usr/lib/gcc/arm-none-eabi/9.2.1/../../../arm-none-eabi/lib/thumb/v6-m/nofp/libc.a(lib_a-malloc.o) (_free_r)
/usr/lib/gcc/arm-none-eabi/9.2.1/../../../arm-none-eabi/lib/thumb/v6-m/nofp/libc.a(lib_a-memmove.o)
                              /usr/lib/gcc/arm-none-eabi/9.2.1/../../../arm-none-eabi/lib/thumb/v6-m/nofp/libc.a(lib_a-reallocr.o) (memmove)
/usr/lib/gcc/arm-none-eabi/9.2.1/../../../arm-none-eabi/lib/thumb/v6-m/nofp/libc.a(lib_a-reent.o)
                              /usr/lib/gcc/arm-none-eabi/9.2.1/../../../arm-none-eabi/lib/thumb/v6-m/nofp/libc.a(lib_a-sbrkr.o) (errno)

Allocating common symbols
[...]
Memory Configuration

Name             Origin             Length             Attributes
FLASH            0x0000000010000000 0x0000000000200000 xr
RAM              0x0000000020000000 0x0000000000040000 xrw
SCRATCH_X        0x0000000020040000 0x0000000000001000 xrw
SCRATCH_Y        0x0000000020041000 0x0000000000001000 xrw
*default*        0x0000000000000000 0xffffffffffffffff

Linker script and memory map

LOAD /usr/lib/gcc/arm-none-eabi/9.2.1/thumb/v6-m/nofp/crti.o
LOAD /usr/lib/gcc/arm-none-eabi/9.2.1/thumb/v6-m/nofp/crtbegin.o
LOAD /usr/lib/gcc/arm-none-eabi/9.2.1/../../../arm-none-eabi/lib/thumb/v6-m/nofp/crt0.o

.flash_begin    0x0000000010000000        0x0
                0x0000000010000000                __flash_binary_start = .

.boot2          0x0000000010000000      0x100
                0x0000000010000000                __boot2_start__ = .
 *(.boot2)
 .boot2         0x0000000010000000      0x100 /tmp/ccvvYEdp.o
                0x0000000010000100                __boot2_end__ = .
                0x0000000000000001                ASSERT (((__boot2_end__ - __boot2_start__) == 0x100), ERROR: Pico second stage bootloader must be 256 bytes in size)

.flashtext      0x0000000010000100      0x1e0
                0x0000000010000100                __logical_binary_start = .
 *(.vectors)
 .vectors       0x0000000010000100       0xd4 CMakeFiles/pico41.dir/tree/downloaded_tools/pico/pico-sdk/src/rp2_common/pico_standard_link/crt0.S.obj
                0x0000000010000100                __vectors
                0x0000000010000100                __VECTOR_TABLE
                0x00000000100001c0                isr_invalid
                0x00000000100001c0                __default_isrs_start
                0x00000000100001c2                isr_nmi
                0x00000000100001c4                isr_hardfault
                0x00000000100001c6                isr_svcall
                0x00000000100001c8                isr_pendsv
                0x00000000100001ca                isr_systick
                0x00000000100001cc                isr_irq30
                0x00000000100001cc                __unhandled_user_irq
                0x00000000100001cc                isr_irq13
                0x00000000100001cc                isr_irq27
                0x00000000100001cc                isr_irq31
                0x00000000100001cc                isr_irq5
                0x00000000100001cc                isr_irq11
                0x00000000100001cc                isr_irq23
                0x00000000100001cc                isr_irq18
                0x00000000100001cc                isr_irq28
                0x00000000100001cc                isr_irq19
                0x00000000100001cc                isr_irq0
                0x00000000100001cc                isr_irq6
                0x00000000100001cc                isr_irq22
                0x00000000100001cc                isr_irq17
                0x00000000100001cc                isr_irq14
                0x00000000100001cc                isr_irq2
                0x00000000100001cc                isr_irq10
                0x00000000100001cc                isr_irq8
                0x00000000100001cc                isr_irq24
                0x00000000100001cc                isr_irq1
                0x00000000100001cc                isr_irq7
                0x00000000100001cc                isr_irq21
                0x00000000100001cc                isr_irq20
                0x00000000100001cc                isr_irq15
                0x00000000100001cc                isr_irq25
                0x00000000100001cc                isr_irq4
                0x00000000100001cc                isr_irq16
                0x00000000100001cc                isr_irq29
                0x00000000100001cc                isr_irq26
                0x00000000100001cc                __default_isrs_end
                0x00000000100001cc                isr_irq3
                0x00000000100001cc                isr_irq12
                0x00000000100001cc                isr_irq9
                0x00000000100001d2                unhandled_user_irq_num_in_r0
 *(.binary_info_header)
 .binary_info_header
                0x00000000100001d4       0x14 CMakeFiles/pico41.dir/tree/downloaded_tools/pico/pico-sdk/src/rp2_common/pico_standard_link/crt0.S.obj
                0x00000000100001e8                __binary_info_header_end = .
 *(.reset)
 .reset         0x00000000100001e8       0xb4 CMakeFiles/pico41.dir/tree/downloaded_tools/pico/pico-sdk/src/rp2_common/pico_standard_link/crt0.S.obj
                0x00000000100001e8                _entry_point
                0x0000000010000272                __get_current_exception
 *fill*         0x000000001000029c        0x4 
 .reset.__stub  0x00000000100002a0       0x10 linker stubs
 .reset         0x00000000100002b0       0x30 CMakeFiles/pico41.dir/tree/downloaded_tools/pico/pico-sdk/src/rp2_common/pico_standard_link/binary_info.c.obj

.rodata         0x00000000100002e0        0x0
 *(SORT_BY_ALIGNMENT(SORT_BY_NAME(.flashdata*)))
                0x00000000100002e0                . = ALIGN (0x4)

.ARM.extab
 *(.ARM.extab* .gnu.linkonce.armextab.*)
                0x00000000100002e0                __exidx_start = .

.ARM.exidx
 *(.ARM.exidx* .gnu.linkonce.armexidx.*)
                0x00000000100002e0                __exidx_end = .
                0x00000000100002e0                . = ALIGN (0x4)
                0x00000000100002e0                __binary_info_start = .

.binary_info    0x00000000100002e0       0x20
 *(.binary_info.keep.*)
 .binary_info.keep.__bi_ptr22
                0x00000000100002e0        0x4 CMakeFiles/pico41.dir/tree/downloaded_tools/pico/pico-sdk/src/rp2_common/pico_standard_link/binary_info.c.obj
 .binary_info.keep.__bi_ptr30
                0x00000000100002e4        0x4 CMakeFiles/pico41.dir/tree/downloaded_tools/pico/pico-sdk/src/rp2_common/pico_standard_link/binary_info.c.obj
 .binary_info.keep.__bi_ptr38
                0x00000000100002e8        0x4 CMakeFiles/pico41.dir/tree/downloaded_tools/pico/pico-sdk/src/rp2_common/pico_standard_link/binary_info.c.obj
 .binary_info.keep.__bi_ptr44
                0x00000000100002ec        0x4 CMakeFiles/pico41.dir/tree/downloaded_tools/pico/pico-sdk/src/rp2_common/pico_standard_link/binary_info.c.obj
 .binary_info.keep.__bi_ptr50
                0x00000000100002f0        0x4 CMakeFiles/pico41.dir/tree/downloaded_tools/pico/pico-sdk/src/rp2_common/pico_standard_link/binary_info.c.obj
 .binary_info.keep.__bi_ptr75
                0x00000000100002f4        0x4 CMakeFiles/pico41.dir/tree/downloaded_tools/pico/pico-sdk/src/rp2_common/pico_standard_link/binary_info.c.obj
 .binary_info.keep.__bi_ptr81
                0x00000000100002f8        0x4 CMakeFiles/pico41.dir/tree/downloaded_tools/pico/pico-sdk/src/rp2_common/pico_standard_link/binary_info.c.obj
 *(.binary_info.*)
 .binary_info.__bi_ptr118
                0x00000000100002fc        0x4 CMakeFiles/pico41.dir/tree/downloaded_tools/pico/pico-sdk/src/rp2_common/pico_stdio_usb/stdio_usb.c.obj
                0x0000000010000300                __binary_info_end = .
                0x0000000010000300                . = ALIGN (0x4)

.ram_vector_table
                0x0000000020000000       0xc0
 *(.ram_vector_table)
 .ram_vector_table
                0x0000000020000000       0xc0 CMakeFiles/pico41.dir/tree/downloaded_tools/pico/pico-sdk/src/rp2_common/pico_runtime/runtime.c.obj
                0x0000000020000000                ram_vector_table

.text           0x00000000200000c0     0x9cf8 load address 0x0000000010000300
                0x00000000200000c0                __ram_text_start__ = .
 *(.init)
 .init          0x00000000200000c0        0x4 /usr/lib/gcc/arm-none-eabi/9.2.1/thumb/v6-m/nofp/crti.o
                0x00000000200000c0                _init
 *(.text*)
 .text          0x00000000200000c4       0x98 /usr/lib/gcc/arm-none-eabi/9.2.1/thumb/v6-m/nofp/crtbegin.o
 .text.capture_bus_fragment
                0x000000002000015c       0xf8 CMakeFiles/pico41.dir/pico41.c.obj
                0x000000002000015c                capture_bus_fragment
 .text.kb_uninhibit
                0x0000000020000254        0xc CMakeFiles/pico41.dir/pico41.c.obj
                0x0000000020000254                kb_uninhibit
 .text.kb_active
                0x0000000020000260       0x18 CMakeFiles/pico41.dir/pico41.c.obj
                0x0000000020000260                kb_active
 .text.capture_bus_fragment_on_c1
                0x0000000020000278        0xc CMakeFiles/pico41.dir/pico41.c.obj
                0x0000000020000278                capture_bus_fragment_on_c1
 .text.core1_main_3
                0x0000000020000284      0x2ec CMakeFiles/pico41.dir/pico41.c.obj
                0x0000000020000284                core1_main_3
 .text.display_bus_states
                0x0000000020000570       0x3c CMakeFiles/pico41.dir/pico41.c.obj
                0x0000000020000570                display_bus_states
 .text.arith_test
                0x00000000200005ac       0x14 CMakeFiles/pico41.dir/pico41.c.obj
                0x00000000200005ac                arith_test
 .text.isa_drive
                0x00000000200005c0       0x3c CMakeFiles/pico41.dir/pico41.c.obj
                0x00000000200005c0                isa_drive
 .text.display_captured_bus_fragment
                0x00000000200005fc       0x84 CMakeFiles/pico41.dir/pico41.c.obj
                0x00000000200005fc                display_captured_bus_fragment
 .text.capture_bus_transactions
                0x0000000020000680      0x15c CMakeFiles/pico41.dir/pico41.c.obj
                0x0000000020000680                capture_bus_transactions
 .text.serial_help
                0x00000000200007dc       0x2c CMakeFiles/pico41.dir/pico41.c.obj
                0x00000000200007dc                serial_help
 .text.kb_setrow
                0x0000000020000808       0x84 CMakeFiles/pico41.dir/pico41.c.obj
                0x0000000020000808                kb_setrow
 .text.kb_setcol
                0x000000002000088c       0x88 CMakeFiles/pico41.dir/pico41.c.obj
                0x000000002000088c                kb_setcol
 .text.i2c_send_byte.constprop.0
                0x0000000020000914       0xa0 CMakeFiles/pico41.dir/pico41.c.obj
 .text.i2c_send_byte.constprop.1
                0x00000000200009b4       0xa0 CMakeFiles/pico41.dir/pico41.c.obj
 .text.kb_inhibit
                0x0000000020000a54        0xc CMakeFiles/pico41.dir/pico41.c.obj
                0x0000000020000a54                kb_inhibit
 .text.oled_send_cmd.constprop.5
                0x0000000020000a60       0x68 CMakeFiles/pico41.dir/pico41.c.obj
 .text.oled_display_string
                0x0000000020000ac8       0xe8 CMakeFiles/pico41.dir/pico41.c.obj
                0x0000000020000ac8                oled_display_string
 .text.dump_dregs.part.0
                0x0000000020000bb0      0x1a8 CMakeFiles/pico41.dir/pico41.c.obj
 .text.oled_clear_display
                0x0000000020000d58       0xfc CMakeFiles/pico41.dir/pico41.c.obj
                0x0000000020000d58                oled_clear_display
 .text.oled_setup
                0x0000000020000e54       0xa8 CMakeFiles/pico41.dir/pico41.c.obj
                0x0000000020000e54                oled_setup
 .text.kb_init  0x0000000020000efc       0x50 CMakeFiles/pico41.dir/pico41.c.obj
                0x0000000020000efc                kb_init
 .text.drv_init
                0x0000000020000f4c       0x50 CMakeFiles/pico41.dir/pico41.c.obj
                0x0000000020000f4c                drv_init
 .text.bus_init
                0x0000000020000f9c       0x44 CMakeFiles/pico41.dir/pico41.c.obj
                0x0000000020000f9c                bus_init
 .text.press_key
                0x0000000020000fe0      0x23c CMakeFiles/pico41.dir/pico41.c.obj
                0x0000000020000fe0                press_key
 .text.press_pi
                0x000000002000121c       0x7c CMakeFiles/pico41.dir/pico41.c.obj
                0x000000002000121c                press_pi
 .text.press_byte_grabber
                0x0000000020001298       0x18 CMakeFiles/pico41.dir/pico41.c.obj
                0x0000000020001298                press_byte_grabber
 .text.press_keys
                0x00000000200012b0      0x5b0 CMakeFiles/pico41.dir/pico41.c.obj
                0x00000000200012b0                press_keys
 .text.press_embedded
                0x0000000020001860      0x4ec CMakeFiles/pico41.dir/pico41.c.obj
                0x0000000020001860                press_embedded
 .text.check_prog
                0x0000000020001d4c      0x560 CMakeFiles/pico41.dir/pico41.c.obj
                0x0000000020001d4c                check_prog
 .text.serial_loop
                0x00000000200022ac       0x7c CMakeFiles/pico41.dir/pico41.c.obj
                0x00000000200022ac                serial_loop
 .text.startup.main
                0x0000000020002328      0x588 CMakeFiles/pico41.dir/pico41.c.obj
                0x0000000020002328                main
 .text.set_sys_clock_pll
                0x00000000200028b0       0x78 CMakeFiles/pico41.dir/tree/downloaded_tools/pico/pico-sdk/src/rp2_common/pico_stdlib/stdlib.c.obj
                0x00000000200028b0                set_sys_clock_pll
 .text.check_sys_clock_khz
                0x0000000020002928      0x16c CMakeFiles/pico41.dir/tree/downloaded_tools/pico/pico-sdk/src/rp2_common/pico_stdlib/stdlib.c.obj
                0x0000000020002928                check_sys_clock_khz
 .text.gpio_init
                0x0000000020002a94       0x3c CMakeFiles/pico41.dir/tree/downloaded_tools/pico/pico-sdk/src/rp2_common/hardware_gpio/gpio.c.obj
                0x0000000020002a94                gpio_init
 .text.hw_claim_or_assert
                0x0000000020002ad0       0x48 CMakeFiles/pico41.dir/tree/downloaded_tools/pico/pico-sdk/src/rp2_common/hardware_claim/claim.c.obj
                0x0000000020002ad0                hw_claim_or_assert
 .text.hw_claim_unused_from_range
                0x0000000020002b18       0x9c CMakeFiles/pico41.dir/tree/downloaded_tools/pico/pico-sdk/src/rp2_common/hardware_claim/claim.c.obj
                0x0000000020002b18                hw_claim_unused_from_range
 .text.running_on_fpga
                0x0000000020002bb4       0x10 CMakeFiles/pico41.dir/tree/downloaded_tools/pico/pico-sdk/src/rp2_common/pico_platform/platform.c.obj
                0x0000000020002bb4                running_on_fpga
 .text.spin_locks_reset
                0x0000000020002bc4       0x1c CMakeFiles/pico41.dir/tree/downloaded_tools/pico/pico-sdk/src/rp2_common/hardware_sync/sync.c.obj
                0x0000000020002bc4                spin_locks_reset
 .text.next_striped_spin_lock_num
                0x0000000020002be0       0x18 CMakeFiles/pico41.dir/tree/downloaded_tools/pico/pico-sdk/src/rp2_common/hardware_sync/sync.c.obj
                0x0000000020002be0                next_striped_spin_lock_num
 .text.spin_lock_claim_unused
                0x0000000020002bf8       0x20 CMakeFiles/pico41.dir/tree/downloaded_tools/pico/pico-sdk/src/rp2_common/hardware_sync/sync.c.obj
                0x0000000020002bf8                spin_lock_claim_unused
 .text.irq_set_enabled
                0x0000000020002c18       0x24 CMakeFiles/pico41.dir/tree/downloaded_tools/pico/pico-sdk/src/rp2_common/hardware_irq/irq.c.obj
                0x0000000020002c18                irq_set_enabled
 .text.irq_is_enabled
                0x0000000020002c3c       0x18 CMakeFiles/pico41.dir/tree/downloaded_tools/pico/pico-sdk/src/rp2_common/hardware_irq/irq.c.obj
                0x0000000020002c3c                irq_is_enabled
 .text.irq_set_mask_enabled
                0x0000000020002c54       0x20 CMakeFiles/pico41.dir/tree/downloaded_tools/pico/pico-sdk/src/rp2_common/hardware_irq/irq.c.obj
                0x0000000020002c54                irq_set_mask_enabled
 .text.irq_set_pending
                0x0000000020002c74       0x10 CMakeFiles/pico41.dir/tree/downloaded_tools/pico/pico-sdk/src/rp2_common/hardware_irq/irq.c.obj
                0x0000000020002c74                irq_set_pending
 .text.irq_has_shared_handler
                0x0000000020002c84       0x2c CMakeFiles/pico41.dir/tree/downloaded_tools/pico/pico-sdk/src/rp2_common/hardware_irq/irq.c.obj
                0x0000000020002c84                irq_has_shared_handler
 .text.irq_get_vtable_handler
                0x0000000020002cb0       0x10 CMakeFiles/pico41.dir/tree/downloaded_tools/pico/pico-sdk/src/rp2_common/hardware_irq/irq.c.obj
                0x0000000020002cb0                irq_get_vtable_handler
 .text.irq_set_exclusive_handler
                0x0000000020002cc0       0x54 CMakeFiles/pico41.dir/tree/downloaded_tools/pico/pico-sdk/src/rp2_common/hardware_irq/irq.c.obj
                0x0000000020002cc0                irq_set_exclusive_handler
 .text.irq_add_shared_handler
                0x0000000020002d14      0x1c0 CMakeFiles/pico41.dir/tree/downloaded_tools/pico/pico-sdk/src/rp2_common/hardware_irq/irq.c.obj
                0x0000000020002d14                irq_add_shared_handler
 .text.irq_remove_handler
                0x0000000020002ed4      0x1b4 CMakeFiles/pico41.dir/tree/downloaded_tools/pico/pico-sdk/src/rp2_common/hardware_irq/irq.c.obj
                0x0000000020002ed4                irq_remove_handler
 .text.irq_add_tail_to_free_list
                0x0000000020003088       0xb8 CMakeFiles/pico41.dir/tree/downloaded_tools/pico/pico-sdk/src/rp2_common/hardware_irq/irq.c.obj
                0x0000000020003088                irq_add_tail_to_free_list
 .text.irq_init_priorities
                0x0000000020003140       0x24 CMakeFiles/pico41.dir/tree/downloaded_tools/pico/pico-sdk/src/rp2_common/hardware_irq/irq.c.obj
                0x0000000020003140                irq_init_priorities
 .text.user_irq_claim_unused
                0x0000000020003164       0x30 CMakeFiles/pico41.dir/tree/downloaded_tools/pico/pico-sdk/src/rp2_common/hardware_irq/irq.c.obj
                0x0000000020003164                user_irq_claim_unused
 .text.lock_init
                0x0000000020003194       0x10 CMakeFiles/pico41.dir/tree/downloaded_tools/pico/pico-sdk/src/common/pico_sync/lock_core.c.obj
                0x0000000020003194                lock_init
 .text.timer_pool_entry_comparator
                0x00000000200031a4       0x34 CMakeFiles/pico41.dir/tree/downloaded_tools/pico/pico-sdk/src/common/pico_time/time.c.obj
                0x00000000200031a4                timer_pool_entry_comparator
 .text.sleep_until_callback
                0x00000000200031d8       0x30 CMakeFiles/pico41.dir/tree/downloaded_tools/pico/pico-sdk/src/common/pico_time/time.c.obj
 .text.alarm_pool_add_alarm_at.constprop.0
                0x0000000020003208      0x128 CMakeFiles/pico41.dir/tree/downloaded_tools/pico/pico-sdk/src/common/pico_time/time.c.obj
 .text.add_alarm_under_lock
                0x0000000020003330      0x108 CMakeFiles/pico41.dir/tree/downloaded_tools/pico/pico-sdk/src/common/pico_time/time.c.obj
 .text.alarm_pool_alarm_callback
                0x0000000020003438      0x1c8 CMakeFiles/pico41.dir/tree/downloaded_tools/pico/pico-sdk/src/common/pico_time/time.c.obj
 .text.alarm_pool_init_default
                0x0000000020003600       0x64 CMakeFiles/pico41.dir/tree/downloaded_tools/pico/pico-sdk/src/common/pico_time/time.c.obj
                0x0000000020003600                alarm_pool_init_default
 .text.alarm_pool_get_default
                0x0000000020003664        0x8 CMakeFiles/pico41.dir/tree/downloaded_tools/pico/pico-sdk/src/common/pico_time/time.c.obj
                0x0000000020003664                alarm_pool_get_default
 .text.alarm_pool_add_alarm_at
                0x000000002000366c      0x1ac CMakeFiles/pico41.dir/tree/downloaded_tools/pico/pico-sdk/src/common/pico_time/time.c.obj
                0x000000002000366c                alarm_pool_add_alarm_at
 .text.sleep_until
                0x0000000020003818       0xac CMakeFiles/pico41.dir/tree/downloaded_tools/pico/pico-sdk/src/common/pico_time/time.c.obj
                0x0000000020003818                sleep_until
 .text.sleep_us
                0x00000000200038c4       0x30 CMakeFiles/pico41.dir/tree/downloaded_tools/pico/pico-sdk/src/common/pico_time/time.c.obj
                0x00000000200038c4                sleep_us
 .text.sleep_ms
                0x00000000200038f4       0x38 CMakeFiles/pico41.dir/tree/downloaded_tools/pico/pico-sdk/src/common/pico_time/time.c.obj
                0x00000000200038f4                sleep_ms
 .text.best_effort_wfe_or_timeout
                0x000000002000392c       0xd4 CMakeFiles/pico41.dir/tree/downloaded_tools/pico/pico-sdk/src/common/pico_time/time.c.obj
                0x000000002000392c                best_effort_wfe_or_timeout
 .text.hardware_alarm_irq_handler
                0x0000000020003a00       0xb8 CMakeFiles/pico41.dir/tree/downloaded_tools/pico/pico-sdk/src/rp2_common/hardware_timer/timer.c.obj
 .text.hardware_alarm_claim
                0x0000000020003ab8       0x18 CMakeFiles/pico41.dir/tree/downloaded_tools/pico/pico-sdk/src/rp2_common/hardware_timer/timer.c.obj
                0x0000000020003ab8                hardware_alarm_claim
 .text.time_us_64
                0x0000000020003ad0       0x14 CMakeFiles/pico41.dir/tree/downloaded_tools/pico/pico-sdk/src/rp2_common/hardware_timer/timer.c.obj
                0x0000000020003ad0                time_us_64
 .text.busy_wait_us
                0x0000000020003ae4       0x54 CMakeFiles/pico41.dir/tree/downloaded_tools/pico/pico-sdk/src/rp2_common/hardware_timer/timer.c.obj
                0x0000000020003ae4                busy_wait_us
 .text.busy_wait_until
                0x0000000020003b38       0x20 CMakeFiles/pico41.dir/tree/downloaded_tools/pico/pico-sdk/src/rp2_common/hardware_timer/timer.c.obj
                0x0000000020003b38                busy_wait_until
 .text.hardware_alarm_set_callback
                0x0000000020003b58       0x8c CMakeFiles/pico41.dir/tree/downloaded_tools/pico/pico-sdk/src/rp2_common/hardware_timer/timer.c.obj
                0x0000000020003b58                hardware_alarm_set_callback
 .text.hardware_alarm_set_target
                0x0000000020003be4       0xe4 CMakeFiles/pico41.dir/tree/downloaded_tools/pico/pico-sdk/src/rp2_common/hardware_timer/timer.c.obj
                0x0000000020003be4                hardware_alarm_set_target
 .text.hardware_alarm_cancel
                0x0000000020003cc8       0x40 CMakeFiles/pico41.dir/tree/downloaded_tools/pico/pico-sdk/src/rp2_common/hardware_timer/timer.c.obj
                0x0000000020003cc8                hardware_alarm_cancel
 .text.ph_merge_nodes
                0x0000000020003d08       0x68 CMakeFiles/pico41.dir/tree/downloaded_tools/pico/pico-sdk/src/common/pico_util/pheap.c.obj
 .text.ph_post_alloc_init
                0x0000000020003d70       0x3c CMakeFiles/pico41.dir/tree/downloaded_tools/pico/pico-sdk/src/common/pico_util/pheap.c.obj
                0x0000000020003d70                ph_post_alloc_init
 .text.ph_merge_two_pass
                0x0000000020003dac       0x90 CMakeFiles/pico41.dir/tree/downloaded_tools/pico/pico-sdk/src/common/pico_util/pheap.c.obj
                0x0000000020003dac                ph_merge_two_pass
 .text.ph_remove_any_head
                0x0000000020003e3c       0xf8 CMakeFiles/pico41.dir/tree/downloaded_tools/pico/pico-sdk/src/common/pico_util/pheap.c.obj
 .text.ph_remove_head
                0x0000000020003f34      0x13c CMakeFiles/pico41.dir/tree/downloaded_tools/pico/pico-sdk/src/common/pico_util/pheap.c.obj
                0x0000000020003f34                ph_remove_head
 .text.ph_remove_and_free_node
                0x0000000020004070       0x7c CMakeFiles/pico41.dir/tree/downloaded_tools/pico/pico-sdk/src/common/pico_util/pheap.c.obj
                0x0000000020004070                ph_remove_and_free_node
 .text.mutex_init
                0x00000000200040ec       0x1c CMakeFiles/pico41.dir/tree/downloaded_tools/pico/pico-sdk/src/common/pico_sync/mutex.c.obj
                0x00000000200040ec                mutex_init
 .text.recursive_mutex_init
                0x0000000020004108       0x1c CMakeFiles/pico41.dir/tree/downloaded_tools/pico/pico-sdk/src/common/pico_sync/mutex.c.obj
                0x0000000020004108                recursive_mutex_init
 .text.critical_section_init
                0x0000000020004124       0x1c CMakeFiles/pico41.dir/tree/downloaded_tools/pico/pico-sdk/src/common/pico_sync/critical_section.c.obj
                0x0000000020004124                critical_section_init
 .text.runtime_init
                0x0000000020004140       0xf0 CMakeFiles/pico41.dir/tree/downloaded_tools/pico/pico-sdk/src/rp2_common/pico_runtime/runtime.c.obj
                0x0000000020004140                runtime_init
 .text.exit     0x0000000020004230        0x4 CMakeFiles/pico41.dir/tree/downloaded_tools/pico/pico-sdk/src/rp2_common/pico_runtime/runtime.c.obj
                0x0000000020004230                exit
 .text.panic    0x0000000020004234       0x30 CMakeFiles/pico41.dir/tree/downloaded_tools/pico/pico-sdk/src/rp2_common/pico_runtime/runtime.c.obj
                0x0000000020004234                panic
 .text.hard_assertion_failure
                0x0000000020004264        0xc CMakeFiles/pico41.dir/tree/downloaded_tools/pico/pico-sdk/src/rp2_common/pico_runtime/runtime.c.obj
                0x0000000020004264                hard_assertion_failure
 .text.clock_configure
                0x0000000020004270      0x114 CMakeFiles/pico41.dir/tree/downloaded_tools/pico/pico-sdk/src/rp2_common/hardware_clocks/clocks.c.obj
                0x0000000020004270                clock_configure
 .text.clocks_init
                0x0000000020004384      0x2bc CMakeFiles/pico41.dir/tree/downloaded_tools/pico/pico-sdk/src/rp2_common/hardware_clocks/clocks.c.obj
                0x0000000020004384                clocks_init
 .text.clock_get_hz
                0x0000000020004640        0xc CMakeFiles/pico41.dir/tree/downloaded_tools/pico/pico-sdk/src/rp2_common/hardware_clocks/clocks.c.obj
                0x0000000020004640                clock_get_hz
 .text.pll_init
                0x000000002000464c       0xa8 CMakeFiles/pico41.dir/tree/downloaded_tools/pico/pico-sdk/src/rp2_common/hardware_pll/pll.c.obj
                0x000000002000464c                pll_init
 .text.watchdog_start_tick
                0x00000000200046f4       0x10 CMakeFiles/pico41.dir/tree/downloaded_tools/pico/pico-sdk/src/rp2_common/hardware_watchdog/watchdog.c.obj
                0x00000000200046f4                watchdog_start_tick
 .text.watchdog_reboot
                0x0000000020004704       0x98 CMakeFiles/pico41.dir/tree/downloaded_tools/pico/pico-sdk/src/rp2_common/hardware_watchdog/watchdog.c.obj
                0x0000000020004704                watchdog_reboot
 .text.xosc_init
                0x000000002000479c       0x28 CMakeFiles/pico41.dir/tree/downloaded_tools/pico/pico-sdk/src/rp2_common/hardware_xosc/xosc.c.obj
                0x000000002000479c                xosc_init
 .text._out_null
                0x00000000200047c4        0x4 CMakeFiles/pico41.dir/tree/downloaded_tools/pico/pico-sdk/src/rp2_common/pico_printf/printf.c.obj
 .text._out_rev
                0x00000000200047c8       0xd0 CMakeFiles/pico41.dir/tree/downloaded_tools/pico/pico-sdk/src/rp2_common/pico_printf/printf.c.obj
 .text._ntoa_format
                0x0000000020004898      0x1d0 CMakeFiles/pico41.dir/tree/downloaded_tools/pico/pico-sdk/src/rp2_common/pico_printf/printf.c.obj
 .text._out_char
                0x0000000020004a68       0x10 CMakeFiles/pico41.dir/tree/downloaded_tools/pico/pico-sdk/src/rp2_common/pico_printf/printf.c.obj
 .text._out_fct
                0x0000000020004a78       0x10 CMakeFiles/pico41.dir/tree/downloaded_tools/pico/pico-sdk/src/rp2_common/pico_printf/printf.c.obj
 .text._etoa    0x0000000020004a88      0x478 CMakeFiles/pico41.dir/tree/downloaded_tools/pico/pico-sdk/src/rp2_common/pico_printf/printf.c.obj
 .text._ftoa    0x0000000020004f00      0x3e0 CMakeFiles/pico41.dir/tree/downloaded_tools/pico/pico-sdk/src/rp2_common/pico_printf/printf.c.obj
 .text._vsnprintf
                0x00000000200052e0      0xb08 CMakeFiles/pico41.dir/tree/downloaded_tools/pico/pico-sdk/src/rp2_common/pico_printf/printf.c.obj
 .text.vfctprintf
                0x0000000020005de8       0x20 CMakeFiles/pico41.dir/tree/downloaded_tools/pico/pico-sdk/src/rp2_common/pico_printf/printf.c.obj
                0x0000000020005de8                vfctprintf
 .text.weak_raw_vprintf
                0x0000000020005e08       0x30 CMakeFiles/pico41.dir/tree/downloaded_tools/pico/pico-sdk/src/rp2_common/pico_printf/printf.c.obj
                0x0000000020005e08                weak_raw_vprintf
 .text          0x0000000020005e38       0x10 CMakeFiles/pico41.dir/tree/downloaded_tools/pico/pico-sdk/src/rp2_common/pico_bit_ops/bit_ops_aeabi.S.obj
 .text.rom_func_lookup
                0x0000000020005e48       0x10 CMakeFiles/pico41.dir/tree/downloaded_tools/pico/pico-sdk/src/rp2_common/pico_bootrom/bootrom.c.obj
                0x0000000020005e48                rom_func_lookup
 .text.rom_data_lookup
                0x0000000020005e58       0x10 CMakeFiles/pico41.dir/tree/downloaded_tools/pico/pico-sdk/src/rp2_common/pico_bootrom/bootrom.c.obj
                0x0000000020005e58                rom_data_lookup
 .text.rom_funcs_lookup
                0x0000000020005e68       0x3c CMakeFiles/pico41.dir/tree/downloaded_tools/pico/pico-sdk/src/rp2_common/pico_bootrom/bootrom.c.obj
                0x0000000020005e68                rom_funcs_lookup
 .text.__wrap___aeabi_idiv
                0x0000000020005ea4       0x50 CMakeFiles/pico41.dir/tree/downloaded_tools/pico/pico-sdk/src/rp2_common/pico_divider/divider.S.obj
                0x0000000020005ea4                __wrap___aeabi_idivmod
                0x0000000020005ea4                divmod_s32s32
                0x0000000020005ea4                div_s32s32
                0x0000000020005ea4                __wrap___aeabi_idiv
                0x0000000020005eac                divmod_s32s32_unsafe
                0x0000000020005ed8                divmod_s32s32_savestate
 .text.__wrap___aeabi_uidiv
                0x0000000020005ef4       0x4c CMakeFiles/pico41.dir/tree/downloaded_tools/pico/pico-sdk/src/rp2_common/pico_divider/divider.S.obj
                0x0000000020005ef4                __wrap___aeabi_uidiv
                0x0000000020005ef4                __wrap___aeabi_uidivmod
                0x0000000020005ef4                div_u32u32
                0x0000000020005ef4                divmod_u32u32
                0x0000000020005efc                divmod_u32u32_unsafe
                0x0000000020005f24                divmod_u32u32_savestate
 .text.__wrap___aeabi_ldiv
                0x0000000020005f40      0x434 CMakeFiles/pico41.dir/tree/downloaded_tools/pico/pico-sdk/src/rp2_common/pico_divider/divider.S.obj
                0x0000000020005f40                div_s64s64
                0x0000000020005f40                divmod_s64s64
                0x0000000020005f40                __wrap___aeabi_ldivmod
                0x0000000020005f78                div_u64u64
                0x0000000020005f78                divmod_u64u64
                0x0000000020005f78                __wrap___aeabi_uldivmod
                0x0000000020005f88                divmod_u64u64_savestate
                0x0000000020005fb0                divmod_s64s64_unsafe
                0x0000000020006038                divmod_u64u64_unsafe
 .text.__wrap___aeabi_darithmetic
                0x0000000020006374       0x80 CMakeFiles/pico41.dir/tree/downloaded_tools/pico/pico-sdk/src/rp2_common/pico_double/double_aeabi.S.obj
                0x0000000020006374                __wrap___aeabi_drsub
                0x000000002000637a                __wrap___aeabi_dsub
                0x000000002000638c                __wrap___aeabi_dadd
                0x000000002000639e                __wrap___aeabi_ddiv
                0x00000000200063da                __wrap___aeabi_dmul
 .text.__wrap___aeabi_cdcmple
                0x00000000200063f4       0x6c CMakeFiles/pico41.dir/tree/downloaded_tools/pico/pico-sdk/src/rp2_common/pico_double/double_aeabi.S.obj
                0x00000000200063f4                __wrap___aeabi_cdrcmple
                0x0000000020006404                __wrap___aeabi_cdcmple
                0x0000000020006404                __wrap___aeabi_cdcmpeq
 .text.__wrap___aeabi_dcmplt
                0x0000000020006460        0xc CMakeFiles/pico41.dir/tree/downloaded_tools/pico/pico-sdk/src/rp2_common/pico_double/double_aeabi.S.obj
                0x0000000020006460                __wrap___aeabi_dcmplt
 .text.__wrap___aeabi_dcmple
                0x000000002000646c       0x10 CMakeFiles/pico41.dir/tree/downloaded_tools/pico/pico-sdk/src/rp2_common/pico_double/double_aeabi.S.obj
                0x000000002000646c                __wrap___aeabi_dcmple
 .text.__wrap___aeabi_dcmpge
                0x000000002000647c       0x10 CMakeFiles/pico41.dir/tree/downloaded_tools/pico/pico-sdk/src/rp2_common/pico_double/double_aeabi.S.obj
                0x000000002000647c                __wrap___aeabi_dcmpge
 .text.__wrap___aeabi_dcmpgt
                0x000000002000648c        0xa CMakeFiles/pico41.dir/tree/downloaded_tools/pico/pico-sdk/src/rp2_common/pico_double/double_aeabi.S.obj
                0x000000002000648c                __wrap___aeabi_dcmpgt
 .text.__wrap___aeabi_dcmpun
                0x0000000020006496       0x1c CMakeFiles/pico41.dir/tree/downloaded_tools/pico/pico-sdk/src/rp2_common/pico_double/double_aeabi.S.obj
                0x0000000020006496                __wrap___aeabi_dcmpun
 *fill*         0x00000000200064b2        0x2 
 .text.__wrap___aeabi_i2d
                0x00000000200064b4       0x38 CMakeFiles/pico41.dir/tree/downloaded_tools/pico/pico-sdk/src/rp2_common/pico_double/double_aeabi.S.obj
                0x00000000200064b4                __wrap___aeabi_ui2d
                0x00000000200064bc                __wrap___aeabi_i2d
 .text.__wrap___aeabi_d2iz
                0x00000000200064ec       0x48 CMakeFiles/pico41.dir/tree/downloaded_tools/pico/pico-sdk/src/rp2_common/pico_double/double_aeabi.S.obj
                0x00000000200064ec                __wrap___aeabi_d2iz
                0x00000000200064ec                double2int_z
 .text.__wrap___aeabi_d2uiz
                0x0000000020006534       0x18 CMakeFiles/pico41.dir/tree/downloaded_tools/pico/pico-sdk/src/rp2_common/pico_double/double_aeabi.S.obj
                0x0000000020006534                double2uint
                0x0000000020006534                __wrap___aeabi_d2uiz
 .text.__aeabi_double_init
                0x000000002000654c       0xc0 CMakeFiles/pico41.dir/tree/downloaded_tools/pico/pico-sdk/src/rp2_common/pico_double/double_init_rom.c.obj
                0x000000002000654c                __aeabi_double_init
 .text.double_table_shim_on_use_helper
                0x000000002000660c       0x2c CMakeFiles/pico41.dir/tree/downloaded_tools/pico/pico-sdk/src/rp2_common/pico_double/double_v1_rom_shim.S.obj
                0x000000002000660c                double_table_shim_on_use_helper
 .text.__wrap___aeabi_dsub
                0x0000000020006638       0x10 CMakeFiles/pico41.dir/tree/downloaded_tools/pico/pico-sdk/src/rp2_common/pico_double/double_v1_rom_shim.S.obj
                0x0000000020006638                drsub_shim
                0x000000002000663e                dsub_shim
 .text.dadd_shim
                0x0000000020006648      0x15c CMakeFiles/pico41.dir/tree/downloaded_tools/pico/pico-sdk/src/rp2_common/pico_double/double_v1_rom_shim.S.obj
                0x0000000020006648                dadd_shim
 .text.dmul_shim
                0x00000000200067a4      0x15c CMakeFiles/pico41.dir/tree/downloaded_tools/pico/pico-sdk/src/rp2_common/pico_double/double_v1_rom_shim.S.obj
                0x00000000200067a4                dmul_shim
 .text.ddiv_shim
                0x0000000020006900      0x1b0 CMakeFiles/pico41.dir/tree/downloaded_tools/pico/pico-sdk/src/rp2_common/pico_double/double_v1_rom_shim.S.obj
                0x0000000020006900                ddiv_shim
 .text.double2uint_shim
                0x0000000020006ab0        0xe CMakeFiles/pico41.dir/tree/downloaded_tools/pico/pico-sdk/src/rp2_common/pico_double/double_v1_rom_shim.S.obj
                0x0000000020006ab0                double2uint_shim
                0x0000000020006ab2                double2ufix_shim
 *fill*         0x0000000020006abe        0x2 
 .text.double2uint64_shim
                0x0000000020006ac0       0x70 CMakeFiles/pico41.dir/tree/downloaded_tools/pico/pico-sdk/src/rp2_common/pico_double/double_v1_rom_shim.S.obj
                0x0000000020006ac0                double2uint64_shim
                0x0000000020006ac2                double2ufix64_shim
                0x0000000020006ae2                d2fix_a
 .text.dunpacks
                0x0000000020006b30       0x3c CMakeFiles/pico41.dir/tree/downloaded_tools/pico/pico-sdk/src/rp2_common/pico_double/double_v1_rom_shim.S.obj
                0x0000000020006b30                dunpacks
 .text.__aeabi_lmul
                0x0000000020006b6c       0x32 CMakeFiles/pico41.dir/tree/downloaded_tools/pico/pico-sdk/src/rp2_common/pico_int64_ops/pico_int64_ops_aeabi.S.obj
                0x0000000020006b6c                __wrap___aeabi_lmul
 *fill*         0x0000000020006b9e        0x2 
 .text.__aeabi_float_init
                0x0000000020006ba0       0x64 CMakeFiles/pico41.dir/tree/downloaded_tools/pico/pico-sdk/src/rp2_common/pico_float/float_init_rom.c.obj
                0x0000000020006ba0                __aeabi_float_init
 .text.float_table_shim_on_use_helper
                0x0000000020006c04       0x2c CMakeFiles/pico41.dir/tree/downloaded_tools/pico/pico-sdk/src/rp2_common/pico_float/float_v1_rom_shim.S.obj
                0x0000000020006c04                float_table_shim_on_use_helper
 .text          0x0000000020006c30       0x10 CMakeFiles/pico41.dir/tree/downloaded_tools/pico/pico-sdk/src/rp2_common/pico_mem_ops/mem_ops_aeabi.S.obj
                0x0000000020006c30                __aeabi_mem_init
 .text.memset   0x0000000020006c40        0xc CMakeFiles/pico41.dir/tree/downloaded_tools/pico/pico-sdk/src/rp2_common/pico_mem_ops/mem_ops_aeabi.S.obj
                0x0000000020006c40                __wrap_memset
 .text.memcpy   0x0000000020006c4c        0xc CMakeFiles/pico41.dir/tree/downloaded_tools/pico/pico-sdk/src/rp2_common/pico_mem_ops/mem_ops_aeabi.S.obj
                0x0000000020006c4c                __wrap___aeabi_memcpy
                0x0000000020006c4c                __wrap_memcpy
 .text.stdio_out_chars_no_crlf
                0x0000000020006c58       0x10 CMakeFiles/pico41.dir/tree/downloaded_tools/pico/pico-sdk/src/rp2_common/pico_stdio/stdio.c.obj
 .text.stdio_out_chars_crlf
                0x0000000020006c68       0x94 CMakeFiles/pico41.dir/tree/downloaded_tools/pico/pico-sdk/src/rp2_common/pico_stdio/stdio.c.obj
 .text.stdio_buffered_printer
                0x0000000020006cfc       0x64 CMakeFiles/pico41.dir/tree/downloaded_tools/pico/pico-sdk/src/rp2_common/pico_stdio/stdio.c.obj
 .text.stdio_put_string
                0x0000000020006d60      0x100 CMakeFiles/pico41.dir/tree/downloaded_tools/pico/pico-sdk/src/rp2_common/pico_stdio/stdio.c.obj
 .text.__wrap_putchar
                0x0000000020006e60       0xa4 CMakeFiles/pico41.dir/tree/downloaded_tools/pico/pico-sdk/src/rp2_common/pico_stdio/stdio.c.obj
                0x0000000020006e60                __wrap_putchar
 .text.__wrap_puts
                0x0000000020006f04       0x3c CMakeFiles/pico41.dir/tree/downloaded_tools/pico/pico-sdk/src/rp2_common/pico_stdio/stdio.c.obj
                0x0000000020006f04                __wrap_puts
 .text.stdio_set_driver_enabled
                0x0000000020006f40       0x30 CMakeFiles/pico41.dir/tree/downloaded_tools/pico/pico-sdk/src/rp2_common/pico_stdio/stdio.c.obj
                0x0000000020006f40                stdio_set_driver_enabled
 .text.stdio_flush
                0x0000000020006f70       0x28 CMakeFiles/pico41.dir/tree/downloaded_tools/pico/pico-sdk/src/rp2_common/pico_stdio/stdio.c.obj
                0x0000000020006f70                stdio_flush
 .text.__wrap_vprintf
                0x0000000020006f98       0xd8 CMakeFiles/pico41.dir/tree/downloaded_tools/pico/pico-sdk/src/rp2_common/pico_stdio/stdio.c.obj
                0x0000000020006f98                __wrap_vprintf
 .text.__wrap_printf
                0x0000000020007070       0x18 CMakeFiles/pico41.dir/tree/downloaded_tools/pico/pico-sdk/src/rp2_common/pico_stdio/stdio.c.obj
                0x0000000020007070                __wrap_printf
 .text.stdio_init_all
                0x0000000020007088        0x8 CMakeFiles/pico41.dir/tree/downloaded_tools/pico/pico-sdk/src/rp2_common/pico_stdio/stdio.c.obj
                0x0000000020007088                stdio_init_all
 .text.getchar_timeout_us
                0x0000000020007090       0xa4 CMakeFiles/pico41.dir/tree/downloaded_tools/pico/pico-sdk/src/rp2_common/pico_stdio/stdio.c.obj
                0x0000000020007090                getchar_timeout_us
 .text.resetd_init
                0x0000000020007134        0x4 CMakeFiles/pico41.dir/tree/downloaded_tools/pico/pico-sdk/src/rp2_common/pico_stdio_usb/reset_interface.c.obj
 .text.resetd_reset
                0x0000000020007138        0xc CMakeFiles/pico41.dir/tree/downloaded_tools/pico/pico-sdk/src/rp2_common/pico_stdio_usb/reset_interface.c.obj
 .text.resetd_open
                0x0000000020007144       0x28 CMakeFiles/pico41.dir/tree/downloaded_tools/pico/pico-sdk/src/rp2_common/pico_stdio_usb/reset_interface.c.obj
 .text.resetd_xfer_cb
                0x000000002000716c        0x4 CMakeFiles/pico41.dir/tree/downloaded_tools/pico/pico-sdk/src/rp2_common/pico_stdio_usb/reset_interface.c.obj
 .text.resetd_control_xfer_cb
                0x0000000020007170       0x64 CMakeFiles/pico41.dir/tree/downloaded_tools/pico/pico-sdk/src/rp2_common/pico_stdio_usb/reset_interface.c.obj
 .text.usbd_app_driver_get_cb
                0x00000000200071d4        0xc CMakeFiles/pico41.dir/tree/downloaded_tools/pico/pico-sdk/src/rp2_common/pico_stdio_usb/reset_interface.c.obj
                0x00000000200071d4                usbd_app_driver_get_cb
 .text.tud_cdc_line_coding_cb
                0x00000000200071e0       0x34 CMakeFiles/pico41.dir/tree/downloaded_tools/pico/pico-sdk/src/rp2_common/pico_stdio_usb/reset_interface.c.obj
                0x00000000200071e0                tud_cdc_line_coding_cb
 .text.stdio_usb_in_chars
                0x0000000020007214       0x68 CMakeFiles/pico41.dir/tree/downloaded_tools/pico/pico-sdk/src/rp2_common/pico_stdio_usb/stdio_usb.c.obj
                0x0000000020007214                stdio_usb_in_chars
 .text.stdio_usb_out_chars
                0x000000002000727c       0xec CMakeFiles/pico41.dir/tree/downloaded_tools/pico/pico-sdk/src/rp2_common/pico_stdio_usb/stdio_usb.c.obj
 .text.timer_task
                0x0000000020007368       0x18 CMakeFiles/pico41.dir/tree/downloaded_tools/pico/pico-sdk/src/rp2_common/pico_stdio_usb/stdio_usb.c.obj
 .text.usb_irq  0x0000000020007380       0x10 CMakeFiles/pico41.dir/tree/downloaded_tools/pico/pico-sdk/src/rp2_common/pico_stdio_usb/stdio_usb.c.obj
 .text.low_priority_worker_irq
                0x0000000020007390       0x24 CMakeFiles/pico41.dir/tree/downloaded_tools/pico/pico-sdk/src/rp2_common/pico_stdio_usb/stdio_usb.c.obj
 .text.stdio_usb_init
                0x00000000200073b4       0xb0 CMakeFiles/pico41.dir/tree/downloaded_tools/pico/pico-sdk/src/rp2_common/pico_stdio_usb/stdio_usb.c.obj
                0x00000000200073b4                stdio_usb_init
 .text.tud_descriptor_device_cb
                0x0000000020007464        0x8 CMakeFiles/pico41.dir/tree/downloaded_tools/pico/pico-sdk/src/rp2_common/pico_stdio_usb/stdio_usb_descriptors.c.obj
                0x0000000020007464                tud_descriptor_device_cb
 .text.tud_descriptor_configuration_cb
                0x000000002000746c        0x8 CMakeFiles/pico41.dir/tree/downloaded_tools/pico/pico-sdk/src/rp2_common/pico_stdio_usb/stdio_usb_descriptors.c.obj
                0x000000002000746c                tud_descriptor_configuration_cb
 .text.tud_descriptor_string_cb
                0x0000000020007474       0x70 CMakeFiles/pico41.dir/tree/downloaded_tools/pico/pico-sdk/src/rp2_common/pico_stdio_usb/stdio_usb_descriptors.c.obj
                0x0000000020007474                tud_descriptor_string_cb
 .text.dcd_rp2040_irq
                0x00000000200074e4      0x21c CMakeFiles/pico41.dir/tree/downloaded_tools/pico/pico-sdk/lib/tinyusb/src/portable/raspberrypi/rp2040/dcd_rp2040.c.obj
 .text.dcd_int_enable
                0x0000000020007700        0xc CMakeFiles/pico41.dir/tree/downloaded_tools/pico/pico-sdk/lib/tinyusb/src/portable/raspberrypi/rp2040/dcd_rp2040.c.obj
                0x0000000020007700                dcd_int_enable
 .text.dcd_set_address
                0x000000002000770c       0x14 CMakeFiles/pico41.dir/tree/downloaded_tools/pico/pico-sdk/lib/tinyusb/src/portable/raspberrypi/rp2040/dcd_rp2040.c.obj
                0x000000002000770c                dcd_set_address
 .text.dcd_connect
                0x0000000020007720       0x10 CMakeFiles/pico41.dir/tree/downloaded_tools/pico/pico-sdk/lib/tinyusb/src/portable/raspberrypi/rp2040/dcd_rp2040.c.obj
                0x0000000020007720                dcd_connect
 .text.dcd_init
                0x0000000020007730      0x148 CMakeFiles/pico41.dir/tree/downloaded_tools/pico/pico-sdk/lib/tinyusb/src/portable/raspberrypi/rp2040/dcd_rp2040.c.obj
                0x0000000020007730                dcd_init
 .text.dcd_edpt0_status_complete
                0x0000000020007878       0x1c CMakeFiles/pico41.dir/tree/downloaded_tools/pico/pico-sdk/lib/tinyusb/src/portable/raspberrypi/rp2040/dcd_rp2040.c.obj
                0x0000000020007878                dcd_edpt0_status_complete
 .text.dcd_edpt_open
                0x0000000020007894       0xf0 CMakeFiles/pico41.dir/tree/downloaded_tools/pico/pico-sdk/lib/tinyusb/src/portable/raspberrypi/rp2040/dcd_rp2040.c.obj
                0x0000000020007894                dcd_edpt_open
 .text.dcd_edpt_close_all
                0x0000000020007984       0xbc CMakeFiles/pico41.dir/tree/downloaded_tools/pico/pico-sdk/lib/tinyusb/src/portable/raspberrypi/rp2040/dcd_rp2040.c.obj
                0x0000000020007984                dcd_edpt_close_all
 .text.dcd_edpt_xfer
                0x0000000020007a40       0x24 CMakeFiles/pico41.dir/tree/downloaded_tools/pico/pico-sdk/lib/tinyusb/src/portable/raspberrypi/rp2040/dcd_rp2040.c.obj
                0x0000000020007a40                dcd_edpt_xfer
 .text.dcd_edpt_stall
                0x0000000020007a64       0x38 CMakeFiles/pico41.dir/tree/downloaded_tools/pico/pico-sdk/lib/tinyusb/src/portable/raspberrypi/rp2040/dcd_rp2040.c.obj
                0x0000000020007a64                dcd_edpt_stall
 .text.dcd_edpt_clear_stall
                0x0000000020007a9c       0x30 CMakeFiles/pico41.dir/tree/downloaded_tools/pico/pico-sdk/lib/tinyusb/src/portable/raspberrypi/rp2040/dcd_rp2040.c.obj
                0x0000000020007a9c                dcd_edpt_clear_stall
 .text._hw_endpoint_buffer_control_update32.part.0
                0x0000000020007acc       0x20 CMakeFiles/pico41.dir/tree/downloaded_tools/pico/pico-sdk/lib/tinyusb/src/portable/raspberrypi/rp2040/rp2040_usb.c.obj
 .text.rp2040_usb_init
                0x0000000020007aec       0x4c CMakeFiles/pico41.dir/tree/downloaded_tools/pico/pico-sdk/lib/tinyusb/src/portable/raspberrypi/rp2040/rp2040_usb.c.obj
                0x0000000020007aec                rp2040_usb_init
 .text.hw_endpoint_reset_transfer
                0x0000000020007b38        0xc CMakeFiles/pico41.dir/tree/downloaded_tools/pico/pico-sdk/lib/tinyusb/src/portable/raspberrypi/rp2040/rp2040_usb.c.obj
                0x0000000020007b38                hw_endpoint_reset_transfer
 .text._hw_endpoint_buffer_control_update32
                0x0000000020007b44       0x40 CMakeFiles/pico41.dir/tree/downloaded_tools/pico/pico-sdk/lib/tinyusb/src/portable/raspberrypi/rp2040/rp2040_usb.c.obj
                0x0000000020007b44                _hw_endpoint_buffer_control_update32
 .text.hw_endpoint_xfer_start
                0x0000000020007b84      0x138 CMakeFiles/pico41.dir/tree/downloaded_tools/pico/pico-sdk/lib/tinyusb/src/portable/raspberrypi/rp2040/rp2040_usb.c.obj
                0x0000000020007b84                hw_endpoint_xfer_start
 .text.hw_endpoint_xfer_continue
                0x0000000020007cbc      0x1e4 CMakeFiles/pico41.dir/tree/downloaded_tools/pico/pico-sdk/lib/tinyusb/src/portable/raspberrypi/rp2040/rp2040_usb.c.obj
                0x0000000020007cbc                hw_endpoint_xfer_continue
 .text.tud_mounted
                0x0000000020007ea0       0x10 CMakeFiles/pico41.dir/tree/downloaded_tools/pico/pico-sdk/lib/tinyusb/src/device/usbd.c.obj
                0x0000000020007ea0                tud_mounted
 .text.tud_suspended
                0x0000000020007eb0       0x10 CMakeFiles/pico41.dir/tree/downloaded_tools/pico/pico-sdk/lib/tinyusb/src/device/usbd.c.obj
                0x0000000020007eb0                tud_suspended
 .text.tud_inited
                0x0000000020007ec0        0xc CMakeFiles/pico41.dir/tree/downloaded_tools/pico/pico-sdk/lib/tinyusb/src/device/usbd.c.obj
                0x0000000020007ec0                tud_inited
 .text.tud_init
                0x0000000020007ecc       0xd8 CMakeFiles/pico41.dir/tree/downloaded_tools/pico/pico-sdk/lib/tinyusb/src/device/usbd.c.obj
                0x0000000020007ecc                tud_init
 .text.tud_task
                0x0000000020007fa4      0x8ec CMakeFiles/pico41.dir/tree/downloaded_tools/pico/pico-sdk/lib/tinyusb/src/device/usbd.c.obj
                0x0000000020007fa4                tud_task
 .text.dcd_event_bus_signal
                0x0000000020008890      0x120 CMakeFiles/pico41.dir/tree/downloaded_tools/pico/pico-sdk/lib/tinyusb/src/device/usbd.c.obj
                0x0000000020008890                dcd_event_bus_signal
 .text.dcd_event_bus_reset
                0x00000000200089b0       0x54 CMakeFiles/pico41.dir/tree/downloaded_tools/pico/pico-sdk/lib/tinyusb/src/device/usbd.c.obj
                0x00000000200089b0                dcd_event_bus_reset
 .text.dcd_event_setup_received
                0x0000000020008a04       0x50 CMakeFiles/pico41.dir/tree/downloaded_tools/pico/pico-sdk/lib/tinyusb/src/device/usbd.c.obj
                0x0000000020008a04                dcd_event_setup_received
 .text.dcd_event_xfer_complete
                0x0000000020008a54       0x68 CMakeFiles/pico41.dir/tree/downloaded_tools/pico/pico-sdk/lib/tinyusb/src/device/usbd.c.obj
                0x0000000020008a54                dcd_event_xfer_complete
 .text.usbd_open_edpt_pair
                0x0000000020008abc       0x80 CMakeFiles/pico41.dir/tree/downloaded_tools/pico/pico-sdk/lib/tinyusb/src/device/usbd.c.obj
                0x0000000020008abc                usbd_open_edpt_pair
 .text.usbd_edpt_open
                0x0000000020008b3c       0x30 CMakeFiles/pico41.dir/tree/downloaded_tools/pico/pico-sdk/lib/tinyusb/src/device/usbd.c.obj
                0x0000000020008b3c                usbd_edpt_open
 .text.usbd_edpt_claim
                0x0000000020008b6c       0x64 CMakeFiles/pico41.dir/tree/downloaded_tools/pico/pico-sdk/lib/tinyusb/src/device/usbd.c.obj
                0x0000000020008b6c                usbd_edpt_claim
 .text.usbd_edpt_release
                0x0000000020008bd0       0x4c CMakeFiles/pico41.dir/tree/downloaded_tools/pico/pico-sdk/lib/tinyusb/src/device/usbd.c.obj
                0x0000000020008bd0                usbd_edpt_release
 .text.usbd_edpt_xfer
                0x0000000020008c1c       0x48 CMakeFiles/pico41.dir/tree/downloaded_tools/pico/pico-sdk/lib/tinyusb/src/device/usbd.c.obj
                0x0000000020008c1c                usbd_edpt_xfer
 .text.tud_control_status
                0x0000000020008c64       0x30 CMakeFiles/pico41.dir/tree/downloaded_tools/pico/pico-sdk/lib/tinyusb/src/device/usbd_control.c.obj
                0x0000000020008c64                tud_control_status
 .text.tud_control_xfer
                0x0000000020008c94       0xb8 CMakeFiles/pico41.dir/tree/downloaded_tools/pico/pico-sdk/lib/tinyusb/src/device/usbd_control.c.obj
                0x0000000020008c94                tud_control_xfer
 .text.usbd_control_reset
                0x0000000020008d4c       0x14 CMakeFiles/pico41.dir/tree/downloaded_tools/pico/pico-sdk/lib/tinyusb/src/device/usbd_control.c.obj
                0x0000000020008d4c                usbd_control_reset
 .text.usbd_control_set_complete_callback
                0x0000000020008d60        0xc CMakeFiles/pico41.dir/tree/downloaded_tools/pico/pico-sdk/lib/tinyusb/src/device/usbd_control.c.obj
                0x0000000020008d60                usbd_control_set_complete_callback
 .text.usbd_control_set_request
                0x0000000020008d6c       0x1c CMakeFiles/pico41.dir/tree/downloaded_tools/pico/pico-sdk/lib/tinyusb/src/device/usbd_control.c.obj
                0x0000000020008d6c                usbd_control_set_request
 .text.usbd_control_xfer_cb
                0x0000000020008d88       0xf8 CMakeFiles/pico41.dir/tree/downloaded_tools/pico/pico-sdk/lib/tinyusb/src/device/usbd_control.c.obj
                0x0000000020008d88                usbd_control_xfer_cb
 .text.tud_cdc_n_connected
                0x0000000020008e80       0x30 CMakeFiles/pico41.dir/tree/downloaded_tools/pico/pico-sdk/lib/tinyusb/src/class/cdc/cdc_device.c.obj
                0x0000000020008e80                tud_cdc_n_connected
 .text.tud_cdc_n_available
                0x0000000020008eb0       0x18 CMakeFiles/pico41.dir/tree/downloaded_tools/pico/pico-sdk/lib/tinyusb/src/class/cdc/cdc_device.c.obj
                0x0000000020008eb0                tud_cdc_n_available
 .text.tud_cdc_n_read
                0x0000000020008ec8       0x70 CMakeFiles/pico41.dir/tree/downloaded_tools/pico/pico-sdk/lib/tinyusb/src/class/cdc/cdc_device.c.obj
                0x0000000020008ec8                tud_cdc_n_read
 .text.tud_cdc_n_write_flush
                0x0000000020008f38       0x78 CMakeFiles/pico41.dir/tree/downloaded_tools/pico/pico-sdk/lib/tinyusb/src/class/cdc/cdc_device.c.obj
                0x0000000020008f38                tud_cdc_n_write_flush
 .text.tud_cdc_n_write
                0x0000000020008fb0       0x34 CMakeFiles/pico41.dir/tree/downloaded_tools/pico/pico-sdk/lib/tinyusb/src/class/cdc/cdc_device.c.obj
                0x0000000020008fb0                tud_cdc_n_write
 .text.tud_cdc_n_write_available
                0x0000000020008fe4       0x18 CMakeFiles/pico41.dir/tree/downloaded_tools/pico/pico-sdk/lib/tinyusb/src/class/cdc/cdc_device.c.obj
                0x0000000020008fe4                tud_cdc_n_write_available
 .text.cdcd_init
                0x0000000020008ffc       0x7c CMakeFiles/pico41.dir/tree/downloaded_tools/pico/pico-sdk/lib/tinyusb/src/class/cdc/cdc_device.c.obj
                0x0000000020008ffc                cdcd_init
 .text.cdcd_reset
                0x0000000020009078       0x2c CMakeFiles/pico41.dir/tree/downloaded_tools/pico/pico-sdk/lib/tinyusb/src/class/cdc/cdc_device.c.obj
                0x0000000020009078                cdcd_reset
 .text.cdcd_open
                0x00000000200090a4       0xe4 CMakeFiles/pico41.dir/tree/downloaded_tools/pico/pico-sdk/lib/tinyusb/src/class/cdc/cdc_device.c.obj
                0x00000000200090a4                cdcd_open
 .text.cdcd_control_xfer_cb
                0x0000000020009188       0xe4 CMakeFiles/pico41.dir/tree/downloaded_tools/pico/pico-sdk/lib/tinyusb/src/class/cdc/cdc_device.c.obj
                0x0000000020009188                cdcd_control_xfer_cb
 .text.cdcd_xfer_cb
                0x000000002000926c      0x198 CMakeFiles/pico41.dir/tree/downloaded_tools/pico/pico-sdk/lib/tinyusb/src/class/cdc/cdc_device.c.obj
                0x000000002000926c                cdcd_xfer_cb
 .text.tusb_init
                0x0000000020009404        0xc CMakeFiles/pico41.dir/tree/downloaded_tools/pico/pico-sdk/lib/tinyusb/src/tusb.c.obj
                0x0000000020009404                tusb_init
 .text.tusb_inited
                0x0000000020009410        0x8 CMakeFiles/pico41.dir/tree/downloaded_tools/pico/pico-sdk/lib/tinyusb/src/tusb.c.obj
                0x0000000020009410                tusb_inited
 .text.tu_edpt_validate
                0x0000000020009418       0x78 CMakeFiles/pico41.dir/tree/downloaded_tools/pico/pico-sdk/lib/tinyusb/src/tusb.c.obj
                0x0000000020009418                tu_edpt_validate
 .text.tu_edpt_bind_driver
                0x0000000020009490       0x2c CMakeFiles/pico41.dir/tree/downloaded_tools/pico/pico-sdk/lib/tinyusb/src/tusb.c.obj
                0x0000000020009490                tu_edpt_bind_driver
 .text.tu_fifo_config
                0x00000000200094bc       0x78 CMakeFiles/pico41.dir/tree/downloaded_tools/pico/pico-sdk/lib/tinyusb/src/common/tusb_fifo.c.obj
                0x00000000200094bc                tu_fifo_config
 .text.tu_fifo_count
                0x0000000020009534       0x20 CMakeFiles/pico41.dir/tree/downloaded_tools/pico/pico-sdk/lib/tinyusb/src/common/tusb_fifo.c.obj
                0x0000000020009534                tu_fifo_count
 .text.tu_fifo_empty
                0x0000000020009554       0x10 CMakeFiles/pico41.dir/tree/downloaded_tools/pico/pico-sdk/lib/tinyusb/src/common/tusb_fifo.c.obj
                0x0000000020009554                tu_fifo_empty
 .text.tu_fifo_remaining
                0x0000000020009564       0x1c CMakeFiles/pico41.dir/tree/downloaded_tools/pico/pico-sdk/lib/tinyusb/src/common/tusb_fifo.c.obj
                0x0000000020009564                tu_fifo_remaining
 .text.tu_fifo_read
                0x0000000020009580       0x9c CMakeFiles/pico41.dir/tree/downloaded_tools/pico/pico-sdk/lib/tinyusb/src/common/tusb_fifo.c.obj
                0x0000000020009580                tu_fifo_read
 .text.tu_fifo_read_n
                0x000000002000961c      0x100 CMakeFiles/pico41.dir/tree/downloaded_tools/pico/pico-sdk/lib/tinyusb/src/common/tusb_fifo.c.obj
                0x000000002000961c                tu_fifo_read_n
 .text.tu_fifo_write
                0x000000002000971c       0x7c CMakeFiles/pico41.dir/tree/downloaded_tools/pico/pico-sdk/lib/tinyusb/src/common/tusb_fifo.c.obj
                0x000000002000971c                tu_fifo_write
 .text.tu_fifo_write_n
                0x0000000020009798       0xf8 CMakeFiles/pico41.dir/tree/downloaded_tools/pico/pico-sdk/lib/tinyusb/src/common/tusb_fifo.c.obj
                0x0000000020009798                tu_fifo_write_n
 .text.tu_fifo_clear
                0x0000000020009890       0x4c CMakeFiles/pico41.dir/tree/downloaded_tools/pico/pico-sdk/lib/tinyusb/src/common/tusb_fifo.c.obj
                0x0000000020009890                tu_fifo_clear
 .text.tu_fifo_set_overwritable
                0x00000000200098dc       0x3c CMakeFiles/pico41.dir/tree/downloaded_tools/pico/pico-sdk/lib/tinyusb/src/common/tusb_fifo.c.obj
                0x00000000200098dc                tu_fifo_set_overwritable
 .text.startup._retrieve_unique_id_on_boot
                0x0000000020009918       0x10 CMakeFiles/pico41.dir/tree/downloaded_tools/pico/pico-sdk/src/rp2_common/pico_unique_id/unique_id.c.obj
 .text.pico_get_unique_board_id_string
                0x0000000020009928      0x1bc CMakeFiles/pico41.dir/tree/downloaded_tools/pico/pico-sdk/src/rp2_common/pico_unique_id/unique_id.c.obj
                0x0000000020009928                pico_get_unique_board_id_string
 .text.flash_get_unique_id
                0x0000000020009ae4       0x40 CMakeFiles/pico41.dir/tree/downloaded_tools/pico/pico-sdk/src/rp2_common/hardware_flash/flash.c.obj
                0x0000000020009ae4                flash_get_unique_id
 .text.core1_trampoline
                0x0000000020009b24        0x4 CMakeFiles/pico41.dir/tree/downloaded_tools/pico/pico-sdk/src/rp2_common/pico_multicore/multicore.c.obj
 .text.core1_wrapper
                0x0000000020009b28        0xc CMakeFiles/pico41.dir/tree/downloaded_tools/pico/pico-sdk/src/rp2_common/pico_multicore/multicore.c.obj
                0x0000000020009b28                core1_wrapper
 .text.multicore_launch_core1_raw
                0x0000000020009b34       0x84 CMakeFiles/pico41.dir/tree/downloaded_tools/pico/pico-sdk/src/rp2_common/pico_multicore/multicore.c.obj
                0x0000000020009b34                multicore_launch_core1_raw
 .text.multicore_launch_core1
                0x0000000020009bb8       0x4c CMakeFiles/pico41.dir/tree/downloaded_tools/pico/pico-sdk/src/rp2_common/pico_multicore/multicore.c.obj
                0x0000000020009bb8                multicore_launch_core1
 .text          0x0000000020009c04        0x4 /usr/lib/gcc/arm-none-eabi/9.2.1/thumb/v6-m/nofp/libgcc.a(_dvmd_tls.o)
                0x0000000020009c04                __aeabi_ldiv0
                0x0000000020009c04                __aeabi_idiv0
 .text          0x0000000020009c08       0x18 /usr/lib/gcc/arm-none-eabi/9.2.1/thumb/v6-m/nofp/libgcc.a(_ashldi3.o)
                0x0000000020009c08                __ashldi3
                0x0000000020009c08                __aeabi_llsl
 .text          0x0000000020009c20       0x88 /usr/lib/gcc/arm-none-eabi/9.2.1/../../../arm-none-eabi/lib/thumb/v6-m/nofp/libc.a(lib_a-strcmp.o)
                0x0000000020009c20                strcmp
 .text          0x0000000020009ca8       0x68 /usr/lib/gcc/arm-none-eabi/9.2.1/../../../arm-none-eabi/lib/thumb/v6-m/nofp/libc.a(lib_a-strlen-stub.o)
                0x0000000020009ca8                strlen
 .text          0x0000000020009d10       0x94 /usr/lib/gcc/arm-none-eabi/9.2.1/../../../arm-none-eabi/lib/thumb/v6-m/nofp/libc.a(lib_a-strncmp.o)
                0x0000000020009d10                strncmp
 *(.fini)
 .fini          0x0000000020009da4        0x4 /usr/lib/gcc/arm-none-eabi/9.2.1/thumb/v6-m/nofp/crti.o
                0x0000000020009da4                _fini
 .fini.__stub   0x0000000020009da8       0x10 linker stubs
 *crtbegin.o(.ctors)
 *crtbegin?.o(.ctors)
 *(EXCLUDE_FILE(*crtend.o *crtend?.o) .ctors)
 *(SORT_BY_NAME(.ctors.*))
 *(.ctors)
 *crtbegin.o(.dtors)
 *crtbegin?.o(.dtors)
 *(EXCLUDE_FILE(*crtend.o *crtend?.o) .dtors)
 *(SORT_BY_NAME(.dtors.*))
 *(.dtors)
 *(.eh_frame*)
 .eh_frame      0x0000000020009db8        0x0 /usr/lib/gcc/arm-none-eabi/9.2.1/thumb/v6-m/nofp/crtbegin.o
                0x0000000020009db8                . = ALIGN (0x4)
                0x0000000020009db8                __ram_text_end__ = .
                0x0000000010000300                __ram_text_source__ = LOADADDR (.text)

.glue_7         0x0000000020009db8        0x0 load address 0x0000000010009ff8
 .glue_7        0x0000000020009db8        0x0 linker stubs

.glue_7t        0x0000000020009db8        0x0 load address 0x0000000010009ff8
 .glue_7t       0x0000000020009db8        0x0 linker stubs

.vfp11_veneer   0x0000000020009db8        0x0 load address 0x0000000010009ff8
 .vfp11_veneer  0x0000000020009db8        0x0 linker stubs

.v4_bx          0x0000000020009db8        0x0 load address 0x0000000010009ff8
 .v4_bx         0x0000000020009db8        0x0 linker stubs

.iplt           0x0000000020009db8        0x0 load address 0x0000000010009ff8
 .iplt          0x0000000020009db8        0x0 /usr/lib/gcc/arm-none-eabi/9.2.1/thumb/v6-m/nofp/crtbegin.o

.rel.dyn        0x0000000020009db8        0x0 load address 0x0000000010009ff8
 .rel.iplt      0x0000000020009db8        0x0 /usr/lib/gcc/arm-none-eabi/9.2.1/thumb/v6-m/nofp/crtbegin.o

.data           0x0000000020009dc0     0x6168 load address 0x0000000010009ff8
                0x0000000020009dc0                __data_start__ = .
 *(vtable)
 *(.time_critical*)
 .time_critical.mutex_enter_blocking
                0x0000000020009dc0       0x48 CMakeFiles/pico41.dir/tree/downloaded_tools/pico/pico-sdk/src/common/pico_sync/mutex.c.obj
                0x0000000020009dc0                mutex_enter_blocking
 .time_critical.mutex_try_enter
                0x0000000020009e08       0x48 CMakeFiles/pico41.dir/tree/downloaded_tools/pico/pico-sdk/src/common/pico_sync/mutex.c.obj
                0x0000000020009e08                mutex_try_enter
 .time_critical.mutex_enter_timeout_ms
                0x0000000020009e50       0x98 CMakeFiles/pico41.dir/tree/downloaded_tools/pico/pico-sdk/src/common/pico_sync/mutex.c.obj
                0x0000000020009e50                mutex_enter_timeout_ms
 .time_critical.mutex_exit
                0x0000000020009ee8       0x28 CMakeFiles/pico41.dir/tree/downloaded_tools/pico/pico-sdk/src/common/pico_sync/mutex.c.obj
                0x0000000020009ee8                mutex_exit
 .time_critical.flash_init_boot2_copyout
                0x0000000020009f10       0x30 CMakeFiles/pico41.dir/tree/downloaded_tools/pico/pico-sdk/src/rp2_common/hardware_flash/flash.c.obj
 .time_critical.flash_enable_xip_via_boot2
                0x0000000020009f40       0x10 CMakeFiles/pico41.dir/tree/downloaded_tools/pico/pico-sdk/src/rp2_common/hardware_flash/flash.c.obj
 .time_critical.flash_cs_force
                0x0000000020009f50       0x38 CMakeFiles/pico41.dir/tree/downloaded_tools/pico/pico-sdk/src/rp2_common/hardware_flash/flash.c.obj
 .time_critical.flash_do_cmd
                0x0000000020009f88       0xc4 CMakeFiles/pico41.dir/tree/downloaded_tools/pico/pico-sdk/src/rp2_common/hardware_flash/flash.c.obj
                0x0000000020009f88                flash_do_cmd
                0x000000002000a04c                . = ALIGN (0x4)
 *(.rodata*)
 .rodata.display_bus_states.str1.4
                0x000000002000a04c       0x29 CMakeFiles/pico41.dir/pico41.c.obj
 *fill*         0x000000002000a075        0x3 
 .rodata.arith_test.str1.4
                0x000000002000a078        0xc CMakeFiles/pico41.dir/pico41.c.obj
 .rodata.isa_drive.str1.4
                0x000000002000a084       0x60 CMakeFiles/pico41.dir/pico41.c.obj
 .rodata.display_captured_bus_fragment.str1.4
                0x000000002000a0e4       0x37 CMakeFiles/pico41.dir/pico41.c.obj
 *fill*         0x000000002000a11b        0x1 
 .rodata.capture_bus_transactions.str1.4
                0x000000002000a11c       0x3a CMakeFiles/pico41.dir/pico41.c.obj
 *fill*         0x000000002000a156        0x2 
 .rodata.serial_help.str1.4
                0x000000002000a158        0x8 CMakeFiles/pico41.dir/pico41.c.obj
 .rodata.kb_setrow.str1.4
                0x000000002000a160       0x10 CMakeFiles/pico41.dir/pico41.c.obj
 .rodata.kb_setcol.str1.4
                0x000000002000a170       0x10 CMakeFiles/pico41.dir/pico41.c.obj
 .rodata.oled_display_int.str1.4
                0x000000002000a180        0x6 CMakeFiles/pico41.dir/pico41.c.obj
 *fill*         0x000000002000a186        0x2 
 .rodata.dump_dregs.part.0.str1.4
                0x000000002000a188        0x6 CMakeFiles/pico41.dir/pico41.c.obj
 *fill*         0x000000002000a18e        0x2 
 .rodata.press_key.str1.4
                0x000000002000a190       0x38 CMakeFiles/pico41.dir/pico41.c.obj
 .rodata.press_pi.str1.4
                0x000000002000a1c8        0x2 CMakeFiles/pico41.dir/pico41.c.obj
                                         0x1e (size before relaxing)
 *fill*         0x000000002000a1ca        0x2 
 .rodata.press_keys.str1.4
                0x000000002000a1cc       0x27 CMakeFiles/pico41.dir/pico41.c.obj
 *fill*         0x000000002000a1f3        0x1 
 .rodata.check_prog.str1.4
                0x000000002000a1f4       0x4a CMakeFiles/pico41.dir/pico41.c.obj
 *fill*         0x000000002000a23e        0x2 
 .rodata.serial_loop.str1.4
                0x000000002000a240        0x3 CMakeFiles/pico41.dir/pico41.c.obj
 *fill*         0x000000002000a243        0x1 
 .rodata.main.str1.4
                0x000000002000a244       0xb2 CMakeFiles/pico41.dir/pico41.c.obj
 *fill*         0x000000002000a2f6        0x2 
 .rodata.str1.4
                0x000000002000a2f8      0x6f7 CMakeFiles/pico41.dir/pico41.c.obj
                                        0x72f (size before relaxing)
 *fill*         0x000000002000a9ef        0x1 
 .rodata.spin_lock_claim_unused.str1.4
                0x000000002000a9f0       0x1b CMakeFiles/pico41.dir/tree/downloaded_tools/pico/pico-sdk/src/rp2_common/hardware_sync/sync.c.obj
 *fill*         0x000000002000aa0b        0x1 
 .rodata.user_irq_claim_unused.str1.4
                0x000000002000aa0c       0x1b CMakeFiles/pico41.dir/tree/downloaded_tools/pico/pico-sdk/src/rp2_common/hardware_irq/irq.c.obj
 *fill*         0x000000002000aa27        0x1 
 .rodata.hardware_alarm_claim.str1.4
                0x000000002000aa28       0x22 CMakeFiles/pico41.dir/tree/downloaded_tools/pico/pico-sdk/src/rp2_common/hardware_timer/timer.c.obj
 *fill*         0x000000002000aa4a        0x2 
 .rodata.panic.str1.4
                0x000000002000aa4c       0x10 CMakeFiles/pico41.dir/tree/downloaded_tools/pico/pico-sdk/src/rp2_common/pico_runtime/runtime.c.obj
                                         0x12 (size before relaxing)
 .rodata.hard_assertion_failure.str1.4
                0x000000002000aa5c        0xc CMakeFiles/pico41.dir/tree/downloaded_tools/pico/pico-sdk/src/rp2_common/pico_runtime/runtime.c.obj
 .rodata._ftoa.str1.4
                0x000000002000aa68       0x15 CMakeFiles/pico41.dir/tree/downloaded_tools/pico/pico-sdk/src/rp2_common/pico_printf/printf.c.obj
 *fill*         0x000000002000aa7d        0x3 
 .rodata._vsnprintf
                0x000000002000aa80      0x1e0 CMakeFiles/pico41.dir/tree/downloaded_tools/pico/pico-sdk/src/rp2_common/pico_printf/printf.c.obj
 .rodata.pow10.5444
                0x000000002000ac60       0x50 CMakeFiles/pico41.dir/tree/downloaded_tools/pico/pico-sdk/src/rp2_common/pico_printf/printf.c.obj
 .rodata.str1.4
                0x000000002000acb0       0x3c CMakeFiles/pico41.dir/tree/downloaded_tools/pico/pico-sdk/src/rp2_common/pico_standard_link/binary_info.c.obj
 .rodata.__bi_44
                0x000000002000acec        0xc CMakeFiles/pico41.dir/tree/downloaded_tools/pico/pico-sdk/src/rp2_common/pico_standard_link/binary_info.c.obj
 .rodata.__bi_75
                0x000000002000acf8        0xc CMakeFiles/pico41.dir/tree/downloaded_tools/pico/pico-sdk/src/rp2_common/pico_standard_link/binary_info.c.obj
 .rodata.__bi_81
                0x000000002000ad04        0xc CMakeFiles/pico41.dir/tree/downloaded_tools/pico/pico-sdk/src/rp2_common/pico_standard_link/binary_info.c.obj
 .rodata.crlf_str.5913
                0x000000002000ad10        0x2 CMakeFiles/pico41.dir/tree/downloaded_tools/pico/pico-sdk/src/rp2_common/pico_stdio/stdio.c.obj
 *fill*         0x000000002000ad12        0x2 
 .rodata._resetd_driver
                0x000000002000ad14       0x18 CMakeFiles/pico41.dir/tree/downloaded_tools/pico/pico-sdk/src/rp2_common/pico_stdio_usb/reset_interface.c.obj
 .rodata.str1.4
                0x000000002000ad2c       0x13 CMakeFiles/pico41.dir/tree/downloaded_tools/pico/pico-sdk/src/rp2_common/pico_stdio_usb/stdio_usb.c.obj
 *fill*         0x000000002000ad3f        0x1 
 .rodata.__bi_118.7207
                0x000000002000ad40        0xc CMakeFiles/pico41.dir/tree/downloaded_tools/pico/pico-sdk/src/rp2_common/pico_stdio_usb/stdio_usb.c.obj
 .rodata.str1.4
                0x000000002000ad4c       0x2a CMakeFiles/pico41.dir/tree/downloaded_tools/pico/pico-sdk/src/rp2_common/pico_stdio_usb/stdio_usb_descriptors.c.obj
 *fill*         0x000000002000ad76        0x2 
 .rodata.usbd_desc_cfg
                0x000000002000ad78       0x54 CMakeFiles/pico41.dir/tree/downloaded_tools/pico/pico-sdk/src/rp2_common/pico_stdio_usb/stdio_usb_descriptors.c.obj
 .rodata.usbd_desc_device
                0x000000002000adcc       0x12 CMakeFiles/pico41.dir/tree/downloaded_tools/pico/pico-sdk/src/rp2_common/pico_stdio_usb/stdio_usb_descriptors.c.obj
 *fill*         0x000000002000adde        0x2 
 .rodata.usbd_desc_str
                0x000000002000ade0       0x18 CMakeFiles/pico41.dir/tree/downloaded_tools/pico/pico-sdk/src/rp2_common/pico_stdio_usb/stdio_usb_descriptors.c.obj
 .rodata.dcd_rp2040_irq.str1.4
                0x000000002000adf8       0x14 CMakeFiles/pico41.dir/tree/downloaded_tools/pico/pico-sdk/lib/tinyusb/src/portable/raspberrypi/rp2040/dcd_rp2040.c.obj
 .rodata._hw_endpoint_buffer_control_update32.part.0.str1.4
                0x000000002000ae0c       0x1f CMakeFiles/pico41.dir/tree/downloaded_tools/pico/pico-sdk/lib/tinyusb/src/portable/raspberrypi/rp2040/rp2040_usb.c.obj
 *fill*         0x000000002000ae2b        0x1 
 .rodata.hw_endpoint_xfer_continue.str1.4
                0x000000002000ae2c       0x29 CMakeFiles/pico41.dir/tree/downloaded_tools/pico/pico-sdk/lib/tinyusb/src/portable/raspberrypi/rp2040/rp2040_usb.c.obj
 *fill*         0x000000002000ae55        0x3 
 .rodata.str1.4
                0x000000002000ae58        0x7 CMakeFiles/pico41.dir/tree/downloaded_tools/pico/pico-sdk/lib/tinyusb/src/portable/raspberrypi/rp2040/rp2040_usb.c.obj
 *fill*         0x000000002000ae5f        0x1 
 .rodata.tud_task
                0x000000002000ae60       0x8c CMakeFiles/pico41.dir/tree/downloaded_tools/pico/pico-sdk/lib/tinyusb/src/device/usbd.c.obj
 .rodata._usbd_driver
                0x000000002000aeec       0x18 CMakeFiles/pico41.dir/tree/downloaded_tools/pico/pico-sdk/lib/tinyusb/src/device/usbd.c.obj
 .rodata        0x000000002000af04      0x101 /usr/lib/gcc/arm-none-eabi/9.2.1/../../../arm-none-eabi/lib/thumb/v6-m/nofp/libc.a(lib_a-ctype_.o)
                0x000000002000af04                _ctype_
                0x000000002000b008                . = ALIGN (0x4)
 *fill*         0x000000002000b005        0x3 
 *(.data*)
 .data.byte_grabber_keys
                0x000000002000b008       0x70 CMakeFiles/pico41.dir/pico41.c.obj
                0x000000002000b008                byte_grabber_keys
 .data.embed_keys
                0x000000002000b078      0x574 CMakeFiles/pico41.dir/pico41.c.obj
                0x000000002000b078                embed_keys
 .data.embed_prog
                0x000000002000b5ec      0x200 CMakeFiles/pico41.dir/pico41.c.obj
                0x000000002000b5ec                embed_prog
 .data.embed_rom
                0x000000002000b7ec     0x4000 CMakeFiles/pico41.dir/pico41.c.obj
                0x000000002000b7ec                embed_rom
 .data.font_5x7_letters
                0x000000002000f7ec      0x1e0 CMakeFiles/pico41.dir/pico41.c.obj
                0x000000002000f7ec                font_5x7_letters
 .data.i2c_bus_0
                0x000000002000f9cc        0x4 CMakeFiles/pico41.dir/pico41.c.obj
                0x000000002000f9cc                i2c_bus_0
 .data.init_seq2
                0x000000002000f9d0       0x1e CMakeFiles/pico41.dir/pico41.c.obj
                0x000000002000f9d0                init_seq2
 *fill*         0x000000002000f9ee        0x2 
 .data.key_def  0x000000002000f9f0      0x348 CMakeFiles/pico41.dir/pico41.c.obj
                0x000000002000f9f0                key_def
 .data.oled0    0x000000002000fd38        0x8 CMakeFiles/pico41.dir/pico41.c.obj
                0x000000002000fd38                oled0
 .data.serial_cmds
                0x000000002000fd40       0xe4 CMakeFiles/pico41.dir/pico41.c.obj
                0x000000002000fd40                serial_cmds
 .data.striped_spin_lock_num
                0x000000002000fe24        0x1 CMakeFiles/pico41.dir/tree/downloaded_tools/pico/pico-sdk/src/rp2_common/hardware_sync/sync.c.obj
 *fill*         0x000000002000fe25        0x3 
 .data          0x000000002000fe28       0x48 CMakeFiles/pico41.dir/tree/downloaded_tools/pico/pico-sdk/src/rp2_common/hardware_irq/irq_handler_chain.S.obj
                0x000000002000fe28                irq_handler_chain_slots
                0x000000002000fe58                irq_handler_chain_first_slot
                0x000000002000fe62                irq_handler_chain_remove_tail
 .data.default_alarm_pool
                0x000000002000fe70       0x18 CMakeFiles/pico41.dir/tree/downloaded_tools/pico/pico-sdk/src/common/pico_time/time.c.obj
 .data.default_alarm_pool_heap
                0x000000002000fe88       0x10 CMakeFiles/pico41.dir/tree/downloaded_tools/pico/pico-sdk/src/common/pico_time/time.c.obj
 *fill*         0x000000002000fe98        0x8 
 .data.aeabi_bits_funcs
                0x000000002000fea0       0x10 CMakeFiles/pico41.dir/tree/downloaded_tools/pico/pico-sdk/src/rp2_common/pico_bit_ops/bit_ops_aeabi.S.obj
                0x000000002000fea0                aeabi_bits_funcs
                0x000000002000feb0                aeabi_bits_funcs_end
 .data.aeabi_mem_funcs
                0x000000002000feb0       0x10 CMakeFiles/pico41.dir/tree/downloaded_tools/pico/pico-sdk/src/rp2_common/pico_mem_ops/mem_ops_aeabi.S.obj
                0x000000002000feb0                aeabi_mem_funcs
                0x000000002000fec0                aeabi_mem_funcs_end
 .data.stdio_usb
                0x000000002000fec0       0x14 CMakeFiles/pico41.dir/tree/downloaded_tools/pico/pico-sdk/src/rp2_common/pico_stdio_usb/stdio_usb.c.obj
                0x000000002000fec0                stdio_usb
 .data.ep_dir_string
                0x000000002000fed4        0x8 CMakeFiles/pico41.dir/tree/downloaded_tools/pico/pico-sdk/lib/tinyusb/src/portable/raspberrypi/rp2040/rp2040_usb.c.obj
                0x000000002000fed4                ep_dir_string
 .data._usbd_qdef
                0x000000002000fedc       0x24 CMakeFiles/pico41.dir/tree/downloaded_tools/pico/pico-sdk/lib/tinyusb/src/device/usbd.c.obj
                0x000000002000fedc                _usbd_qdef
                0x000000002000ff00                . = ALIGN (0x4)
 *(.after_data.*)
                0x000000002000ff00                . = ALIGN (0x4)
                0x000000002000ff00                PROVIDE (__mutex_array_start = .)
 *(SORT_BY_NAME(.mutex_array.*))
 *(.mutex_array)
 .mutex_array   0x000000002000ff00        0x8 CMakeFiles/pico41.dir/tree/downloaded_tools/pico/pico-sdk/src/rp2_common/pico_malloc/pico_malloc.c.obj
 .mutex_array   0x000000002000ff08        0x8 CMakeFiles/pico41.dir/tree/downloaded_tools/pico/pico-sdk/src/rp2_common/pico_stdio/stdio.c.obj
                0x000000002000ff10                PROVIDE (__mutex_array_end = .)
                0x000000002000ff10                . = ALIGN (0x4)
                0x000000002000ff10                PROVIDE (__preinit_array_start = .)
 *(SORT_BY_NAME(.preinit_array.*))
 .preinit_array.00001
                0x000000002000ff10        0x4 CMakeFiles/pico41.dir/tree/downloaded_tools/pico/pico-sdk/src/rp2_common/pico_mem_ops/mem_ops_aeabi.S.obj
 .preinit_array.00010
                0x000000002000ff14        0x4 CMakeFiles/pico41.dir/tree/downloaded_tools/pico/pico-sdk/src/rp2_common/pico_bit_ops/bit_ops_aeabi.S.obj
 .preinit_array.00020
                0x000000002000ff18        0x4 CMakeFiles/pico41.dir/tree/downloaded_tools/pico/pico-sdk/src/rp2_common/pico_double/double_aeabi.S.obj
 .preinit_array.00020
                0x000000002000ff1c        0x4 CMakeFiles/pico41.dir/tree/downloaded_tools/pico/pico-sdk/src/rp2_common/pico_float/float_aeabi.S.obj
 *(.preinit_array)
                0x000000002000ff20                PROVIDE (__preinit_array_end = .)
                0x000000002000ff20                . = ALIGN (0x4)
                0x000000002000ff20                PROVIDE (__init_array_start = .)
 *(SORT_BY_NAME(.init_array.*))
 *(.init_array)
 .init_array    0x000000002000ff20        0x4 /usr/lib/gcc/arm-none-eabi/9.2.1/thumb/v6-m/nofp/crtbegin.o
 .init_array    0x000000002000ff24        0x4 CMakeFiles/pico41.dir/tree/downloaded_tools/pico/pico-sdk/src/rp2_common/pico_unique_id/unique_id.c.obj
                0x000000002000ff28                PROVIDE (__init_array_end = .)
                0x000000002000ff28                . = ALIGN (0x4)
                0x000000002000ff28                PROVIDE (__fini_array_start = .)
 *(SORT_BY_NAME(.fini_array.*))
 *(.fini_array)
                0x000000002000ff28                PROVIDE (__fini_array_end = .)
 *(.jcr)
                0x000000002000ff28                . = ALIGN (0x4)
                0x000000002000ff28                __data_end__ = .
                0x0000000010009ff8                __etext = LOADADDR (.data)

.tm_clone_table
                0x000000002000ff28        0x0 load address 0x0000000010010160
 .tm_clone_table
                0x000000002000ff28        0x0 /usr/lib/gcc/arm-none-eabi/9.2.1/thumb/v6-m/nofp/crtbegin.o
 .tm_clone_table
                0x000000002000ff28        0x0 /usr/lib/gcc/arm-none-eabi/9.2.1/thumb/v6-m/nofp/crtend.o

.igot.plt       0x000000002000ff28        0x0 load address 0x0000000010010160
 .igot.plt      0x000000002000ff28        0x0 /usr/lib/gcc/arm-none-eabi/9.2.1/thumb/v6-m/nofp/crtbegin.o

.uninitialized_data
                0x000000002000ff28        0x0 load address 0x0000000010010160
                0x000000002000ff28                . = ALIGN (0x4)
 *(.uninitialized_data*)

.scratch_x      0x0000000020040000        0x0 load address 0x0000000010010160
                0x0000000020040000                __scratch_x_start__ = .
 *(.scratch_x.*)
                0x0000000020040000                . = ALIGN (0x4)
                0x0000000020040000                __scratch_x_end__ = .
                0x0000000010010160                __scratch_x_source__ = LOADADDR (.scratch_x)

.scratch_y      0x0000000020041000        0x0 load address 0x0000000010010160
                0x0000000020041000                __scratch_y_start__ = .
 *(.scratch_y.*)
                0x0000000020041000                . = ALIGN (0x4)
                0x0000000020041000                __scratch_y_end__ = .
                0x0000000010010160                __scratch_y_source__ = LOADADDR (.scratch_y)

.bss            0x000000002000ff28    0x29ab8
                0x000000002000ff28                . = ALIGN (0x4)
                0x000000002000ff28                __bss_start__ = .
 *(SORT_BY_ALIGNMENT(SORT_BY_NAME(.bss*)))
 .bss.data56    0x000000002000ff28        0x8 CMakeFiles/pico41.dir/pico41.c.obj
                0x000000002000ff28                data56
 .bss.default_alarm_pool_entries
                0x000000002000ff30      0x100 CMakeFiles/pico41.dir/tree/downloaded_tools/pico/pico-sdk/src/common/pico_time/time.c.obj
 .bss.dreg_a    0x0000000020010030        0x8 CMakeFiles/pico41.dir/pico41.c.obj
                0x0000000020010030                dreg_a
 .bss.dreg_b    0x0000000020010038        0x8 CMakeFiles/pico41.dir/pico41.c.obj
                0x0000000020010038                dreg_b
 .bss.last_avail_time.7186
                0x0000000020010040        0x8 CMakeFiles/pico41.dir/tree/downloaded_tools/pico/pico-sdk/src/rp2_common/pico_stdio_usb/stdio_usb.c.obj
 .bss           0x0000000020010048       0x1c /usr/lib/gcc/arm-none-eabi/9.2.1/thumb/v6-m/nofp/crtbegin.o
 .bss._app_driver
                0x0000000020010064        0x4 CMakeFiles/pico41.dir/tree/downloaded_tools/pico/pico-sdk/lib/tinyusb/src/device/usbd.c.obj
 .bss._cdcd_itf
                0x0000000020010068      0x2d8 CMakeFiles/pico41.dir/tree/downloaded_tools/pico/pico-sdk/lib/tinyusb/src/class/cdc/cdc_device.c.obj
 .bss._ctrl_xfer
                0x0000000020010340       0x14 CMakeFiles/pico41.dir/tree/downloaded_tools/pico/pico-sdk/lib/tinyusb/src/device/usbd_control.c.obj
 .bss._ubsd_mutexdef
                0x0000000020010354        0x8 CMakeFiles/pico41.dir/tree/downloaded_tools/pico/pico-sdk/lib/tinyusb/src/device/usbd.c.obj
 .bss._usbd_ctrl_buf
                0x000000002001035c       0x40 CMakeFiles/pico41.dir/tree/downloaded_tools/pico/pico-sdk/lib/tinyusb/src/device/usbd_control.c.obj
 .bss._usbd_dev
                0x000000002001039c       0x53 CMakeFiles/pico41.dir/tree/downloaded_tools/pico/pico-sdk/lib/tinyusb/src/device/usbd.c.obj
 *fill*         0x00000000200103ef        0x1 
 .bss._usbd_mutex
                0x00000000200103f0        0x4 CMakeFiles/pico41.dir/tree/downloaded_tools/pico/pico-sdk/lib/tinyusb/src/device/usbd.c.obj
 .bss._usbd_q   0x00000000200103f4        0x4 CMakeFiles/pico41.dir/tree/downloaded_tools/pico/pico-sdk/lib/tinyusb/src/device/usbd.c.obj
 .bss.address   0x00000000200103f8        0x4 CMakeFiles/pico41.dir/pico41.c.obj
                0x00000000200103f8                address
 .bss.alarm_callbacks
                0x00000000200103fc       0x10 CMakeFiles/pico41.dir/tree/downloaded_tools/pico/pico-sdk/src/rp2_common/hardware_timer/timer.c.obj
 .bss.bit_no    0x000000002001040c        0x4 CMakeFiles/pico41.dir/pico41.c.obj
                0x000000002001040c                bit_no
 .bss.boot2_copyout
                0x0000000020010410      0x100 CMakeFiles/pico41.dir/tree/downloaded_tools/pico/pico-sdk/src/rp2_common/hardware_flash/flash.c.obj
 .bss.claimed   0x0000000020010510        0x4 CMakeFiles/pico41.dir/tree/downloaded_tools/pico/pico-sdk/src/rp2_common/hardware_sync/sync.c.obj
 .bss.configured_freq
                0x0000000020010514       0x28 CMakeFiles/pico41.dir/tree/downloaded_tools/pico/pico-sdk/src/rp2_common/hardware_clocks/clocks.c.obj
 .bss.core1_command
                0x000000002001053c        0x4 CMakeFiles/pico41.dir/pico41.c.obj
                0x000000002001053c                core1_command
 .bss.data_in   0x0000000020010540        0x4 CMakeFiles/pico41.dir/pico41.c.obj
                0x0000000020010540                data_in
 .bss.data_out  0x0000000020010544        0x4 CMakeFiles/pico41.dir/pico41.c.obj
                0x0000000020010544                data_out
 .bss.default_alarm_pool_entry_ids_high
                0x0000000020010548       0x10 CMakeFiles/pico41.dir/tree/downloaded_tools/pico/pico-sdk/src/common/pico_time/time.c.obj
 .bss.default_alarm_pool_heap_nodes
                0x0000000020010558       0x30 CMakeFiles/pico41.dir/tree/downloaded_tools/pico/pico-sdk/src/common/pico_time/time.c.obj
 .bss.desc_str.7071
                0x0000000020010588       0x28 CMakeFiles/pico41.dir/tree/downloaded_tools/pico/pico-sdk/src/rp2_common/pico_stdio_usb/stdio_usb_descriptors.c.obj
 .bss.display_ce
                0x00000000200105b0        0x4 CMakeFiles/pico41.dir/pico41.c.obj
                0x00000000200105b0                display_ce
 .bss.display_on
                0x00000000200105b4        0x4 CMakeFiles/pico41.dir/pico41.c.obj
                0x00000000200105b4                display_on
 .bss.dreg_c    0x00000000200105b8        0x4 CMakeFiles/pico41.dir/pico41.c.obj
                0x00000000200105b8                dreg_c
 .bss.drive_data
                0x00000000200105bc        0x4 CMakeFiles/pico41.dir/pico41.c.obj
                0x00000000200105bc                drive_data
 .bss.drive_data_flag
                0x00000000200105c0        0x4 CMakeFiles/pico41.dir/pico41.c.obj
                0x00000000200105c0                drive_data_flag
 .bss.driven_isa
                0x00000000200105c4        0x4 CMakeFiles/pico41.dir/pico41.c.obj
                0x00000000200105c4                driven_isa
 .bss.drivers   0x00000000200105c8        0x4 CMakeFiles/pico41.dir/tree/downloaded_tools/pico/pico-sdk/src/rp2_common/pico_stdio/stdio.c.obj
 .bss.embed_seen
                0x00000000200105cc        0x4 CMakeFiles/pico41.dir/pico41.c.obj
                0x00000000200105cc                embed_seen
 .bss.filter    0x00000000200105d0        0x4 CMakeFiles/pico41.dir/tree/downloaded_tools/pico/pico-sdk/src/rp2_common/pico_stdio/stdio.c.obj
 .bss.hw_endpoints
                0x00000000200105d4      0x400 CMakeFiles/pico41.dir/tree/downloaded_tools/pico/pico-sdk/lib/tinyusb/src/portable/raspberrypi/rp2040/dcd_rp2040.c.obj
 .bss.instruction
                0x00000000200109d4        0x4 CMakeFiles/pico41.dir/pico41.c.obj
                0x00000000200109d4                instruction
 .bss.last_sync
                0x00000000200109d8        0x4 CMakeFiles/pico41.dir/pico41.c.obj
                0x00000000200109d8                last_sync
 .bss.lazy_vsnprintf
                0x00000000200109dc        0x4 CMakeFiles/pico41.dir/tree/downloaded_tools/pico/pico-sdk/src/rp2_common/pico_printf/printf.c.obj
 .bss.load_value
                0x00000000200109e0        0x4 CMakeFiles/pico41.dir/tree/downloaded_tools/pico/pico-sdk/src/rp2_common/hardware_watchdog/watchdog.c.obj
 .bss.mismatches
                0x00000000200109e4        0x4 CMakeFiles/pico41.dir/pico41.c.obj
                0x00000000200109e4                mismatches
 .bss.next_buffer_ptr
                0x00000000200109e8        0x4 CMakeFiles/pico41.dir/tree/downloaded_tools/pico/pico-sdk/lib/tinyusb/src/portable/raspberrypi/rp2040/dcd_rp2040.c.obj
 .bss.pcount    0x00000000200109ec        0x4 CMakeFiles/pico41.dir/pico41.c.obj
                0x00000000200109ec                pcount
 .bss.pending_data
                0x00000000200109f0        0x4 CMakeFiles/pico41.dir/pico41.c.obj
                0x00000000200109f0                pending_data
 .bss.pending_data_inst
                0x00000000200109f4        0x4 CMakeFiles/pico41.dir/pico41.c.obj
                0x00000000200109f4                pending_data_inst
 .bss.periodic_read
                0x00000000200109f8        0x4 CMakeFiles/pico41.dir/pico41.c.obj
                0x00000000200109f8                periodic_read
 .bss.periph_addr
                0x00000000200109fc        0x4 CMakeFiles/pico41.dir/pico41.c.obj
                0x00000000200109fc                periph_addr
 .bss.pools     0x0000000020010a00       0x10 CMakeFiles/pico41.dir/tree/downloaded_tools/pico/pico-sdk/src/common/pico_time/time.c.obj
 .bss.retrieved_id
                0x0000000020010a10        0x8 CMakeFiles/pico41.dir/tree/downloaded_tools/pico/pico-sdk/src/rp2_common/pico_unique_id/unique_id.c.obj
 .bss.sf_clz_func
                0x0000000020010a18        0x4 CMakeFiles/pico41.dir/tree/downloaded_tools/pico/pico-sdk/src/rp2_common/pico_double/double_init_rom.c.obj
                0x0000000020010a18                sf_clz_func
 .bss.sleep_notifier
                0x0000000020010a1c        0x4 CMakeFiles/pico41.dir/tree/downloaded_tools/pico/pico-sdk/src/common/pico_time/time.c.obj
 .bss.stdio_usb_mutex
                0x0000000020010a20        0x8 CMakeFiles/pico41.dir/tree/downloaded_tools/pico/pico-sdk/src/rp2_common/pico_stdio_usb/stdio_usb.c.obj
 .bss.sync_count
                0x0000000020010a28        0x4 CMakeFiles/pico41.dir/pico41.c.obj
                0x0000000020010a28                sync_count
 .bss.target_hi
                0x0000000020010a2c       0x10 CMakeFiles/pico41.dir/tree/downloaded_tools/pico/pico-sdk/src/rp2_common/hardware_timer/timer.c.obj
 .bss.usbd_serial_str
                0x0000000020010a3c       0x11 CMakeFiles/pico41.dir/tree/downloaded_tools/pico/pico-sdk/src/rp2_common/pico_stdio_usb/stdio_usb_descriptors.c.obj
 *fill*         0x0000000020010a4d        0x3 
 .bss.user_irq_claimed
                0x0000000020010a50        0x2 CMakeFiles/pico41.dir/tree/downloaded_tools/pico/pico-sdk/src/rp2_common/hardware_irq/irq.c.obj
 .bss._app_driver_count
                0x0000000020010a52        0x1 CMakeFiles/pico41.dir/tree/downloaded_tools/pico/pico-sdk/lib/tinyusb/src/device/usbd.c.obj
 .bss._usbd_initialized
                0x0000000020010a53        0x1 CMakeFiles/pico41.dir/tree/downloaded_tools/pico/pico-sdk/lib/tinyusb/src/device/usbd.c.obj
 .bss.boot2_copyout_valid
                0x0000000020010a54        0x1 CMakeFiles/pico41.dir/tree/downloaded_tools/pico/pico-sdk/src/rp2_common/hardware_flash/flash.c.obj
 .bss.claimed   0x0000000020010a55        0x1 CMakeFiles/pico41.dir/tree/downloaded_tools/pico/pico-sdk/src/rp2_common/hardware_timer/timer.c.obj
 .bss.irq_hander_chain_free_slot_head
                0x0000000020010a56        0x1 CMakeFiles/pico41.dir/tree/downloaded_tools/pico/pico-sdk/src/rp2_common/hardware_irq/irq.c.obj
 .bss.itf_num   0x0000000020010a57        0x1 CMakeFiles/pico41.dir/tree/downloaded_tools/pico/pico-sdk/src/rp2_common/pico_stdio_usb/reset_interface.c.obj
 .bss.low_priority_irq_num
                0x0000000020010a58        0x1 CMakeFiles/pico41.dir/tree/downloaded_tools/pico/pico-sdk/src/rp2_common/pico_stdio_usb/stdio_usb.c.obj
 .bss.timer_callbacks_pending
                0x0000000020010a59        0x1 CMakeFiles/pico41.dir/tree/downloaded_tools/pico/pico-sdk/src/rp2_common/hardware_timer/timer.c.obj
 .bss.zero      0x0000000020010a5a        0x1 CMakeFiles/pico41.dir/pico41.c.obj
                0x0000000020010a5a                zero
 *(COMMON)
 *fill*         0x0000000020010a5b        0x5 
 COMMON         0x0000000020010a60    0x28cc0 CMakeFiles/pico41.dir/pico41.c.obj
                0x0000000020010a60                x
                0x0000000020010a68                bus_inst
                0x00000000200177c8                trans_addr
                0x0000000020017958                byteval
                0x000000002001795c                bus_addr
                0x000000002001e6c0                trans_data56
                0x000000002001e9e0                bus_data56
                0x000000002002c4a0                trans_instruction
                0x000000002002c630                fisa
                0x000000002002c7c0                bus_pa
                0x0000000020033520                z
                0x0000000020033528                fcycno
                0x00000000200336b8                buffer
                0x00000000200376b8                isa_list
                0x0000000020037eb8                dump_sync
                0x0000000020038368                trans_pa
                0x00000000200384f8                fdata
                0x0000000020038688                y
                0x0000000020038690                upkey
                0x00000000200386c4                dtext
                0x00000000200386ec                fclk2
                0x000000002003887c                fclk1
                0x0000000020038a0c                fsync
                0x0000000020038b9c                scaled_line
                0x0000000020038c00                trans_data
                0x0000000020038d90                dump_frames
                0x0000000020038f20                value_list
 COMMON         0x0000000020039720      0x100 CMakeFiles/pico41.dir/tree/downloaded_tools/pico/pico-sdk/src/rp2_common/pico_double/double_init_rom.c.obj
                0x0000000020039720                sd_table