Archive member included to satisfy reference by file (symbol)

/usr/lib/gcc/arm-none-eabi/9.2.1/thumb/v6-m/nofp/libgcc.a(_dvmd_tls.o)
                              CMakeFiles/pico41.dir/tree/downloaded_tools/pico/pico-sdk/src/rp2_common/pico_divider/divider.S.obj (__aeabi_idiv0)
/usr/lib/gcc/arm-none-eabi/9.2.1/thumb/v6-m/nofp/libgcc.a(_ashldi3.o)
                              CMakeFiles/pico41.dir/pico41.c.obj (__aeabi_llsl)
/usr/lib/gcc/arm-none-eabi/9.2.1/../../../arm-none-eabi/lib/thumb/v6-m/nofp/libc.a(lib_a-atexit.o)
                              /usr/lib/gcc/arm-none-eabi/9.2.1/../../../arm-none-eabi/lib/thumb/v6-m/nofp/crt0.o (atexit)
/usr/lib/gcc/arm-none-eabi/9.2.1/../../../arm-none-eabi/lib/thumb/v6-m/nofp/libc.a(lib_a-calloc.o)
                              CMakeFiles/pico41.dir/tree/downloaded_tools/pico/pico-sdk/src/rp2_common/pico_malloc/pico_malloc.c.obj (calloc)
/usr/lib/gcc/arm-none-eabi/9.2.1/../../../arm-none-eabi/lib/thumb/v6-m/nofp/libc.a(lib_a-callocr.o)
                              /usr/lib/gcc/arm-none-eabi/9.2.1/../../../arm-none-eabi/lib/thumb/v6-m/nofp/libc.a(lib_a-calloc.o) (_calloc_r)
/usr/lib/gcc/arm-none-eabi/9.2.1/../../../arm-none-eabi/lib/thumb/v6-m/nofp/libc.a(lib_a-ctype_.o)
                              CMakeFiles/pico41.dir/pico41.c.obj (_ctype_)
/usr/lib/gcc/arm-none-eabi/9.2.1/../../../arm-none-eabi/lib/thumb/v6-m/nofp/libc.a(lib_a-fini.o)
                              /usr/lib/gcc/arm-none-eabi/9.2.1/../../../arm-none-eabi/lib/thumb/v6-m/nofp/crt0.o (__libc_fini_array)
/usr/lib/gcc/arm-none-eabi/9.2.1/../../../arm-none-eabi/lib/thumb/v6-m/nofp/libc.a(lib_a-impure.o)
                              /usr/lib/gcc/arm-none-eabi/9.2.1/../../../arm-none-eabi/lib/thumb/v6-m/nofp/libc.a(lib_a-calloc.o) (_impure_ptr)
/usr/lib/gcc/arm-none-eabi/9.2.1/../../../arm-none-eabi/lib/thumb/v6-m/nofp/libc.a(lib_a-init.o)
                              /usr/lib/gcc/arm-none-eabi/9.2.1/../../../arm-none-eabi/lib/thumb/v6-m/nofp/crt0.o (__libc_init_array)
/usr/lib/gcc/arm-none-eabi/9.2.1/../../../arm-none-eabi/lib/thumb/v6-m/nofp/libc.a(lib_a-malloc.o)
                              CMakeFiles/pico41.dir/tree/downloaded_tools/pico/pico-sdk/src/rp2_common/pico_malloc/pico_malloc.c.obj (malloc)
/usr/lib/gcc/arm-none-eabi/9.2.1/../../../arm-none-eabi/lib/thumb/v6-m/nofp/libc.a(lib_a-mallocr.o)
                              /usr/lib/gcc/arm-none-eabi/9.2.1/../../../arm-none-eabi/lib/thumb/v6-m/nofp/libc.a(lib_a-callocr.o) (_malloc_r)
/usr/lib/gcc/arm-none-eabi/9.2.1/../../../arm-none-eabi/lib/thumb/v6-m/nofp/libc.a(lib_a-mlock.o)
                              /usr/lib/gcc/arm-none-eabi/9.2.1/../../../arm-none-eabi/lib/thumb/v6-m/nofp/libc.a(lib_a-mallocr.o) (__malloc_lock)
/usr/lib/gcc/arm-none-eabi/9.2.1/../../../arm-none-eabi/lib/thumb/v6-m/nofp/libc.a(lib_a-realloc.o)
                              CMakeFiles/pico41.dir/tree/downloaded_tools/pico/pico-sdk/src/rp2_common/pico_malloc/pico_malloc.c.obj (realloc)
/usr/lib/gcc/arm-none-eabi/9.2.1/../../../arm-none-eabi/lib/thumb/v6-m/nofp/libc.a(lib_a-reallocr.o)
                              /usr/lib/gcc/arm-none-eabi/9.2.1/../../../arm-none-eabi/lib/thumb/v6-m/nofp/libc.a(lib_a-realloc.o) (_realloc_r)
/usr/lib/gcc/arm-none-eabi/9.2.1/../../../arm-none-eabi/lib/thumb/v6-m/nofp/libc.a(lib_a-sbrkr.o)
                              /usr/lib/gcc/arm-none-eabi/9.2.1/../../../arm-none-eabi/lib/thumb/v6-m/nofp/libc.a(lib_a-mallocr.o) (_sbrk_r)
/usr/lib/gcc/arm-none-eabi/9.2.1/../../../arm-none-eabi/lib/thumb/v6-m/nofp/libc.a(lib_a-strcmp.o)
                              CMakeFiles/pico41.dir/pico41.c.obj (strcmp)
/usr/lib/gcc/arm-none-eabi/9.2.1/../../../arm-none-eabi/lib/thumb/v6-m/nofp/libc.a(lib_a-strlen-stub.o)
                              CMakeFiles/pico41.dir/pico41.c.obj (strlen)
/usr/lib/gcc/arm-none-eabi/9.2.1/../../../arm-none-eabi/lib/thumb/v6-m/nofp/libc.a(lib_a-strncmp.o)
                              CMakeFiles/pico41.dir/pico41.c.obj (strncmp)
/usr/lib/gcc/arm-none-eabi/9.2.1/../../../arm-none-eabi/lib/thumb/v6-m/nofp/libc.a(lib_a-__atexit.o)
                              /usr/lib/gcc/arm-none-eabi/9.2.1/../../../arm-none-eabi/lib/thumb/v6-m/nofp/libc.a(lib_a-atexit.o) (__register_exitproc)
/usr/lib/gcc/arm-none-eabi/9.2.1/../../../arm-none-eabi/lib/thumb/v6-m/nofp/libc.a(lib_a-freer.o)
                              /usr/lib/gcc/arm-none-eabi/9.2.1/../../../arm-none-eabi/lib/thumb/v6-m/nofp/libc.a(lib_a-malloc.o) (_free_r)
/usr/lib/gcc/arm-none-eabi/9.2.1/../../../arm-none-eabi/lib/thumb/v6-m/nofp/libc.a(lib_a-memmove.o)
                              /usr/lib/gcc/arm-none-eabi/9.2.1/../../../arm-none-eabi/lib/thumb/v6-m/nofp/libc.a(lib_a-reallocr.o) (memmove)
/usr/lib/gcc/arm-none-eabi/9.2.1/../../../arm-none-eabi/lib/thumb/v6-m/nofp/libc.a(lib_a-reent.o)
                              /usr/lib/gcc/arm-none-eabi/9.2.1/../../../arm-none-eabi/lib/thumb/v6-m/nofp/libc.a(lib_a-sbrkr.o) (errno)

Allocating common symbols
[...]
Memory Configuration

Name             Origin             Length             Attributes
FLASH            0x0000000010000000 0x0000000000200000 xr
RAM              0x0000000020000000 0x0000000000040000 xrw
SCRATCH_X        0x0000000020040000 0x0000000000001000 xrw
SCRATCH_Y        0x0000000020041000 0x0000000000001000 xrw
*default*        0x0000000000000000 0xffffffffffffffff

Linker script and memory map

LOAD /usr/lib/gcc/arm-none-eabi/9.2.1/thumb/v6-m/nofp/crti.o
LOAD /usr/lib/gcc/arm-none-eabi/9.2.1/thumb/v6-m/nofp/crtbegin.o
LOAD /usr/lib/gcc/arm-none-eabi/9.2.1/../../../arm-none-eabi/lib/thumb/v6-m/nofp/crt0.o

.flash_begin    0x0000000010000000        0x0
                0x0000000010000000                __flash_binary_start = .

.boot2          0x0000000010000000      0x100
                0x0000000010000000                __boot2_start__ = .
 *(.boot2)
 .boot2         0x0000000010000000      0x100 /tmp/ccoGCWoW.o
                0x0000000010000100                __boot2_end__ = .
                0x0000000000000001                ASSERT (((__boot2_end__ - __boot2_start__) == 0x100), ERROR: Pico second stage bootloader must be 256 bytes in size)

.flashtext      0x0000000010000100      0x1e0
                0x0000000010000100                __logical_binary_start = .
 *(.vectors)
 .vectors       0x0000000010000100       0xd4 CMakeFiles/pico41.dir/tree/downloaded_tools/pico/pico-sdk/src/rp2_common/pico_standard_link/crt0.S.obj
                0x0000000010000100                __vectors
                0x0000000010000100                __VECTOR_TABLE
                0x00000000100001c0                isr_invalid
                0x00000000100001c0                __default_isrs_start
                0x00000000100001c2                isr_nmi
                0x00000000100001c4                isr_hardfault
                0x00000000100001c6                isr_svcall
                0x00000000100001c8                isr_pendsv
                0x00000000100001ca                isr_systick
                0x00000000100001cc                isr_irq30
                0x00000000100001cc                __unhandled_user_irq
                0x00000000100001cc                isr_irq13
                0x00000000100001cc                isr_irq27
                0x00000000100001cc                isr_irq31
                0x00000000100001cc                isr_irq5
                0x00000000100001cc                isr_irq11
                0x00000000100001cc                isr_irq23
                0x00000000100001cc                isr_irq18
                0x00000000100001cc                isr_irq28
                0x00000000100001cc                isr_irq19
                0x00000000100001cc                isr_irq0
                0x00000000100001cc                isr_irq6
                0x00000000100001cc                isr_irq22
                0x00000000100001cc                isr_irq17
                0x00000000100001cc                isr_irq14
                0x00000000100001cc                isr_irq2
                0x00000000100001cc                isr_irq10
                0x00000000100001cc                isr_irq8
                0x00000000100001cc                isr_irq24
                0x00000000100001cc                isr_irq1
                0x00000000100001cc                isr_irq7
                0x00000000100001cc                isr_irq21
                0x00000000100001cc                isr_irq20
                0x00000000100001cc                isr_irq15
                0x00000000100001cc                isr_irq25
                0x00000000100001cc                isr_irq4
                0x00000000100001cc                isr_irq16
                0x00000000100001cc                isr_irq29
                0x00000000100001cc                isr_irq26
                0x00000000100001cc                __default_isrs_end
                0x00000000100001cc                isr_irq3
                0x00000000100001cc                isr_irq12
                0x00000000100001cc                isr_irq9
                0x00000000100001d2                unhandled_user_irq_num_in_r0
 *(.binary_info_header)
 .binary_info_header
                0x00000000100001d4       0x14 CMakeFiles/pico41.dir/tree/downloaded_tools/pico/pico-sdk/src/rp2_common/pico_standard_link/crt0.S.obj
                0x00000000100001e8                __binary_info_header_end = .
 *(.reset)
 .reset         0x00000000100001e8       0xb4 CMakeFiles/pico41.dir/tree/downloaded_tools/pico/pico-sdk/src/rp2_common/pico_standard_link/crt0.S.obj
                0x00000000100001e8                _entry_point
                0x0000000010000272                __get_current_exception
 *fill*         0x000000001000029c        0x4 
 .reset.__stub  0x00000000100002a0       0x10 linker stubs
 .reset         0x00000000100002b0       0x30 CMakeFiles/pico41.dir/tree/downloaded_tools/pico/pico-sdk/src/rp2_common/pico_standard_link/binary_info.c.obj

.rodata         0x00000000100002e0        0x0
 *(SORT_BY_ALIGNMENT(SORT_BY_NAME(.flashdata*)))
                0x00000000100002e0                . = ALIGN (0x4)

.ARM.extab
 *(.ARM.extab* .gnu.linkonce.armextab.*)
                0x00000000100002e0                __exidx_start = .

.ARM.exidx
 *(.ARM.exidx* .gnu.linkonce.armexidx.*)
                0x00000000100002e0                __exidx_end = .
                0x00000000100002e0                . = ALIGN (0x4)
                0x00000000100002e0                __binary_info_start = .

.binary_info    0x00000000100002e0       0x20
 *(.binary_info.keep.*)
 .binary_info.keep.__bi_ptr22
                0x00000000100002e0        0x4 CMakeFiles/pico41.dir/tree/downloaded_tools/pico/pico-sdk/src/rp2_common/pico_standard_link/binary_info.c.obj
 .binary_info.keep.__bi_ptr30
                0x00000000100002e4        0x4 CMakeFiles/pico41.dir/tree/downloaded_tools/pico/pico-sdk/src/rp2_common/pico_standard_link/binary_info.c.obj
 .binary_info.keep.__bi_ptr38
                0x00000000100002e8        0x4 CMakeFiles/pico41.dir/tree/downloaded_tools/pico/pico-sdk/src/rp2_common/pico_standard_link/binary_info.c.obj
 .binary_info.keep.__bi_ptr44
                0x00000000100002ec        0x4 CMakeFiles/pico41.dir/tree/downloaded_tools/pico/pico-sdk/src/rp2_common/pico_standard_link/binary_info.c.obj
 .binary_info.keep.__bi_ptr50
                0x00000000100002f0        0x4 CMakeFiles/pico41.dir/tree/downloaded_tools/pico/pico-sdk/src/rp2_common/pico_standard_link/binary_info.c.obj
 .binary_info.keep.__bi_ptr75
                0x00000000100002f4        0x4 CMakeFiles/pico41.dir/tree/downloaded_tools/pico/pico-sdk/src/rp2_common/pico_standard_link/binary_info.c.obj
 .binary_info.keep.__bi_ptr81
                0x00000000100002f8        0x4 CMakeFiles/pico41.dir/tree/downloaded_tools/pico/pico-sdk/src/rp2_common/pico_standard_link/binary_info.c.obj
 *(.binary_info.*)
 .binary_info.__bi_ptr118
                0x00000000100002fc        0x4 CMakeFiles/pico41.dir/tree/downloaded_tools/pico/pico-sdk/src/rp2_common/pico_stdio_usb/stdio_usb.c.obj
                0x0000000010000300                __binary_info_end = .
                0x0000000010000300                . = ALIGN (0x4)

.ram_vector_table
                0x0000000020000000       0xc0
 *(.ram_vector_table)
 .ram_vector_table
                0x0000000020000000       0xc0 CMakeFiles/pico41.dir/tree/downloaded_tools/pico/pico-sdk/src/rp2_common/pico_runtime/runtime.c.obj
                0x0000000020000000                ram_vector_table

.text           0x00000000200000c0     0x9c58 load address 0x0000000010000300
                0x00000000200000c0                __ram_text_start__ = .
 *(.init)
 .init          0x00000000200000c0        0x4 /usr/lib/gcc/arm-none-eabi/9.2.1/thumb/v6-m/nofp/crti.o
                0x00000000200000c0                _init
 *(.text*)
 .text          0x00000000200000c4       0x98 /usr/lib/gcc/arm-none-eabi/9.2.1/thumb/v6-m/nofp/crtbegin.o
 .text.capture_bus_fragment
                0x000000002000015c       0xf8 CMakeFiles/pico41.dir/pico41.c.obj
                0x000000002000015c                capture_bus_fragment
 .text.kb_uninhibit
                0x0000000020000254        0xc CMakeFiles/pico41.dir/pico41.c.obj
                0x0000000020000254                kb_uninhibit
 .text.kb_active
                0x0000000020000260       0x18 CMakeFiles/pico41.dir/pico41.c.obj
                0x0000000020000260                kb_active
 .text.capture_bus_fragment_on_c1
                0x0000000020000278        0xc CMakeFiles/pico41.dir/pico41.c.obj
                0x0000000020000278                capture_bus_fragment_on_c1
 .text.core1_main_3
                0x0000000020000284      0x2ec CMakeFiles/pico41.dir/pico41.c.obj
                0x0000000020000284                core1_main_3
 .text.display_bus_states
                0x0000000020000570       0x3c CMakeFiles/pico41.dir/pico41.c.obj
                0x0000000020000570                display_bus_states
 .text.arith_test
                0x00000000200005ac       0x14 CMakeFiles/pico41.dir/pico41.c.obj
                0x00000000200005ac                arith_test
 .text.isa_drive
                0x00000000200005c0       0x3c CMakeFiles/pico41.dir/pico41.c.obj
                0x00000000200005c0                isa_drive
 .text.display_captured_bus_fragment
                0x00000000200005fc       0x84 CMakeFiles/pico41.dir/pico41.c.obj
                0x00000000200005fc                display_captured_bus_fragment
 .text.capture_bus_transactions
                0x0000000020000680      0x15c CMakeFiles/pico41.dir/pico41.c.obj
                0x0000000020000680                capture_bus_transactions
 .text.serial_help
                0x00000000200007dc       0x2c CMakeFiles/pico41.dir/pico41.c.obj
                0x00000000200007dc                serial_help
 .text.kb_setrow
                0x0000000020000808       0x84 CMakeFiles/pico41.dir/pico41.c.obj
                0x0000000020000808                kb_setrow
 .text.kb_setcol
                0x000000002000088c       0x88 CMakeFiles/pico41.dir/pico41.c.obj
                0x000000002000088c                kb_setcol
 .text.i2c_send_byte.constprop.0
                0x0000000020000914       0xa0 CMakeFiles/pico41.dir/pico41.c.obj
 .text.i2c_send_byte.constprop.1
                0x00000000200009b4       0xa0 CMakeFiles/pico41.dir/pico41.c.obj
 .text.kb_inhibit
                0x0000000020000a54        0xc CMakeFiles/pico41.dir/pico41.c.obj
                0x0000000020000a54                kb_inhibit
 .text.oled_send_cmd.constprop.5
                0x0000000020000a60       0x68 CMakeFiles/pico41.dir/pico41.c.obj
 .text.oled_display_string
                0x0000000020000ac8       0xe8 CMakeFiles/pico41.dir/pico41.c.obj
                0x0000000020000ac8                oled_display_string
 .text.dump_dregs.part.0
                0x0000000020000bb0      0x1a8 CMakeFiles/pico41.dir/pico41.c.obj
 .text.oled_clear_display
                0x0000000020000d58       0xfc CMakeFiles/pico41.dir/pico41.c.obj
                0x0000000020000d58                oled_clear_display
 .text.oled_setup
                0x0000000020000e54       0xa8 CMakeFiles/pico41.dir/pico41.c.obj
                0x0000000020000e54                oled_setup
 .text.kb_init  0x0000000020000efc       0x50 CMakeFiles/pico41.dir/pico41.c.obj
                0x0000000020000efc                kb_init
 .text.drv_init
                0x0000000020000f4c       0x50 CMakeFiles/pico41.dir/pico41.c.obj
                0x0000000020000f4c                drv_init
 .text.bus_init
                0x0000000020000f9c       0x44 CMakeFiles/pico41.dir/pico41.c.obj
                0x0000000020000f9c                bus_init
 .text.press_key
                0x0000000020000fe0      0x1dc CMakeFiles/pico41.dir/pico41.c.obj
                0x0000000020000fe0                press_key
 .text.press_pi
                0x00000000200011bc       0x7c CMakeFiles/pico41.dir/pico41.c.obj
                0x00000000200011bc                press_pi
 .text.press_keys
                0x0000000020001238      0x5b0 CMakeFiles/pico41.dir/pico41.c.obj
                0x0000000020001238                press_keys
 .text.press_embedded
                0x00000000200017e8      0x4ec CMakeFiles/pico41.dir/pico41.c.obj
                0x00000000200017e8                press_embedded
 .text.check_prog
                0x0000000020001cd4      0x538 CMakeFiles/pico41.dir/pico41.c.obj
                0x0000000020001cd4                check_prog
 .text.serial_loop
                0x000000002000220c       0x7c CMakeFiles/pico41.dir/pico41.c.obj
                0x000000002000220c                serial_loop
 .text.startup.main
                0x0000000020002288      0x588 CMakeFiles/pico41.dir/pico41.c.obj
                0x0000000020002288                main
 .text.set_sys_clock_pll
                0x0000000020002810       0x78 CMakeFiles/pico41.dir/tree/downloaded_tools/pico/pico-sdk/src/rp2_common/pico_stdlib/stdlib.c.obj
                0x0000000020002810                set_sys_clock_pll
 .text.check_sys_clock_khz
                0x0000000020002888      0x16c CMakeFiles/pico41.dir/tree/downloaded_tools/pico/pico-sdk/src/rp2_common/pico_stdlib/stdlib.c.obj
                0x0000000020002888                check_sys_clock_khz
 .text.gpio_init
                0x00000000200029f4       0x3c CMakeFiles/pico41.dir/tree/downloaded_tools/pico/pico-sdk/src/rp2_common/hardware_gpio/gpio.c.obj
                0x00000000200029f4                gpio_init
 .text.hw_claim_or_assert
                0x0000000020002a30       0x48 CMakeFiles/pico41.dir/tree/downloaded_tools/pico/pico-sdk/src/rp2_common/hardware_claim/claim.c.obj
                0x0000000020002a30                hw_claim_or_assert
 .text.hw_claim_unused_from_range
                0x0000000020002a78       0x9c CMakeFiles/pico41.dir/tree/downloaded_tools/pico/pico-sdk/src/rp2_common/hardware_claim/claim.c.obj
                0x0000000020002a78                hw_claim_unused_from_range
 .text.running_on_fpga
                0x0000000020002b14       0x10 CMakeFiles/pico41.dir/tree/downloaded_tools/pico/pico-sdk/src/rp2_common/pico_platform/platform.c.obj
                0x0000000020002b14                running_on_fpga
 .text.spin_locks_reset
                0x0000000020002b24       0x1c CMakeFiles/pico41.dir/tree/downloaded_tools/pico/pico-sdk/src/rp2_common/hardware_sync/sync.c.obj
                0x0000000020002b24                spin_locks_reset
 .text.next_striped_spin_lock_num
                0x0000000020002b40       0x18 CMakeFiles/pico41.dir/tree/downloaded_tools/pico/pico-sdk/src/rp2_common/hardware_sync/sync.c.obj
                0x0000000020002b40                next_striped_spin_lock_num
 .text.spin_lock_claim_unused
                0x0000000020002b58       0x20 CMakeFiles/pico41.dir/tree/downloaded_tools/pico/pico-sdk/src/rp2_common/hardware_sync/sync.c.obj
                0x0000000020002b58                spin_lock_claim_unused
 .text.irq_set_enabled
                0x0000000020002b78       0x24 CMakeFiles/pico41.dir/tree/downloaded_tools/pico/pico-sdk/src/rp2_common/hardware_irq/irq.c.obj
                0x0000000020002b78                irq_set_enabled
 .text.irq_is_enabled
                0x0000000020002b9c       0x18 CMakeFiles/pico41.dir/tree/downloaded_tools/pico/pico-sdk/src/rp2_common/hardware_irq/irq.c.obj
                0x0000000020002b9c                irq_is_enabled
 .text.irq_set_mask_enabled
                0x0000000020002bb4       0x20 CMakeFiles/pico41.dir/tree/downloaded_tools/pico/pico-sdk/src/rp2_common/hardware_irq/irq.c.obj
                0x0000000020002bb4                irq_set_mask_enabled
 .text.irq_set_pending
                0x0000000020002bd4       0x10 CMakeFiles/pico41.dir/tree/downloaded_tools/pico/pico-sdk/src/rp2_common/hardware_irq/irq.c.obj
                0x0000000020002bd4                irq_set_pending
 .text.irq_has_shared_handler
                0x0000000020002be4       0x2c CMakeFiles/pico41.dir/tree/downloaded_tools/pico/pico-sdk/src/rp2_common/hardware_irq/irq.c.obj
                0x0000000020002be4                irq_has_shared_handler
 .text.irq_get_vtable_handler
                0x0000000020002c10       0x10 CMakeFiles/pico41.dir/tree/downloaded_tools/pico/pico-sdk/src/rp2_common/hardware_irq/irq.c.obj
                0x0000000020002c10                irq_get_vtable_handler
 .text.irq_set_exclusive_handler
                0x0000000020002c20       0x54 CMakeFiles/pico41.dir/tree/downloaded_tools/pico/pico-sdk/src/rp2_common/hardware_irq/irq.c.obj
                0x0000000020002c20                irq_set_exclusive_handler
 .text.irq_add_shared_handler
                0x0000000020002c74      0x1c0 CMakeFiles/pico41.dir/tree/downloaded_tools/pico/pico-sdk/src/rp2_common/hardware_irq/irq.c.obj
                0x0000000020002c74                irq_add_shared_handler
 .text.irq_remove_handler
                0x0000000020002e34      0x1b4 CMakeFiles/pico41.dir/tree/downloaded_tools/pico/pico-sdk/src/rp2_common/hardware_irq/irq.c.obj
                0x0000000020002e34                irq_remove_handler
 .text.irq_add_tail_to_free_list
                0x0000000020002fe8       0xb8 CMakeFiles/pico41.dir/tree/downloaded_tools/pico/pico-sdk/src/rp2_common/hardware_irq/irq.c.obj
                0x0000000020002fe8                irq_add_tail_to_free_list
 .text.irq_init_priorities
                0x00000000200030a0       0x24 CMakeFiles/pico41.dir/tree/downloaded_tools/pico/pico-sdk/src/rp2_common/hardware_irq/irq.c.obj
                0x00000000200030a0                irq_init_priorities
 .text.user_irq_claim_unused
                0x00000000200030c4       0x30 CMakeFiles/pico41.dir/tree/downloaded_tools/pico/pico-sdk/src/rp2_common/hardware_irq/irq.c.obj
                0x00000000200030c4                user_irq_claim_unused
 .text.lock_init
                0x00000000200030f4       0x10 CMakeFiles/pico41.dir/tree/downloaded_tools/pico/pico-sdk/src/common/pico_sync/lock_core.c.obj
                0x00000000200030f4                lock_init
 .text.timer_pool_entry_comparator
                0x0000000020003104       0x34 CMakeFiles/pico41.dir/tree/downloaded_tools/pico/pico-sdk/src/common/pico_time/time.c.obj
                0x0000000020003104                timer_pool_entry_comparator
 .text.sleep_until_callback
                0x0000000020003138       0x30 CMakeFiles/pico41.dir/tree/downloaded_tools/pico/pico-sdk/src/common/pico_time/time.c.obj
 .text.alarm_pool_add_alarm_at.constprop.0
                0x0000000020003168      0x128 CMakeFiles/pico41.dir/tree/downloaded_tools/pico/pico-sdk/src/common/pico_time/time.c.obj
 .text.add_alarm_under_lock
                0x0000000020003290      0x108 CMakeFiles/pico41.dir/tree/downloaded_tools/pico/pico-sdk/src/common/pico_time/time.c.obj
 .text.alarm_pool_alarm_callback
                0x0000000020003398      0x1c8 CMakeFiles/pico41.dir/tree/downloaded_tools/pico/pico-sdk/src/common/pico_time/time.c.obj
 .text.alarm_pool_init_default
                0x0000000020003560       0x64 CMakeFiles/pico41.dir/tree/downloaded_tools/pico/pico-sdk/src/common/pico_time/time.c.obj
                0x0000000020003560                alarm_pool_init_default
 .text.alarm_pool_get_default
                0x00000000200035c4        0x8 CMakeFiles/pico41.dir/tree/downloaded_tools/pico/pico-sdk/src/common/pico_time/time.c.obj
                0x00000000200035c4                alarm_pool_get_default
 .text.alarm_pool_add_alarm_at
                0x00000000200035cc      0x1ac CMakeFiles/pico41.dir/tree/downloaded_tools/pico/pico-sdk/src/common/pico_time/time.c.obj
                0x00000000200035cc                alarm_pool_add_alarm_at
 .text.sleep_until
                0x0000000020003778       0xac CMakeFiles/pico41.dir/tree/downloaded_tools/pico/pico-sdk/src/common/pico_time/time.c.obj
                0x0000000020003778                sleep_until
 .text.sleep_us
                0x0000000020003824       0x30 CMakeFiles/pico41.dir/tree/downloaded_tools/pico/pico-sdk/src/common/pico_time/time.c.obj
                0x0000000020003824                sleep_us
 .text.sleep_ms
                0x0000000020003854       0x38 CMakeFiles/pico41.dir/tree/downloaded_tools/pico/pico-sdk/src/common/pico_time/time.c.obj
                0x0000000020003854                sleep_ms
 .text.best_effort_wfe_or_timeout
                0x000000002000388c       0xd4 CMakeFiles/pico41.dir/tree/downloaded_tools/pico/pico-sdk/src/common/pico_time/time.c.obj
                0x000000002000388c                best_effort_wfe_or_timeout
 .text.hardware_alarm_irq_handler
                0x0000000020003960       0xb8 CMakeFiles/pico41.dir/tree/downloaded_tools/pico/pico-sdk/src/rp2_common/hardware_timer/timer.c.obj
 .text.hardware_alarm_claim
                0x0000000020003a18       0x18 CMakeFiles/pico41.dir/tree/downloaded_tools/pico/pico-sdk/src/rp2_common/hardware_timer/timer.c.obj
                0x0000000020003a18                hardware_alarm_claim
 .text.time_us_64
                0x0000000020003a30       0x14 CMakeFiles/pico41.dir/tree/downloaded_tools/pico/pico-sdk/src/rp2_common/hardware_timer/timer.c.obj
                0x0000000020003a30                time_us_64
 .text.busy_wait_us
                0x0000000020003a44       0x54 CMakeFiles/pico41.dir/tree/downloaded_tools/pico/pico-sdk/src/rp2_common/hardware_timer/timer.c.obj
                0x0000000020003a44                busy_wait_us
 .text.busy_wait_until
                0x0000000020003a98       0x20 CMakeFiles/pico41.dir/tree/downloaded_tools/pico/pico-sdk/src/rp2_common/hardware_timer/timer.c.obj
                0x0000000020003a98                busy_wait_until
 .text.hardware_alarm_set_callback
                0x0000000020003ab8       0x8c CMakeFiles/pico41.dir/tree/downloaded_tools/pico/pico-sdk/src/rp2_common/hardware_timer/timer.c.obj
                0x0000000020003ab8                hardware_alarm_set_callback
 .text.hardware_alarm_set_target
                0x0000000020003b44       0xe4 CMakeFiles/pico41.dir/tree/downloaded_tools/pico/pico-sdk/src/rp2_common/hardware_timer/timer.c.obj
                0x0000000020003b44                hardware_alarm_set_target
 .text.hardware_alarm_cancel
                0x0000000020003c28       0x40 CMakeFiles/pico41.dir/tree/downloaded_tools/pico/pico-sdk/src/rp2_common/hardware_timer/timer.c.obj
                0x0000000020003c28                hardware_alarm_cancel
 .text.ph_merge_nodes
                0x0000000020003c68       0x68 CMakeFiles/pico41.dir/tree/downloaded_tools/pico/pico-sdk/src/common/pico_util/pheap.c.obj
 .text.ph_post_alloc_init
                0x0000000020003cd0       0x3c CMakeFiles/pico41.dir/tree/downloaded_tools/pico/pico-sdk/src/common/pico_util/pheap.c.obj
                0x0000000020003cd0                ph_post_alloc_init
 .text.ph_merge_two_pass
                0x0000000020003d0c       0x90 CMakeFiles/pico41.dir/tree/downloaded_tools/pico/pico-sdk/src/common/pico_util/pheap.c.obj
                0x0000000020003d0c                ph_merge_two_pass
 .text.ph_remove_any_head
                0x0000000020003d9c       0xf8 CMakeFiles/pico41.dir/tree/downloaded_tools/pico/pico-sdk/src/common/pico_util/pheap.c.obj
 .text.ph_remove_head
                0x0000000020003e94      0x13c CMakeFiles/pico41.dir/tree/downloaded_tools/pico/pico-sdk/src/common/pico_util/pheap.c.obj
                0x0000000020003e94                ph_remove_head
 .text.ph_remove_and_free_node
                0x0000000020003fd0       0x7c CMakeFiles/pico41.dir/tree/downloaded_tools/pico/pico-sdk/src/common/pico_util/pheap.c.obj
                0x0000000020003fd0                ph_remove_and_free_node
 .text.mutex_init
                0x000000002000404c       0x1c CMakeFiles/pico41.dir/tree/downloaded_tools/pico/pico-sdk/src/common/pico_sync/mutex.c.obj
                0x000000002000404c                mutex_init
 .text.recursive_mutex_init
                0x0000000020004068       0x1c CMakeFiles/pico41.dir/tree/downloaded_tools/pico/pico-sdk/src/common/pico_sync/mutex.c.obj
                0x0000000020004068                recursive_mutex_init
 .text.critical_section_init
                0x0000000020004084       0x1c CMakeFiles/pico41.dir/tree/downloaded_tools/pico/pico-sdk/src/common/pico_sync/critical_section.c.obj
                0x0000000020004084                critical_section_init
 .text.runtime_init
                0x00000000200040a0       0xf0 CMakeFiles/pico41.dir/tree/downloaded_tools/pico/pico-sdk/src/rp2_common/pico_runtime/runtime.c.obj
                0x00000000200040a0                runtime_init
 .text.exit     0x0000000020004190        0x4 CMakeFiles/pico41.dir/tree/downloaded_tools/pico/pico-sdk/src/rp2_common/pico_runtime/runtime.c.obj
                0x0000000020004190                exit
 .text.panic    0x0000000020004194       0x30 CMakeFiles/pico41.dir/tree/downloaded_tools/pico/pico-sdk/src/rp2_common/pico_runtime/runtime.c.obj
                0x0000000020004194                panic
 .text.hard_assertion_failure
                0x00000000200041c4        0xc CMakeFiles/pico41.dir/tree/downloaded_tools/pico/pico-sdk/src/rp2_common/pico_runtime/runtime.c.obj
                0x00000000200041c4                hard_assertion_failure
 .text.clock_configure
                0x00000000200041d0      0x114 CMakeFiles/pico41.dir/tree/downloaded_tools/pico/pico-sdk/src/rp2_common/hardware_clocks/clocks.c.obj
                0x00000000200041d0                clock_configure
 .text.clocks_init
                0x00000000200042e4      0x2bc CMakeFiles/pico41.dir/tree/downloaded_tools/pico/pico-sdk/src/rp2_common/hardware_clocks/clocks.c.obj
                0x00000000200042e4                clocks_init
 .text.clock_get_hz
                0x00000000200045a0        0xc CMakeFiles/pico41.dir/tree/downloaded_tools/pico/pico-sdk/src/rp2_common/hardware_clocks/clocks.c.obj
                0x00000000200045a0                clock_get_hz
 .text.pll_init
                0x00000000200045ac       0xa8 CMakeFiles/pico41.dir/tree/downloaded_tools/pico/pico-sdk/src/rp2_common/hardware_pll/pll.c.obj
                0x00000000200045ac                pll_init
 .text.watchdog_start_tick
                0x0000000020004654       0x10 CMakeFiles/pico41.dir/tree/downloaded_tools/pico/pico-sdk/src/rp2_common/hardware_watchdog/watchdog.c.obj
                0x0000000020004654                watchdog_start_tick
 .text.watchdog_reboot
                0x0000000020004664       0x98 CMakeFiles/pico41.dir/tree/downloaded_tools/pico/pico-sdk/src/rp2_common/hardware_watchdog/watchdog.c.obj
                0x0000000020004664                watchdog_reboot
 .text.xosc_init
                0x00000000200046fc       0x28 CMakeFiles/pico41.dir/tree/downloaded_tools/pico/pico-sdk/src/rp2_common/hardware_xosc/xosc.c.obj
                0x00000000200046fc                xosc_init
 .text._out_null
                0x0000000020004724        0x4 CMakeFiles/pico41.dir/tree/downloaded_tools/pico/pico-sdk/src/rp2_common/pico_printf/printf.c.obj
 .text._out_rev
                0x0000000020004728       0xd0 CMakeFiles/pico41.dir/tree/downloaded_tools/pico/pico-sdk/src/rp2_common/pico_printf/printf.c.obj
 .text._ntoa_format
                0x00000000200047f8      0x1d0 CMakeFiles/pico41.dir/tree/downloaded_tools/pico/pico-sdk/src/rp2_common/pico_printf/printf.c.obj
 .text._out_char
                0x00000000200049c8       0x10 CMakeFiles/pico41.dir/tree/downloaded_tools/pico/pico-sdk/src/rp2_common/pico_printf/printf.c.obj
 .text._out_fct
                0x00000000200049d8       0x10 CMakeFiles/pico41.dir/tree/downloaded_tools/pico/pico-sdk/src/rp2_common/pico_printf/printf.c.obj
 .text._etoa    0x00000000200049e8      0x478 CMakeFiles/pico41.dir/tree/downloaded_tools/pico/pico-sdk/src/rp2_common/pico_printf/printf.c.obj
 .text._ftoa    0x0000000020004e60      0x3e0 CMakeFiles/pico41.dir/tree/downloaded_tools/pico/pico-sdk/src/rp2_common/pico_printf/printf.c.obj
 .text._vsnprintf
                0x0000000020005240      0xb08 CMakeFiles/pico41.dir/tree/downloaded_tools/pico/pico-sdk/src/rp2_common/pico_printf/printf.c.obj
 .text.vfctprintf
                0x0000000020005d48       0x20 CMakeFiles/pico41.dir/tree/downloaded_tools/pico/pico-sdk/src/rp2_common/pico_printf/printf.c.obj
                0x0000000020005d48                vfctprintf
 .text.weak_raw_vprintf
                0x0000000020005d68       0x30 CMakeFiles/pico41.dir/tree/downloaded_tools/pico/pico-sdk/src/rp2_common/pico_printf/printf.c.obj
                0x0000000020005d68                weak_raw_vprintf
 .text          0x0000000020005d98       0x10 CMakeFiles/pico41.dir/tree/downloaded_tools/pico/pico-sdk/src/rp2_common/pico_bit_ops/bit_ops_aeabi.S.obj
 .text.rom_func_lookup
                0x0000000020005da8       0x10 CMakeFiles/pico41.dir/tree/downloaded_tools/pico/pico-sdk/src/rp2_common/pico_bootrom/bootrom.c.obj
                0x0000000020005da8                rom_func_lookup
 .text.rom_data_lookup
                0x0000000020005db8       0x10 CMakeFiles/pico41.dir/tree/downloaded_tools/pico/pico-sdk/src/rp2_common/pico_bootrom/bootrom.c.obj
                0x0000000020005db8                rom_data_lookup
 .text.rom_funcs_lookup
                0x0000000020005dc8       0x3c CMakeFiles/pico41.dir/tree/downloaded_tools/pico/pico-sdk/src/rp2_common/pico_bootrom/bootrom.c.obj
                0x0000000020005dc8                rom_funcs_lookup
 .text.__wrap___aeabi_idiv
                0x0000000020005e04       0x50 CMakeFiles/pico41.dir/tree/downloaded_tools/pico/pico-sdk/src/rp2_common/pico_divider/divider.S.obj
                0x0000000020005e04                __wrap___aeabi_idivmod
                0x0000000020005e04                divmod_s32s32
                0x0000000020005e04                div_s32s32
                0x0000000020005e04                __wrap___aeabi_idiv
                0x0000000020005e0c                divmod_s32s32_unsafe
                0x0000000020005e38                divmod_s32s32_savestate
 .text.__wrap___aeabi_uidiv
                0x0000000020005e54       0x4c CMakeFiles/pico41.dir/tree/downloaded_tools/pico/pico-sdk/src/rp2_common/pico_divider/divider.S.obj
                0x0000000020005e54                __wrap___aeabi_uidiv
                0x0000000020005e54                __wrap___aeabi_uidivmod
                0x0000000020005e54                div_u32u32
                0x0000000020005e54                divmod_u32u32
                0x0000000020005e5c                divmod_u32u32_unsafe
                0x0000000020005e84                divmod_u32u32_savestate
 .text.__wrap___aeabi_ldiv
                0x0000000020005ea0      0x434 CMakeFiles/pico41.dir/tree/downloaded_tools/pico/pico-sdk/src/rp2_common/pico_divider/divider.S.obj
                0x0000000020005ea0                div_s64s64
                0x0000000020005ea0                divmod_s64s64
                0x0000000020005ea0                __wrap___aeabi_ldivmod
                0x0000000020005ed8                div_u64u64
                0x0000000020005ed8                divmod_u64u64
                0x0000000020005ed8                __wrap___aeabi_uldivmod
                0x0000000020005ee8                divmod_u64u64_savestate
                0x0000000020005f10                divmod_s64s64_unsafe
                0x0000000020005f98                divmod_u64u64_unsafe
 .text.__wrap___aeabi_darithmetic
                0x00000000200062d4       0x80 CMakeFiles/pico41.dir/tree/downloaded_tools/pico/pico-sdk/src/rp2_common/pico_double/double_aeabi.S.obj
                0x00000000200062d4                __wrap___aeabi_drsub
                0x00000000200062da                __wrap___aeabi_dsub
                0x00000000200062ec                __wrap___aeabi_dadd
                0x00000000200062fe                __wrap___aeabi_ddiv
                0x000000002000633a                __wrap___aeabi_dmul
 .text.__wrap___aeabi_cdcmple
                0x0000000020006354       0x6c CMakeFiles/pico41.dir/tree/downloaded_tools/pico/pico-sdk/src/rp2_common/pico_double/double_aeabi.S.obj
                0x0000000020006354                __wrap___aeabi_cdrcmple
                0x0000000020006364                __wrap___aeabi_cdcmple
                0x0000000020006364                __wrap___aeabi_cdcmpeq
 .text.__wrap___aeabi_dcmplt
                0x00000000200063c0        0xc CMakeFiles/pico41.dir/tree/downloaded_tools/pico/pico-sdk/src/rp2_common/pico_double/double_aeabi.S.obj
                0x00000000200063c0                __wrap___aeabi_dcmplt
 .text.__wrap___aeabi_dcmple
                0x00000000200063cc       0x10 CMakeFiles/pico41.dir/tree/downloaded_tools/pico/pico-sdk/src/rp2_common/pico_double/double_aeabi.S.obj
                0x00000000200063cc                __wrap___aeabi_dcmple
 .text.__wrap___aeabi_dcmpge
                0x00000000200063dc       0x10 CMakeFiles/pico41.dir/tree/downloaded_tools/pico/pico-sdk/src/rp2_common/pico_double/double_aeabi.S.obj
                0x00000000200063dc                __wrap___aeabi_dcmpge
 .text.__wrap___aeabi_dcmpgt
                0x00000000200063ec        0xa CMakeFiles/pico41.dir/tree/downloaded_tools/pico/pico-sdk/src/rp2_common/pico_double/double_aeabi.S.obj
                0x00000000200063ec                __wrap___aeabi_dcmpgt
 .text.__wrap___aeabi_dcmpun
                0x00000000200063f6       0x1c CMakeFiles/pico41.dir/tree/downloaded_tools/pico/pico-sdk/src/rp2_common/pico_double/double_aeabi.S.obj
                0x00000000200063f6                __wrap___aeabi_dcmpun
 *fill*         0x0000000020006412        0x2 
 .text.__wrap___aeabi_i2d
                0x0000000020006414       0x38 CMakeFiles/pico41.dir/tree/downloaded_tools/pico/pico-sdk/src/rp2_common/pico_double/double_aeabi.S.obj
                0x0000000020006414                __wrap___aeabi_ui2d
                0x000000002000641c                __wrap___aeabi_i2d
 .text.__wrap___aeabi_d2iz
                0x000000002000644c       0x48 CMakeFiles/pico41.dir/tree/downloaded_tools/pico/pico-sdk/src/rp2_common/pico_double/double_aeabi.S.obj
                0x000000002000644c                __wrap___aeabi_d2iz
                0x000000002000644c                double2int_z
 .text.__wrap___aeabi_d2uiz
                0x0000000020006494       0x18 CMakeFiles/pico41.dir/tree/downloaded_tools/pico/pico-sdk/src/rp2_common/pico_double/double_aeabi.S.obj
                0x0000000020006494                double2uint
                0x0000000020006494                __wrap___aeabi_d2uiz
 .text.__aeabi_double_init
                0x00000000200064ac       0xc0 CMakeFiles/pico41.dir/tree/downloaded_tools/pico/pico-sdk/src/rp2_common/pico_double/double_init_rom.c.obj
                0x00000000200064ac                __aeabi_double_init
 .text.double_table_shim_on_use_helper
                0x000000002000656c       0x2c CMakeFiles/pico41.dir/tree/downloaded_tools/pico/pico-sdk/src/rp2_common/pico_double/double_v1_rom_shim.S.obj
                0x000000002000656c                double_table_shim_on_use_helper
 .text.__wrap___aeabi_dsub
                0x0000000020006598       0x10 CMakeFiles/pico41.dir/tree/downloaded_tools/pico/pico-sdk/src/rp2_common/pico_double/double_v1_rom_shim.S.obj
                0x0000000020006598                drsub_shim
                0x000000002000659e                dsub_shim
 .text.dadd_shim
                0x00000000200065a8      0x15c CMakeFiles/pico41.dir/tree/downloaded_tools/pico/pico-sdk/src/rp2_common/pico_double/double_v1_rom_shim.S.obj
                0x00000000200065a8                dadd_shim
 .text.dmul_shim
                0x0000000020006704      0x15c CMakeFiles/pico41.dir/tree/downloaded_tools/pico/pico-sdk/src/rp2_common/pico_double/double_v1_rom_shim.S.obj
                0x0000000020006704                dmul_shim
 .text.ddiv_shim
                0x0000000020006860      0x1b0 CMakeFiles/pico41.dir/tree/downloaded_tools/pico/pico-sdk/src/rp2_common/pico_double/double_v1_rom_shim.S.obj
                0x0000000020006860                ddiv_shim
 .text.double2uint_shim
                0x0000000020006a10        0xe CMakeFiles/pico41.dir/tree/downloaded_tools/pico/pico-sdk/src/rp2_common/pico_double/double_v1_rom_shim.S.obj
                0x0000000020006a10                double2uint_shim
                0x0000000020006a12                double2ufix_shim
 *fill*         0x0000000020006a1e        0x2 
 .text.double2uint64_shim
                0x0000000020006a20       0x70 CMakeFiles/pico41.dir/tree/downloaded_tools/pico/pico-sdk/src/rp2_common/pico_double/double_v1_rom_shim.S.obj
                0x0000000020006a20                double2uint64_shim
                0x0000000020006a22                double2ufix64_shim
                0x0000000020006a42                d2fix_a
 .text.dunpacks
                0x0000000020006a90       0x3c CMakeFiles/pico41.dir/tree/downloaded_tools/pico/pico-sdk/src/rp2_common/pico_double/double_v1_rom_shim.S.obj
                0x0000000020006a90                dunpacks
 .text.__aeabi_lmul
                0x0000000020006acc       0x32 CMakeFiles/pico41.dir/tree/downloaded_tools/pico/pico-sdk/src/rp2_common/pico_int64_ops/pico_int64_ops_aeabi.S.obj
                0x0000000020006acc                __wrap___aeabi_lmul
 *fill*         0x0000000020006afe        0x2 
 .text.__aeabi_float_init
                0x0000000020006b00       0x64 CMakeFiles/pico41.dir/tree/downloaded_tools/pico/pico-sdk/src/rp2_common/pico_float/float_init_rom.c.obj
                0x0000000020006b00                __aeabi_float_init
 .text.float_table_shim_on_use_helper
                0x0000000020006b64       0x2c CMakeFiles/pico41.dir/tree/downloaded_tools/pico/pico-sdk/src/rp2_common/pico_float/float_v1_rom_shim.S.obj
                0x0000000020006b64                float_table_shim_on_use_helper
 .text          0x0000000020006b90       0x10 CMakeFiles/pico41.dir/tree/downloaded_tools/pico/pico-sdk/src/rp2_common/pico_mem_ops/mem_ops_aeabi.S.obj
                0x0000000020006b90                __aeabi_mem_init
 .text.memset   0x0000000020006ba0        0xc CMakeFiles/pico41.dir/tree/downloaded_tools/pico/pico-sdk/src/rp2_common/pico_mem_ops/mem_ops_aeabi.S.obj
                0x0000000020006ba0                __wrap_memset
 .text.memcpy   0x0000000020006bac        0xc CMakeFiles/pico41.dir/tree/downloaded_tools/pico/pico-sdk/src/rp2_common/pico_mem_ops/mem_ops_aeabi.S.obj
                0x0000000020006bac                __wrap___aeabi_memcpy
                0x0000000020006bac                __wrap_memcpy
 .text.stdio_out_chars_no_crlf
                0x0000000020006bb8       0x10 CMakeFiles/pico41.dir/tree/downloaded_tools/pico/pico-sdk/src/rp2_common/pico_stdio/stdio.c.obj
 .text.stdio_out_chars_crlf
                0x0000000020006bc8       0x94 CMakeFiles/pico41.dir/tree/downloaded_tools/pico/pico-sdk/src/rp2_common/pico_stdio/stdio.c.obj
 .text.stdio_buffered_printer
                0x0000000020006c5c       0x64 CMakeFiles/pico41.dir/tree/downloaded_tools/pico/pico-sdk/src/rp2_common/pico_stdio/stdio.c.obj
 .text.stdio_put_string
                0x0000000020006cc0      0x100 CMakeFiles/pico41.dir/tree/downloaded_tools/pico/pico-sdk/src/rp2_common/pico_stdio/stdio.c.obj
 .text.__wrap_putchar
                0x0000000020006dc0       0xa4 CMakeFiles/pico41.dir/tree/downloaded_tools/pico/pico-sdk/src/rp2_common/pico_stdio/stdio.c.obj
                0x0000000020006dc0                __wrap_putchar
 .text.__wrap_puts
                0x0000000020006e64       0x3c CMakeFiles/pico41.dir/tree/downloaded_tools/pico/pico-sdk/src/rp2_common/pico_stdio/stdio.c.obj
                0x0000000020006e64                __wrap_puts
 .text.stdio_set_driver_enabled
                0x0000000020006ea0       0x30 CMakeFiles/pico41.dir/tree/downloaded_tools/pico/pico-sdk/src/rp2_common/pico_stdio/stdio.c.obj
                0x0000000020006ea0                stdio_set_driver_enabled
 .text.stdio_flush
                0x0000000020006ed0       0x28 CMakeFiles/pico41.dir/tree/downloaded_tools/pico/pico-sdk/src/rp2_common/pico_stdio/stdio.c.obj
                0x0000000020006ed0                stdio_flush
 .text.__wrap_vprintf
                0x0000000020006ef8       0xd8 CMakeFiles/pico41.dir/tree/downloaded_tools/pico/pico-sdk/src/rp2_common/pico_stdio/stdio.c.obj
                0x0000000020006ef8                __wrap_vprintf
 .text.__wrap_printf
                0x0000000020006fd0       0x18 CMakeFiles/pico41.dir/tree/downloaded_tools/pico/pico-sdk/src/rp2_common/pico_stdio/stdio.c.obj
                0x0000000020006fd0                __wrap_printf
 .text.stdio_init_all
                0x0000000020006fe8        0x8 CMakeFiles/pico41.dir/tree/downloaded_tools/pico/pico-sdk/src/rp2_common/pico_stdio/stdio.c.obj
                0x0000000020006fe8                stdio_init_all
 .text.getchar_timeout_us
                0x0000000020006ff0       0xa4 CMakeFiles/pico41.dir/tree/downloaded_tools/pico/pico-sdk/src/rp2_common/pico_stdio/stdio.c.obj
                0x0000000020006ff0                getchar_timeout_us
 .text.resetd_init
                0x0000000020007094        0x4 CMakeFiles/pico41.dir/tree/downloaded_tools/pico/pico-sdk/src/rp2_common/pico_stdio_usb/reset_interface.c.obj
 .text.resetd_reset
                0x0000000020007098        0xc CMakeFiles/pico41.dir/tree/downloaded_tools/pico/pico-sdk/src/rp2_common/pico_stdio_usb/reset_interface.c.obj
 .text.resetd_open
                0x00000000200070a4       0x28 CMakeFiles/pico41.dir/tree/downloaded_tools/pico/pico-sdk/src/rp2_common/pico_stdio_usb/reset_interface.c.obj
 .text.resetd_xfer_cb
                0x00000000200070cc        0x4 CMakeFiles/pico41.dir/tree/downloaded_tools/pico/pico-sdk/src/rp2_common/pico_stdio_usb/reset_interface.c.obj
 .text.resetd_control_xfer_cb
                0x00000000200070d0       0x64 CMakeFiles/pico41.dir/tree/downloaded_tools/pico/pico-sdk/src/rp2_common/pico_stdio_usb/reset_interface.c.obj
 .text.usbd_app_driver_get_cb
                0x0000000020007134        0xc CMakeFiles/pico41.dir/tree/downloaded_tools/pico/pico-sdk/src/rp2_common/pico_stdio_usb/reset_interface.c.obj
                0x0000000020007134                usbd_app_driver_get_cb
 .text.tud_cdc_line_coding_cb
                0x0000000020007140       0x34 CMakeFiles/pico41.dir/tree/downloaded_tools/pico/pico-sdk/src/rp2_common/pico_stdio_usb/reset_interface.c.obj
                0x0000000020007140                tud_cdc_line_coding_cb
 .text.stdio_usb_in_chars
                0x0000000020007174       0x68 CMakeFiles/pico41.dir/tree/downloaded_tools/pico/pico-sdk/src/rp2_common/pico_stdio_usb/stdio_usb.c.obj
                0x0000000020007174                stdio_usb_in_chars
 .text.stdio_usb_out_chars
                0x00000000200071dc       0xec CMakeFiles/pico41.dir/tree/downloaded_tools/pico/pico-sdk/src/rp2_common/pico_stdio_usb/stdio_usb.c.obj
 .text.timer_task
                0x00000000200072c8       0x18 CMakeFiles/pico41.dir/tree/downloaded_tools/pico/pico-sdk/src/rp2_common/pico_stdio_usb/stdio_usb.c.obj
 .text.usb_irq  0x00000000200072e0       0x10 CMakeFiles/pico41.dir/tree/downloaded_tools/pico/pico-sdk/src/rp2_common/pico_stdio_usb/stdio_usb.c.obj
 .text.low_priority_worker_irq
                0x00000000200072f0       0x24 CMakeFiles/pico41.dir/tree/downloaded_tools/pico/pico-sdk/src/rp2_common/pico_stdio_usb/stdio_usb.c.obj
 .text.stdio_usb_init
                0x0000000020007314       0xb0 CMakeFiles/pico41.dir/tree/downloaded_tools/pico/pico-sdk/src/rp2_common/pico_stdio_usb/stdio_usb.c.obj
                0x0000000020007314                stdio_usb_init
 .text.tud_descriptor_device_cb
                0x00000000200073c4        0x8 CMakeFiles/pico41.dir/tree/downloaded_tools/pico/pico-sdk/src/rp2_common/pico_stdio_usb/stdio_usb_descriptors.c.obj
                0x00000000200073c4                tud_descriptor_device_cb
 .text.tud_descriptor_configuration_cb
                0x00000000200073cc        0x8 CMakeFiles/pico41.dir/tree/downloaded_tools/pico/pico-sdk/src/rp2_common/pico_stdio_usb/stdio_usb_descriptors.c.obj
                0x00000000200073cc                tud_descriptor_configuration_cb
 .text.tud_descriptor_string_cb
                0x00000000200073d4       0x70 CMakeFiles/pico41.dir/tree/downloaded_tools/pico/pico-sdk/src/rp2_common/pico_stdio_usb/stdio_usb_descriptors.c.obj
                0x00000000200073d4                tud_descriptor_string_cb
 .text.dcd_rp2040_irq
                0x0000000020007444      0x21c CMakeFiles/pico41.dir/tree/downloaded_tools/pico/pico-sdk/lib/tinyusb/src/portable/raspberrypi/rp2040/dcd_rp2040.c.obj
 .text.dcd_int_enable
                0x0000000020007660        0xc CMakeFiles/pico41.dir/tree/downloaded_tools/pico/pico-sdk/lib/tinyusb/src/portable/raspberrypi/rp2040/dcd_rp2040.c.obj
                0x0000000020007660                dcd_int_enable
 .text.dcd_set_address
                0x000000002000766c       0x14 CMakeFiles/pico41.dir/tree/downloaded_tools/pico/pico-sdk/lib/tinyusb/src/portable/raspberrypi/rp2040/dcd_rp2040.c.obj
                0x000000002000766c                dcd_set_address
 .text.dcd_connect
                0x0000000020007680       0x10 CMakeFiles/pico41.dir/tree/downloaded_tools/pico/pico-sdk/lib/tinyusb/src/portable/raspberrypi/rp2040/dcd_rp2040.c.obj
                0x0000000020007680                dcd_connect
 .text.dcd_init
                0x0000000020007690      0x148 CMakeFiles/pico41.dir/tree/downloaded_tools/pico/pico-sdk/lib/tinyusb/src/portable/raspberrypi/rp2040/dcd_rp2040.c.obj
                0x0000000020007690                dcd_init
 .text.dcd_edpt0_status_complete
                0x00000000200077d8       0x1c CMakeFiles/pico41.dir/tree/downloaded_tools/pico/pico-sdk/lib/tinyusb/src/portable/raspberrypi/rp2040/dcd_rp2040.c.obj
                0x00000000200077d8                dcd_edpt0_status_complete
 .text.dcd_edpt_open
                0x00000000200077f4       0xf0 CMakeFiles/pico41.dir/tree/downloaded_tools/pico/pico-sdk/lib/tinyusb/src/portable/raspberrypi/rp2040/dcd_rp2040.c.obj
                0x00000000200077f4                dcd_edpt_open
 .text.dcd_edpt_close_all
                0x00000000200078e4       0xbc CMakeFiles/pico41.dir/tree/downloaded_tools/pico/pico-sdk/lib/tinyusb/src/portable/raspberrypi/rp2040/dcd_rp2040.c.obj
                0x00000000200078e4                dcd_edpt_close_all
 .text.dcd_edpt_xfer
                0x00000000200079a0       0x24 CMakeFiles/pico41.dir/tree/downloaded_tools/pico/pico-sdk/lib/tinyusb/src/portable/raspberrypi/rp2040/dcd_rp2040.c.obj
                0x00000000200079a0                dcd_edpt_xfer
 .text.dcd_edpt_stall
                0x00000000200079c4       0x38 CMakeFiles/pico41.dir/tree/downloaded_tools/pico/pico-sdk/lib/tinyusb/src/portable/raspberrypi/rp2040/dcd_rp2040.c.obj
                0x00000000200079c4                dcd_edpt_stall
 .text.dcd_edpt_clear_stall
                0x00000000200079fc       0x30 CMakeFiles/pico41.dir/tree/downloaded_tools/pico/pico-sdk/lib/tinyusb/src/portable/raspberrypi/rp2040/dcd_rp2040.c.obj
                0x00000000200079fc                dcd_edpt_clear_stall
 .text._hw_endpoint_buffer_control_update32.part.0
                0x0000000020007a2c       0x20 CMakeFiles/pico41.dir/tree/downloaded_tools/pico/pico-sdk/lib/tinyusb/src/portable/raspberrypi/rp2040/rp2040_usb.c.obj
 .text.rp2040_usb_init
                0x0000000020007a4c       0x4c CMakeFiles/pico41.dir/tree/downloaded_tools/pico/pico-sdk/lib/tinyusb/src/portable/raspberrypi/rp2040/rp2040_usb.c.obj
                0x0000000020007a4c                rp2040_usb_init
 .text.hw_endpoint_reset_transfer
                0x0000000020007a98        0xc CMakeFiles/pico41.dir/tree/downloaded_tools/pico/pico-sdk/lib/tinyusb/src/portable/raspberrypi/rp2040/rp2040_usb.c.obj
                0x0000000020007a98                hw_endpoint_reset_transfer
 .text._hw_endpoint_buffer_control_update32
                0x0000000020007aa4       0x40 CMakeFiles/pico41.dir/tree/downloaded_tools/pico/pico-sdk/lib/tinyusb/src/portable/raspberrypi/rp2040/rp2040_usb.c.obj
                0x0000000020007aa4                _hw_endpoint_buffer_control_update32
 .text.hw_endpoint_xfer_start
                0x0000000020007ae4      0x138 CMakeFiles/pico41.dir/tree/downloaded_tools/pico/pico-sdk/lib/tinyusb/src/portable/raspberrypi/rp2040/rp2040_usb.c.obj
                0x0000000020007ae4                hw_endpoint_xfer_start
 .text.hw_endpoint_xfer_continue
                0x0000000020007c1c      0x1e4 CMakeFiles/pico41.dir/tree/downloaded_tools/pico/pico-sdk/lib/tinyusb/src/portable/raspberrypi/rp2040/rp2040_usb.c.obj
                0x0000000020007c1c                hw_endpoint_xfer_continue
 .text.tud_mounted
                0x0000000020007e00       0x10 CMakeFiles/pico41.dir/tree/downloaded_tools/pico/pico-sdk/lib/tinyusb/src/device/usbd.c.obj
                0x0000000020007e00                tud_mounted
 .text.tud_suspended
                0x0000000020007e10       0x10 CMakeFiles/pico41.dir/tree/downloaded_tools/pico/pico-sdk/lib/tinyusb/src/device/usbd.c.obj
                0x0000000020007e10                tud_suspended
 .text.tud_inited
                0x0000000020007e20        0xc CMakeFiles/pico41.dir/tree/downloaded_tools/pico/pico-sdk/lib/tinyusb/src/device/usbd.c.obj
                0x0000000020007e20                tud_inited
 .text.tud_init
                0x0000000020007e2c       0xd8 CMakeFiles/pico41.dir/tree/downloaded_tools/pico/pico-sdk/lib/tinyusb/src/device/usbd.c.obj
                0x0000000020007e2c                tud_init
 .text.tud_task
                0x0000000020007f04      0x8ec CMakeFiles/pico41.dir/tree/downloaded_tools/pico/pico-sdk/lib/tinyusb/src/device/usbd.c.obj
                0x0000000020007f04                tud_task
 .text.dcd_event_bus_signal
                0x00000000200087f0      0x120 CMakeFiles/pico41.dir/tree/downloaded_tools/pico/pico-sdk/lib/tinyusb/src/device/usbd.c.obj
                0x00000000200087f0                dcd_event_bus_signal
 .text.dcd_event_bus_reset
                0x0000000020008910       0x54 CMakeFiles/pico41.dir/tree/downloaded_tools/pico/pico-sdk/lib/tinyusb/src/device/usbd.c.obj
                0x0000000020008910                dcd_event_bus_reset
 .text.dcd_event_setup_received
                0x0000000020008964       0x50 CMakeFiles/pico41.dir/tree/downloaded_tools/pico/pico-sdk/lib/tinyusb/src/device/usbd.c.obj
                0x0000000020008964                dcd_event_setup_received
 .text.dcd_event_xfer_complete
                0x00000000200089b4       0x68 CMakeFiles/pico41.dir/tree/downloaded_tools/pico/pico-sdk/lib/tinyusb/src/device/usbd.c.obj
                0x00000000200089b4                dcd_event_xfer_complete
 .text.usbd_open_edpt_pair
                0x0000000020008a1c       0x80 CMakeFiles/pico41.dir/tree/downloaded_tools/pico/pico-sdk/lib/tinyusb/src/device/usbd.c.obj
                0x0000000020008a1c                usbd_open_edpt_pair
 .text.usbd_edpt_open
                0x0000000020008a9c       0x30 CMakeFiles/pico41.dir/tree/downloaded_tools/pico/pico-sdk/lib/tinyusb/src/device/usbd.c.obj
                0x0000000020008a9c                usbd_edpt_open
 .text.usbd_edpt_claim
                0x0000000020008acc       0x64 CMakeFiles/pico41.dir/tree/downloaded_tools/pico/pico-sdk/lib/tinyusb/src/device/usbd.c.obj
                0x0000000020008acc                usbd_edpt_claim
 .text.usbd_edpt_release
                0x0000000020008b30       0x4c CMakeFiles/pico41.dir/tree/downloaded_tools/pico/pico-sdk/lib/tinyusb/src/device/usbd.c.obj
                0x0000000020008b30                usbd_edpt_release
 .text.usbd_edpt_xfer
                0x0000000020008b7c       0x48 CMakeFiles/pico41.dir/tree/downloaded_tools/pico/pico-sdk/lib/tinyusb/src/device/usbd.c.obj
                0x0000000020008b7c                usbd_edpt_xfer
 .text.tud_control_status
                0x0000000020008bc4       0x30 CMakeFiles/pico41.dir/tree/downloaded_tools/pico/pico-sdk/lib/tinyusb/src/device/usbd_control.c.obj
                0x0000000020008bc4                tud_control_status
 .text.tud_control_xfer
                0x0000000020008bf4       0xb8 CMakeFiles/pico41.dir/tree/downloaded_tools/pico/pico-sdk/lib/tinyusb/src/device/usbd_control.c.obj
                0x0000000020008bf4                tud_control_xfer
 .text.usbd_control_reset
                0x0000000020008cac       0x14 CMakeFiles/pico41.dir/tree/downloaded_tools/pico/pico-sdk/lib/tinyusb/src/device/usbd_control.c.obj
                0x0000000020008cac                usbd_control_reset
 .text.usbd_control_set_complete_callback
                0x0000000020008cc0        0xc CMakeFiles/pico41.dir/tree/downloaded_tools/pico/pico-sdk/lib/tinyusb/src/device/usbd_control.c.obj
                0x0000000020008cc0                usbd_control_set_complete_callback
 .text.usbd_control_set_request
                0x0000000020008ccc       0x1c CMakeFiles/pico41.dir/tree/downloaded_tools/pico/pico-sdk/lib/tinyusb/src/device/usbd_control.c.obj
                0x0000000020008ccc                usbd_control_set_request
 .text.usbd_control_xfer_cb
                0x0000000020008ce8       0xf8 CMakeFiles/pico41.dir/tree/downloaded_tools/pico/pico-sdk/lib/tinyusb/src/device/usbd_control.c.obj
                0x0000000020008ce8                usbd_control_xfer_cb
 .text.tud_cdc_n_connected
                0x0000000020008de0       0x30 CMakeFiles/pico41.dir/tree/downloaded_tools/pico/pico-sdk/lib/tinyusb/src/class/cdc/cdc_device.c.obj
                0x0000000020008de0                tud_cdc_n_connected
 .text.tud_cdc_n_available
                0x0000000020008e10       0x18 CMakeFiles/pico41.dir/tree/downloaded_tools/pico/pico-sdk/lib/tinyusb/src/class/cdc/cdc_device.c.obj
                0x0000000020008e10                tud_cdc_n_available
 .text.tud_cdc_n_read
                0x0000000020008e28       0x70 CMakeFiles/pico41.dir/tree/downloaded_tools/pico/pico-sdk/lib/tinyusb/src/class/cdc/cdc_device.c.obj
                0x0000000020008e28                tud_cdc_n_read
 .text.tud_cdc_n_write_flush
                0x0000000020008e98       0x78 CMakeFiles/pico41.dir/tree/downloaded_tools/pico/pico-sdk/lib/tinyusb/src/class/cdc/cdc_device.c.obj
                0x0000000020008e98                tud_cdc_n_write_flush
 .text.tud_cdc_n_write
                0x0000000020008f10       0x34 CMakeFiles/pico41.dir/tree/downloaded_tools/pico/pico-sdk/lib/tinyusb/src/class/cdc/cdc_device.c.obj
                0x0000000020008f10                tud_cdc_n_write
 .text.tud_cdc_n_write_available
                0x0000000020008f44       0x18 CMakeFiles/pico41.dir/tree/downloaded_tools/pico/pico-sdk/lib/tinyusb/src/class/cdc/cdc_device.c.obj
                0x0000000020008f44                tud_cdc_n_write_available
 .text.cdcd_init
                0x0000000020008f5c       0x7c CMakeFiles/pico41.dir/tree/downloaded_tools/pico/pico-sdk/lib/tinyusb/src/class/cdc/cdc_device.c.obj
                0x0000000020008f5c                cdcd_init
 .text.cdcd_reset
                0x0000000020008fd8       0x2c CMakeFiles/pico41.dir/tree/downloaded_tools/pico/pico-sdk/lib/tinyusb/src/class/cdc/cdc_device.c.obj
                0x0000000020008fd8                cdcd_reset
 .text.cdcd_open
                0x0000000020009004       0xe4 CMakeFiles/pico41.dir/tree/downloaded_tools/pico/pico-sdk/lib/tinyusb/src/class/cdc/cdc_device.c.obj
                0x0000000020009004                cdcd_open
 .text.cdcd_control_xfer_cb
                0x00000000200090e8       0xe4 CMakeFiles/pico41.dir/tree/downloaded_tools/pico/pico-sdk/lib/tinyusb/src/class/cdc/cdc_device.c.obj
                0x00000000200090e8                cdcd_control_xfer_cb
 .text.cdcd_xfer_cb
                0x00000000200091cc      0x198 CMakeFiles/pico41.dir/tree/downloaded_tools/pico/pico-sdk/lib/tinyusb/src/class/cdc/cdc_device.c.obj
                0x00000000200091cc                cdcd_xfer_cb
 .text.tusb_init
                0x0000000020009364        0xc CMakeFiles/pico41.dir/tree/downloaded_tools/pico/pico-sdk/lib/tinyusb/src/tusb.c.obj
                0x0000000020009364                tusb_init
 .text.tusb_inited
                0x0000000020009370        0x8 CMakeFiles/pico41.dir/tree/downloaded_tools/pico/pico-sdk/lib/tinyusb/src/tusb.c.obj
                0x0000000020009370                tusb_inited
 .text.tu_edpt_validate
                0x0000000020009378       0x78 CMakeFiles/pico41.dir/tree/downloaded_tools/pico/pico-sdk/lib/tinyusb/src/tusb.c.obj
                0x0000000020009378                tu_edpt_validate
 .text.tu_edpt_bind_driver
                0x00000000200093f0       0x2c CMakeFiles/pico41.dir/tree/downloaded_tools/pico/pico-sdk/lib/tinyusb/src/tusb.c.obj
                0x00000000200093f0                tu_edpt_bind_driver
 .text.tu_fifo_config
                0x000000002000941c       0x78 CMakeFiles/pico41.dir/tree/downloaded_tools/pico/pico-sdk/lib/tinyusb/src/common/tusb_fifo.c.obj
                0x000000002000941c                tu_fifo_config
 .text.tu_fifo_count
                0x0000000020009494       0x20 CMakeFiles/pico41.dir/tree/downloaded_tools/pico/pico-sdk/lib/tinyusb/src/common/tusb_fifo.c.obj
                0x0000000020009494                tu_fifo_count
 .text.tu_fifo_empty
                0x00000000200094b4       0x10 CMakeFiles/pico41.dir/tree/downloaded_tools/pico/pico-sdk/lib/tinyusb/src/common/tusb_fifo.c.obj
                0x00000000200094b4                tu_fifo_empty
 .text.tu_fifo_remaining
                0x00000000200094c4       0x1c CMakeFiles/pico41.dir/tree/downloaded_tools/pico/pico-sdk/lib/tinyusb/src/common/tusb_fifo.c.obj
                0x00000000200094c4                tu_fifo_remaining
 .text.tu_fifo_read
                0x00000000200094e0       0x9c CMakeFiles/pico41.dir/tree/downloaded_tools/pico/pico-sdk/lib/tinyusb/src/common/tusb_fifo.c.obj
                0x00000000200094e0                tu_fifo_read
 .text.tu_fifo_read_n
                0x000000002000957c      0x100 CMakeFiles/pico41.dir/tree/downloaded_tools/pico/pico-sdk/lib/tinyusb/src/common/tusb_fifo.c.obj
                0x000000002000957c                tu_fifo_read_n
 .text.tu_fifo_write
                0x000000002000967c       0x7c CMakeFiles/pico41.dir/tree/downloaded_tools/pico/pico-sdk/lib/tinyusb/src/common/tusb_fifo.c.obj
                0x000000002000967c                tu_fifo_write
 .text.tu_fifo_write_n
                0x00000000200096f8       0xf8 CMakeFiles/pico41.dir/tree/downloaded_tools/pico/pico-sdk/lib/tinyusb/src/common/tusb_fifo.c.obj
                0x00000000200096f8                tu_fifo_write_n
 .text.tu_fifo_clear
                0x00000000200097f0       0x4c CMakeFiles/pico41.dir/tree/downloaded_tools/pico/pico-sdk/lib/tinyusb/src/common/tusb_fifo.c.obj
                0x00000000200097f0                tu_fifo_clear
 .text.tu_fifo_set_overwritable
                0x000000002000983c       0x3c CMakeFiles/pico41.dir/tree/downloaded_tools/pico/pico-sdk/lib/tinyusb/src/common/tusb_fifo.c.obj
                0x000000002000983c                tu_fifo_set_overwritable
 .text.startup._retrieve_unique_id_on_boot
                0x0000000020009878       0x10 CMakeFiles/pico41.dir/tree/downloaded_tools/pico/pico-sdk/src/rp2_common/pico_unique_id/unique_id.c.obj
 .text.pico_get_unique_board_id_string
                0x0000000020009888      0x1bc CMakeFiles/pico41.dir/tree/downloaded_tools/pico/pico-sdk/src/rp2_common/pico_unique_id/unique_id.c.obj
                0x0000000020009888                pico_get_unique_board_id_string
 .text.flash_get_unique_id
                0x0000000020009a44       0x40 CMakeFiles/pico41.dir/tree/downloaded_tools/pico/pico-sdk/src/rp2_common/hardware_flash/flash.c.obj
                0x0000000020009a44                flash_get_unique_id
 .text.core1_trampoline
                0x0000000020009a84        0x4 CMakeFiles/pico41.dir/tree/downloaded_tools/pico/pico-sdk/src/rp2_common/pico_multicore/multicore.c.obj
 .text.core1_wrapper
                0x0000000020009a88        0xc CMakeFiles/pico41.dir/tree/downloaded_tools/pico/pico-sdk/src/rp2_common/pico_multicore/multicore.c.obj
                0x0000000020009a88                core1_wrapper
 .text.multicore_launch_core1_raw
                0x0000000020009a94       0x84 CMakeFiles/pico41.dir/tree/downloaded_tools/pico/pico-sdk/src/rp2_common/pico_multicore/multicore.c.obj
                0x0000000020009a94                multicore_launch_core1_raw
 .text.multicore_launch_core1
                0x0000000020009b18       0x4c CMakeFiles/pico41.dir/tree/downloaded_tools/pico/pico-sdk/src/rp2_common/pico_multicore/multicore.c.obj
                0x0000000020009b18                multicore_launch_core1
 .text          0x0000000020009b64        0x4 /usr/lib/gcc/arm-none-eabi/9.2.1/thumb/v6-m/nofp/libgcc.a(_dvmd_tls.o)
                0x0000000020009b64                __aeabi_ldiv0
                0x0000000020009b64                __aeabi_idiv0
 .text          0x0000000020009b68       0x18 /usr/lib/gcc/arm-none-eabi/9.2.1/thumb/v6-m/nofp/libgcc.a(_ashldi3.o)
                0x0000000020009b68                __ashldi3
                0x0000000020009b68                __aeabi_llsl
 .text          0x0000000020009b80       0x88 /usr/lib/gcc/arm-none-eabi/9.2.1/../../../arm-none-eabi/lib/thumb/v6-m/nofp/libc.a(lib_a-strcmp.o)
                0x0000000020009b80                strcmp
 .text          0x0000000020009c08       0x68 /usr/lib/gcc/arm-none-eabi/9.2.1/../../../arm-none-eabi/lib/thumb/v6-m/nofp/libc.a(lib_a-strlen-stub.o)
                0x0000000020009c08                strlen
 .text          0x0000000020009c70       0x94 /usr/lib/gcc/arm-none-eabi/9.2.1/../../../arm-none-eabi/lib/thumb/v6-m/nofp/libc.a(lib_a-strncmp.o)
                0x0000000020009c70                strncmp
 *(.fini)
 .fini          0x0000000020009d04        0x4 /usr/lib/gcc/arm-none-eabi/9.2.1/thumb/v6-m/nofp/crti.o
                0x0000000020009d04                _fini
 .fini.__stub   0x0000000020009d08       0x10 linker stubs
 *crtbegin.o(.ctors)
 *crtbegin?.o(.ctors)
 *(EXCLUDE_FILE(*crtend.o *crtend?.o) .ctors)
 *(SORT_BY_NAME(.ctors.*))
 *(.ctors)
 *crtbegin.o(.dtors)
 *crtbegin?.o(.dtors)
 *(EXCLUDE_FILE(*crtend.o *crtend?.o) .dtors)
 *(SORT_BY_NAME(.dtors.*))
 *(.dtors)
 *(.eh_frame*)
 .eh_frame      0x0000000020009d18        0x0 /usr/lib/gcc/arm-none-eabi/9.2.1/thumb/v6-m/nofp/crtbegin.o
                0x0000000020009d18                . = ALIGN (0x4)
                0x0000000020009d18                __ram_text_end__ = .
                0x0000000010000300                __ram_text_source__ = LOADADDR (.text)

.glue_7         0x0000000020009d18        0x0 load address 0x0000000010009f58
 .glue_7        0x0000000020009d18        0x0 linker stubs

.glue_7t        0x0000000020009d18        0x0 load address 0x0000000010009f58
 .glue_7t       0x0000000020009d18        0x0 linker stubs

.vfp11_veneer   0x0000000020009d18        0x0 load address 0x0000000010009f58
 .vfp11_veneer  0x0000000020009d18        0x0 linker stubs

.v4_bx          0x0000000020009d18        0x0 load address 0x0000000010009f58
 .v4_bx         0x0000000020009d18        0x0 linker stubs

.iplt           0x0000000020009d18        0x0 load address 0x0000000010009f58
 .iplt          0x0000000020009d18        0x0 /usr/lib/gcc/arm-none-eabi/9.2.1/thumb/v6-m/nofp/crtbegin.o

.rel.dyn        0x0000000020009d18        0x0 load address 0x0000000010009f58
 .rel.iplt      0x0000000020009d18        0x0 /usr/lib/gcc/arm-none-eabi/9.2.1/thumb/v6-m/nofp/crtbegin.o

.data           0x0000000020009d20     0x6088 load address 0x0000000010009f58
                0x0000000020009d20                __data_start__ = .
 *(vtable)
 *(.time_critical*)
 .time_critical.mutex_enter_blocking
                0x0000000020009d20       0x48 CMakeFiles/pico41.dir/tree/downloaded_tools/pico/pico-sdk/src/common/pico_sync/mutex.c.obj
                0x0000000020009d20                mutex_enter_blocking
 .time_critical.mutex_try_enter
                0x0000000020009d68       0x48 CMakeFiles/pico41.dir/tree/downloaded_tools/pico/pico-sdk/src/common/pico_sync/mutex.c.obj
                0x0000000020009d68                mutex_try_enter
 .time_critical.mutex_enter_timeout_ms
                0x0000000020009db0       0x98 CMakeFiles/pico41.dir/tree/downloaded_tools/pico/pico-sdk/src/common/pico_sync/mutex.c.obj
                0x0000000020009db0                mutex_enter_timeout_ms
 .time_critical.mutex_exit
                0x0000000020009e48       0x28 CMakeFiles/pico41.dir/tree/downloaded_tools/pico/pico-sdk/src/common/pico_sync/mutex.c.obj
                0x0000000020009e48                mutex_exit
 .time_critical.flash_init_boot2_copyout
                0x0000000020009e70       0x30 CMakeFiles/pico41.dir/tree/downloaded_tools/pico/pico-sdk/src/rp2_common/hardware_flash/flash.c.obj
 .time_critical.flash_enable_xip_via_boot2
                0x0000000020009ea0       0x10 CMakeFiles/pico41.dir/tree/downloaded_tools/pico/pico-sdk/src/rp2_common/hardware_flash/flash.c.obj
 .time_critical.flash_cs_force
                0x0000000020009eb0       0x38 CMakeFiles/pico41.dir/tree/downloaded_tools/pico/pico-sdk/src/rp2_common/hardware_flash/flash.c.obj
 .time_critical.flash_do_cmd
                0x0000000020009ee8       0xc4 CMakeFiles/pico41.dir/tree/downloaded_tools/pico/pico-sdk/src/rp2_common/hardware_flash/flash.c.obj
                0x0000000020009ee8                flash_do_cmd
                0x0000000020009fac                . = ALIGN (0x4)
 *(.rodata*)
 .rodata.display_bus_states.str1.4
                0x0000000020009fac       0x29 CMakeFiles/pico41.dir/pico41.c.obj
 *fill*         0x0000000020009fd5        0x3 
 .rodata.arith_test.str1.4
                0x0000000020009fd8        0xc CMakeFiles/pico41.dir/pico41.c.obj
 .rodata.isa_drive.str1.4
                0x0000000020009fe4       0x60 CMakeFiles/pico41.dir/pico41.c.obj
 .rodata.display_captured_bus_fragment.str1.4
                0x000000002000a044       0x37 CMakeFiles/pico41.dir/pico41.c.obj
 *fill*         0x000000002000a07b        0x1 
 .rodata.capture_bus_transactions.str1.4
                0x000000002000a07c       0x3a CMakeFiles/pico41.dir/pico41.c.obj
 *fill*         0x000000002000a0b6        0x2 
 .rodata.serial_help.str1.4
                0x000000002000a0b8        0x8 CMakeFiles/pico41.dir/pico41.c.obj
 .rodata.kb_setrow.str1.4
                0x000000002000a0c0       0x10 CMakeFiles/pico41.dir/pico41.c.obj
 .rodata.kb_setcol.str1.4
                0x000000002000a0d0       0x10 CMakeFiles/pico41.dir/pico41.c.obj
 .rodata.oled_display_int.str1.4
                0x000000002000a0e0        0x6 CMakeFiles/pico41.dir/pico41.c.obj
 *fill*         0x000000002000a0e6        0x2 
 .rodata.dump_dregs.part.0.str1.4
                0x000000002000a0e8        0x6 CMakeFiles/pico41.dir/pico41.c.obj
 *fill*         0x000000002000a0ee        0x2 
 .rodata.press_key.str1.4
                0x000000002000a0f0       0x24 CMakeFiles/pico41.dir/pico41.c.obj
 .rodata.press_pi.str1.4
                0x000000002000a114        0x2 CMakeFiles/pico41.dir/pico41.c.obj
                                         0x1e (size before relaxing)
 *fill*         0x000000002000a116        0x2 
 .rodata.press_keys.str1.4
                0x000000002000a118       0x27 CMakeFiles/pico41.dir/pico41.c.obj
 *fill*         0x000000002000a13f        0x1 
 .rodata.check_prog.str1.4
                0x000000002000a140       0x34 CMakeFiles/pico41.dir/pico41.c.obj
 .rodata.serial_loop.str1.4
                0x000000002000a174        0x3 CMakeFiles/pico41.dir/pico41.c.obj
 *fill*         0x000000002000a177        0x1 
 .rodata.main.str1.4
                0x000000002000a178       0xb2 CMakeFiles/pico41.dir/pico41.c.obj
 *fill*         0x000000002000a22a        0x2 
 .rodata.str1.4
                0x000000002000a22c      0x6c7 CMakeFiles/pico41.dir/pico41.c.obj
                                        0x6ff (size before relaxing)
 *fill*         0x000000002000a8f3        0x1 
 .rodata.spin_lock_claim_unused.str1.4
                0x000000002000a8f4       0x1b CMakeFiles/pico41.dir/tree/downloaded_tools/pico/pico-sdk/src/rp2_common/hardware_sync/sync.c.obj
 *fill*         0x000000002000a90f        0x1 
 .rodata.user_irq_claim_unused.str1.4
                0x000000002000a910       0x1b CMakeFiles/pico41.dir/tree/downloaded_tools/pico/pico-sdk/src/rp2_common/hardware_irq/irq.c.obj
 *fill*         0x000000002000a92b        0x1 
 .rodata.hardware_alarm_claim.str1.4
                0x000000002000a92c       0x22 CMakeFiles/pico41.dir/tree/downloaded_tools/pico/pico-sdk/src/rp2_common/hardware_timer/timer.c.obj
 *fill*         0x000000002000a94e        0x2 
 .rodata.panic.str1.4
                0x000000002000a950       0x12 CMakeFiles/pico41.dir/tree/downloaded_tools/pico/pico-sdk/src/rp2_common/pico_runtime/runtime.c.obj
 *fill*         0x000000002000a962        0x2 
 .rodata.hard_assertion_failure.str1.4
                0x000000002000a964        0xc CMakeFiles/pico41.dir/tree/downloaded_tools/pico/pico-sdk/src/rp2_common/pico_runtime/runtime.c.obj
 .rodata._ftoa.str1.4
                0x000000002000a970       0x15 CMakeFiles/pico41.dir/tree/downloaded_tools/pico/pico-sdk/src/rp2_common/pico_printf/printf.c.obj
 *fill*         0x000000002000a985        0x3 
 .rodata._vsnprintf
                0x000000002000a988      0x1e0 CMakeFiles/pico41.dir/tree/downloaded_tools/pico/pico-sdk/src/rp2_common/pico_printf/printf.c.obj
 .rodata.pow10.5444
                0x000000002000ab68       0x50 CMakeFiles/pico41.dir/tree/downloaded_tools/pico/pico-sdk/src/rp2_common/pico_printf/printf.c.obj
 .rodata.str1.4
                0x000000002000abb8       0x3c CMakeFiles/pico41.dir/tree/downloaded_tools/pico/pico-sdk/src/rp2_common/pico_standard_link/binary_info.c.obj
 .rodata.__bi_44
                0x000000002000abf4        0xc CMakeFiles/pico41.dir/tree/downloaded_tools/pico/pico-sdk/src/rp2_common/pico_standard_link/binary_info.c.obj
 .rodata.__bi_75
                0x000000002000ac00        0xc CMakeFiles/pico41.dir/tree/downloaded_tools/pico/pico-sdk/src/rp2_common/pico_standard_link/binary_info.c.obj
 .rodata.__bi_81
                0x000000002000ac0c        0xc CMakeFiles/pico41.dir/tree/downloaded_tools/pico/pico-sdk/src/rp2_common/pico_standard_link/binary_info.c.obj
 .rodata.crlf_str.5913
                0x000000002000ac18        0x2 CMakeFiles/pico41.dir/tree/downloaded_tools/pico/pico-sdk/src/rp2_common/pico_stdio/stdio.c.obj
 *fill*         0x000000002000ac1a        0x2 
 .rodata._resetd_driver
                0x000000002000ac1c       0x18 CMakeFiles/pico41.dir/tree/downloaded_tools/pico/pico-sdk/src/rp2_common/pico_stdio_usb/reset_interface.c.obj
 .rodata.str1.4
                0x000000002000ac34       0x13 CMakeFiles/pico41.dir/tree/downloaded_tools/pico/pico-sdk/src/rp2_common/pico_stdio_usb/stdio_usb.c.obj
 *fill*         0x000000002000ac47        0x1 
 .rodata.__bi_118.7207
                0x000000002000ac48        0xc CMakeFiles/pico41.dir/tree/downloaded_tools/pico/pico-sdk/src/rp2_common/pico_stdio_usb/stdio_usb.c.obj
 .rodata.str1.4
                0x000000002000ac54       0x2a CMakeFiles/pico41.dir/tree/downloaded_tools/pico/pico-sdk/src/rp2_common/pico_stdio_usb/stdio_usb_descriptors.c.obj
 *fill*         0x000000002000ac7e        0x2 
 .rodata.usbd_desc_cfg
                0x000000002000ac80       0x54 CMakeFiles/pico41.dir/tree/downloaded_tools/pico/pico-sdk/src/rp2_common/pico_stdio_usb/stdio_usb_descriptors.c.obj
 .rodata.usbd_desc_device
                0x000000002000acd4       0x12 CMakeFiles/pico41.dir/tree/downloaded_tools/pico/pico-sdk/src/rp2_common/pico_stdio_usb/stdio_usb_descriptors.c.obj
 *fill*         0x000000002000ace6        0x2 
 .rodata.usbd_desc_str
                0x000000002000ace8       0x18 CMakeFiles/pico41.dir/tree/downloaded_tools/pico/pico-sdk/src/rp2_common/pico_stdio_usb/stdio_usb_descriptors.c.obj
 .rodata.dcd_rp2040_irq.str1.4
                0x000000002000ad00       0x14 CMakeFiles/pico41.dir/tree/downloaded_tools/pico/pico-sdk/lib/tinyusb/src/portable/raspberrypi/rp2040/dcd_rp2040.c.obj
 .rodata._hw_endpoint_buffer_control_update32.part.0.str1.4
                0x000000002000ad14       0x1f CMakeFiles/pico41.dir/tree/downloaded_tools/pico/pico-sdk/lib/tinyusb/src/portable/raspberrypi/rp2040/rp2040_usb.c.obj
 *fill*         0x000000002000ad33        0x1 
 .rodata.hw_endpoint_xfer_continue.str1.4
                0x000000002000ad34       0x29 CMakeFiles/pico41.dir/tree/downloaded_tools/pico/pico-sdk/lib/tinyusb/src/portable/raspberrypi/rp2040/rp2040_usb.c.obj
 *fill*         0x000000002000ad5d        0x3 
 .rodata.str1.4
                0x000000002000ad60        0x7 CMakeFiles/pico41.dir/tree/downloaded_tools/pico/pico-sdk/lib/tinyusb/src/portable/raspberrypi/rp2040/rp2040_usb.c.obj
 *fill*         0x000000002000ad67        0x1 
 .rodata.tud_task
                0x000000002000ad68       0x8c CMakeFiles/pico41.dir/tree/downloaded_tools/pico/pico-sdk/lib/tinyusb/src/device/usbd.c.obj
 .rodata._usbd_driver
                0x000000002000adf4       0x18 CMakeFiles/pico41.dir/tree/downloaded_tools/pico/pico-sdk/lib/tinyusb/src/device/usbd.c.obj
 .rodata        0x000000002000ae0c      0x101 /usr/lib/gcc/arm-none-eabi/9.2.1/../../../arm-none-eabi/lib/thumb/v6-m/nofp/libc.a(lib_a-ctype_.o)
                0x000000002000ae0c                _ctype_
                0x000000002000af10                . = ALIGN (0x4)
 *fill*         0x000000002000af0d        0x3 
 *(.data*)
 .data.embed_keys
                0x000000002000af10      0x568 CMakeFiles/pico41.dir/pico41.c.obj
                0x000000002000af10                embed_keys
 .data.embed_prog
                0x000000002000b478      0x1fc CMakeFiles/pico41.dir/pico41.c.obj
                0x000000002000b478                embed_prog
 .data.embed_rom
                0x000000002000b674     0x4000 CMakeFiles/pico41.dir/pico41.c.obj
                0x000000002000b674                embed_rom
 .data.font_5x7_letters
                0x000000002000f674      0x1e0 CMakeFiles/pico41.dir/pico41.c.obj
                0x000000002000f674                font_5x7_letters
 .data.i2c_bus_0
                0x000000002000f854        0x4 CMakeFiles/pico41.dir/pico41.c.obj
                0x000000002000f854                i2c_bus_0
 .data.init_seq2
                0x000000002000f858       0x1e CMakeFiles/pico41.dir/pico41.c.obj
                0x000000002000f858                init_seq2
 *fill*         0x000000002000f876        0x2 
 .data.key_def  0x000000002000f878      0x348 CMakeFiles/pico41.dir/pico41.c.obj
                0x000000002000f878                key_def
 .data.oled0    0x000000002000fbc0        0x8 CMakeFiles/pico41.dir/pico41.c.obj
                0x000000002000fbc0                oled0
 .data.serial_cmds
                0x000000002000fbc8       0xd8 CMakeFiles/pico41.dir/pico41.c.obj
                0x000000002000fbc8                serial_cmds
 .data.striped_spin_lock_num
                0x000000002000fca0        0x1 CMakeFiles/pico41.dir/tree/downloaded_tools/pico/pico-sdk/src/rp2_common/hardware_sync/sync.c.obj
 *fill*         0x000000002000fca1        0x3 
 .data          0x000000002000fca4       0x48 CMakeFiles/pico41.dir/tree/downloaded_tools/pico/pico-sdk/src/rp2_common/hardware_irq/irq_handler_chain.S.obj
                0x000000002000fca4                irq_handler_chain_slots
                0x000000002000fcd4                irq_handler_chain_first_slot
                0x000000002000fcde                irq_handler_chain_remove_tail
 .data.default_alarm_pool
                0x000000002000fcec       0x18 CMakeFiles/pico41.dir/tree/downloaded_tools/pico/pico-sdk/src/common/pico_time/time.c.obj
 .data.default_alarm_pool_heap
                0x000000002000fd04       0x10 CMakeFiles/pico41.dir/tree/downloaded_tools/pico/pico-sdk/src/common/pico_time/time.c.obj
 *fill*         0x000000002000fd14        0xc 
 .data.aeabi_bits_funcs
                0x000000002000fd20       0x10 CMakeFiles/pico41.dir/tree/downloaded_tools/pico/pico-sdk/src/rp2_common/pico_bit_ops/bit_ops_aeabi.S.obj
                0x000000002000fd20                aeabi_bits_funcs
                0x000000002000fd30                aeabi_bits_funcs_end
 .data.aeabi_mem_funcs
                0x000000002000fd30       0x10 CMakeFiles/pico41.dir/tree/downloaded_tools/pico/pico-sdk/src/rp2_common/pico_mem_ops/mem_ops_aeabi.S.obj
                0x000000002000fd30                aeabi_mem_funcs
                0x000000002000fd40                aeabi_mem_funcs_end
 .data.stdio_usb
                0x000000002000fd40       0x14 CMakeFiles/pico41.dir/tree/downloaded_tools/pico/pico-sdk/src/rp2_common/pico_stdio_usb/stdio_usb.c.obj
                0x000000002000fd40                stdio_usb
 .data.ep_dir_string
                0x000000002000fd54        0x8 CMakeFiles/pico41.dir/tree/downloaded_tools/pico/pico-sdk/lib/tinyusb/src/portable/raspberrypi/rp2040/rp2040_usb.c.obj
                0x000000002000fd54                ep_dir_string
 .data._usbd_qdef
                0x000000002000fd5c       0x24 CMakeFiles/pico41.dir/tree/downloaded_tools/pico/pico-sdk/lib/tinyusb/src/device/usbd.c.obj
                0x000000002000fd5c                _usbd_qdef
                0x000000002000fd80                . = ALIGN (0x4)
 *(.after_data.*)
                0x000000002000fd80                . = ALIGN (0x4)
                0x000000002000fd80                PROVIDE (__mutex_array_start = .)
 *(SORT_BY_NAME(.mutex_array.*))
 *(.mutex_array)
 .mutex_array   0x000000002000fd80        0x8 CMakeFiles/pico41.dir/tree/downloaded_tools/pico/pico-sdk/src/rp2_common/pico_malloc/pico_malloc.c.obj
 .mutex_array   0x000000002000fd88        0x8 CMakeFiles/pico41.dir/tree/downloaded_tools/pico/pico-sdk/src/rp2_common/pico_stdio/stdio.c.obj
                0x000000002000fd90                PROVIDE (__mutex_array_end = .)
                0x000000002000fd90                . = ALIGN (0x4)
                0x000000002000fd90                PROVIDE (__preinit_array_start = .)
 *(SORT_BY_NAME(.preinit_array.*))
 .preinit_array.00001
                0x000000002000fd90        0x4 CMakeFiles/pico41.dir/tree/downloaded_tools/pico/pico-sdk/src/rp2_common/pico_mem_ops/mem_ops_aeabi.S.obj
 .preinit_array.00010
                0x000000002000fd94        0x4 CMakeFiles/pico41.dir/tree/downloaded_tools/pico/pico-sdk/src/rp2_common/pico_bit_ops/bit_ops_aeabi.S.obj
 .preinit_array.00020
                0x000000002000fd98        0x4 CMakeFiles/pico41.dir/tree/downloaded_tools/pico/pico-sdk/src/rp2_common/pico_double/double_aeabi.S.obj
 .preinit_array.00020
                0x000000002000fd9c        0x4 CMakeFiles/pico41.dir/tree/downloaded_tools/pico/pico-sdk/src/rp2_common/pico_float/float_aeabi.S.obj
 *(.preinit_array)
                0x000000002000fda0                PROVIDE (__preinit_array_end = .)
                0x000000002000fda0                . = ALIGN (0x4)
                0x000000002000fda0                PROVIDE (__init_array_start = .)
 *(SORT_BY_NAME(.init_array.*))
 *(.init_array)
 .init_array    0x000000002000fda0        0x4 /usr/lib/gcc/arm-none-eabi/9.2.1/thumb/v6-m/nofp/crtbegin.o
 .init_array    0x000000002000fda4        0x4 CMakeFiles/pico41.dir/tree/downloaded_tools/pico/pico-sdk/src/rp2_common/pico_unique_id/unique_id.c.obj
                0x000000002000fda8                PROVIDE (__init_array_end = .)
                0x000000002000fda8                . = ALIGN (0x4)
                0x000000002000fda8                PROVIDE (__fini_array_start = .)
 *(SORT_BY_NAME(.fini_array.*))
 *(.fini_array)
                0x000000002000fda8                PROVIDE (__fini_array_end = .)
 *(.jcr)
                0x000000002000fda8                . = ALIGN (0x4)
                0x000000002000fda8                __data_end__ = .
                0x0000000010009f58                __etext = LOADADDR (.data)

.tm_clone_table
                0x000000002000fda8        0x0 load address 0x000000001000ffe0
 .tm_clone_table
                0x000000002000fda8        0x0 /usr/lib/gcc/arm-none-eabi/9.2.1/thumb/v6-m/nofp/crtbegin.o
 .tm_clone_table
                0x000000002000fda8        0x0 /usr/lib/gcc/arm-none-eabi/9.2.1/thumb/v6-m/nofp/crtend.o

.igot.plt       0x000000002000fda8        0x0 load address 0x000000001000ffe0
 .igot.plt      0x000000002000fda8        0x0 /usr/lib/gcc/arm-none-eabi/9.2.1/thumb/v6-m/nofp/crtbegin.o

.uninitialized_data
                0x000000002000fda8        0x0 load address 0x000000001000ffe0
                0x000000002000fda8                . = ALIGN (0x4)
 *(.uninitialized_data*)

.scratch_x      0x0000000020040000        0x0 load address 0x000000001000ffe0
                0x0000000020040000                __scratch_x_start__ = .
 *(.scratch_x.*)
                0x0000000020040000                . = ALIGN (0x4)
                0x0000000020040000                __scratch_x_end__ = .
                0x000000001000ffe0                __scratch_x_source__ = LOADADDR (.scratch_x)

.scratch_y      0x0000000020041000        0x0 load address 0x000000001000ffe0
                0x0000000020041000                __scratch_y_start__ = .
 *(.scratch_y.*)
                0x0000000020041000                . = ALIGN (0x4)
                0x0000000020041000                __scratch_y_end__ = .
                0x000000001000ffe0                __scratch_y_source__ = LOADADDR (.scratch_y)

.bss            0x000000002000fda8    0x29ab0
                0x000000002000fda8                . = ALIGN (0x4)
                0x000000002000fda8                __bss_start__ = .
 *(SORT_BY_ALIGNMENT(SORT_BY_NAME(.bss*)))
 .bss.data56    0x000000002000fda8        0x8 CMakeFiles/pico41.dir/pico41.c.obj
                0x000000002000fda8                data56
 .bss.default_alarm_pool_entries
                0x000000002000fdb0      0x100 CMakeFiles/pico41.dir/tree/downloaded_tools/pico/pico-sdk/src/common/pico_time/time.c.obj
 .bss.dreg_a    0x000000002000feb0        0x8 CMakeFiles/pico41.dir/pico41.c.obj
                0x000000002000feb0                dreg_a
 .bss.dreg_b    0x000000002000feb8        0x8 CMakeFiles/pico41.dir/pico41.c.obj
                0x000000002000feb8                dreg_b
 .bss.last_avail_time.7186
                0x000000002000fec0        0x8 CMakeFiles/pico41.dir/tree/downloaded_tools/pico/pico-sdk/src/rp2_common/pico_stdio_usb/stdio_usb.c.obj
 .bss           0x000000002000fec8       0x1c /usr/lib/gcc/arm-none-eabi/9.2.1/thumb/v6-m/nofp/crtbegin.o
 .bss._app_driver
                0x000000002000fee4        0x4 CMakeFiles/pico41.dir/tree/downloaded_tools/pico/pico-sdk/lib/tinyusb/src/device/usbd.c.obj
 .bss._cdcd_itf
                0x000000002000fee8      0x2d8 CMakeFiles/pico41.dir/tree/downloaded_tools/pico/pico-sdk/lib/tinyusb/src/class/cdc/cdc_device.c.obj
 .bss._ctrl_xfer
                0x00000000200101c0       0x14 CMakeFiles/pico41.dir/tree/downloaded_tools/pico/pico-sdk/lib/tinyusb/src/device/usbd_control.c.obj
 .bss._ubsd_mutexdef
                0x00000000200101d4        0x8 CMakeFiles/pico41.dir/tree/downloaded_tools/pico/pico-sdk/lib/tinyusb/src/device/usbd.c.obj
 .bss._usbd_ctrl_buf
                0x00000000200101dc       0x40 CMakeFiles/pico41.dir/tree/downloaded_tools/pico/pico-sdk/lib/tinyusb/src/device/usbd_control.c.obj
 .bss._usbd_dev
                0x000000002001021c       0x53 CMakeFiles/pico41.dir/tree/downloaded_tools/pico/pico-sdk/lib/tinyusb/src/device/usbd.c.obj
 *fill*         0x000000002001026f        0x1 
 .bss._usbd_mutex
                0x0000000020010270        0x4 CMakeFiles/pico41.dir/tree/downloaded_tools/pico/pico-sdk/lib/tinyusb/src/device/usbd.c.obj
 .bss._usbd_q   0x0000000020010274        0x4 CMakeFiles/pico41.dir/tree/downloaded_tools/pico/pico-sdk/lib/tinyusb/src/device/usbd.c.obj
 .bss.address   0x0000000020010278        0x4 CMakeFiles/pico41.dir/pico41.c.obj
                0x0000000020010278                address
 .bss.alarm_callbacks
                0x000000002001027c       0x10 CMakeFiles/pico41.dir/tree/downloaded_tools/pico/pico-sdk/src/rp2_common/hardware_timer/timer.c.obj
 .bss.bit_no    0x000000002001028c        0x4 CMakeFiles/pico41.dir/pico41.c.obj
                0x000000002001028c                bit_no
 .bss.boot2_copyout
                0x0000000020010290      0x100 CMakeFiles/pico41.dir/tree/downloaded_tools/pico/pico-sdk/src/rp2_common/hardware_flash/flash.c.obj
 .bss.claimed   0x0000000020010390        0x4 CMakeFiles/pico41.dir/tree/downloaded_tools/pico/pico-sdk/src/rp2_common/hardware_sync/sync.c.obj
 .bss.configured_freq
                0x0000000020010394       0x28 CMakeFiles/pico41.dir/tree/downloaded_tools/pico/pico-sdk/src/rp2_common/hardware_clocks/clocks.c.obj
 .bss.core1_command
                0x00000000200103bc        0x4 CMakeFiles/pico41.dir/pico41.c.obj
                0x00000000200103bc                core1_command
 .bss.data_in   0x00000000200103c0        0x4 CMakeFiles/pico41.dir/pico41.c.obj
                0x00000000200103c0                data_in
 .bss.data_out  0x00000000200103c4        0x4 CMakeFiles/pico41.dir/pico41.c.obj
                0x00000000200103c4                data_out
 .bss.default_alarm_pool_entry_ids_high
                0x00000000200103c8       0x10 CMakeFiles/pico41.dir/tree/downloaded_tools/pico/pico-sdk/src/common/pico_time/time.c.obj
 .bss.default_alarm_pool_heap_nodes
                0x00000000200103d8       0x30 CMakeFiles/pico41.dir/tree/downloaded_tools/pico/pico-sdk/src/common/pico_time/time.c.obj
 .bss.desc_str.7071
                0x0000000020010408       0x28 CMakeFiles/pico41.dir/tree/downloaded_tools/pico/pico-sdk/src/rp2_common/pico_stdio_usb/stdio_usb_descriptors.c.obj
 .bss.display_ce
                0x0000000020010430        0x4 CMakeFiles/pico41.dir/pico41.c.obj
                0x0000000020010430                display_ce
 .bss.display_on
                0x0000000020010434        0x4 CMakeFiles/pico41.dir/pico41.c.obj
                0x0000000020010434                display_on
 .bss.dreg_c    0x0000000020010438        0x4 CMakeFiles/pico41.dir/pico41.c.obj
                0x0000000020010438                dreg_c
 .bss.drive_data
                0x000000002001043c        0x4 CMakeFiles/pico41.dir/pico41.c.obj
                0x000000002001043c                drive_data
 .bss.drive_data_flag
                0x0000000020010440        0x4 CMakeFiles/pico41.dir/pico41.c.obj
                0x0000000020010440                drive_data_flag
 .bss.driven_isa
                0x0000000020010444        0x4 CMakeFiles/pico41.dir/pico41.c.obj
                0x0000000020010444                driven_isa
 .bss.drivers   0x0000000020010448        0x4 CMakeFiles/pico41.dir/tree/downloaded_tools/pico/pico-sdk/src/rp2_common/pico_stdio/stdio.c.obj
 .bss.embed_seen
                0x000000002001044c        0x4 CMakeFiles/pico41.dir/pico41.c.obj
                0x000000002001044c                embed_seen
 .bss.filter    0x0000000020010450        0x4 CMakeFiles/pico41.dir/tree/downloaded_tools/pico/pico-sdk/src/rp2_common/pico_stdio/stdio.c.obj
 .bss.hw_endpoints
                0x0000000020010454      0x400 CMakeFiles/pico41.dir/tree/downloaded_tools/pico/pico-sdk/lib/tinyusb/src/portable/raspberrypi/rp2040/dcd_rp2040.c.obj
 .bss.instruction
                0x0000000020010854        0x4 CMakeFiles/pico41.dir/pico41.c.obj
                0x0000000020010854                instruction
 .bss.last_sync
                0x0000000020010858        0x4 CMakeFiles/pico41.dir/pico41.c.obj
                0x0000000020010858                last_sync
 .bss.lazy_vsnprintf
                0x000000002001085c        0x4 CMakeFiles/pico41.dir/tree/downloaded_tools/pico/pico-sdk/src/rp2_common/pico_printf/printf.c.obj
 .bss.load_value
                0x0000000020010860        0x4 CMakeFiles/pico41.dir/tree/downloaded_tools/pico/pico-sdk/src/rp2_common/hardware_watchdog/watchdog.c.obj
 .bss.next_buffer_ptr
                0x0000000020010864        0x4 CMakeFiles/pico41.dir/tree/downloaded_tools/pico/pico-sdk/lib/tinyusb/src/portable/raspberrypi/rp2040/dcd_rp2040.c.obj
 .bss.pcount    0x0000000020010868        0x4 CMakeFiles/pico41.dir/pico41.c.obj
                0x0000000020010868                pcount
 .bss.pending_data
                0x000000002001086c        0x4 CMakeFiles/pico41.dir/pico41.c.obj
                0x000000002001086c                pending_data
 .bss.pending_data_inst
                0x0000000020010870        0x4 CMakeFiles/pico41.dir/pico41.c.obj
                0x0000000020010870                pending_data_inst
 .bss.periodic_read
                0x0000000020010874        0x4 CMakeFiles/pico41.dir/pico41.c.obj
                0x0000000020010874                periodic_read
 .bss.periph_addr
                0x0000000020010878        0x4 CMakeFiles/pico41.dir/pico41.c.obj
                0x0000000020010878                periph_addr
 .bss.pools     0x000000002001087c       0x10 CMakeFiles/pico41.dir/tree/downloaded_tools/pico/pico-sdk/src/common/pico_time/time.c.obj
 .bss.retrieved_id
                0x000000002001088c        0x8 CMakeFiles/pico41.dir/tree/downloaded_tools/pico/pico-sdk/src/rp2_common/pico_unique_id/unique_id.c.obj
 .bss.sf_clz_func
                0x0000000020010894        0x4 CMakeFiles/pico41.dir/tree/downloaded_tools/pico/pico-sdk/src/rp2_common/pico_double/double_init_rom.c.obj
                0x0000000020010894                sf_clz_func
 .bss.sleep_notifier
                0x0000000020010898        0x4 CMakeFiles/pico41.dir/tree/downloaded_tools/pico/pico-sdk/src/common/pico_time/time.c.obj
 .bss.stdio_usb_mutex
                0x000000002001089c        0x8 CMakeFiles/pico41.dir/tree/downloaded_tools/pico/pico-sdk/src/rp2_common/pico_stdio_usb/stdio_usb.c.obj
 .bss.sync_count
                0x00000000200108a4        0x4 CMakeFiles/pico41.dir/pico41.c.obj
                0x00000000200108a4                sync_count
 .bss.target_hi
                0x00000000200108a8       0x10 CMakeFiles/pico41.dir/tree/downloaded_tools/pico/pico-sdk/src/rp2_common/hardware_timer/timer.c.obj
 .bss.usbd_serial_str
                0x00000000200108b8       0x11 CMakeFiles/pico41.dir/tree/downloaded_tools/pico/pico-sdk/src/rp2_common/pico_stdio_usb/stdio_usb_descriptors.c.obj
 *fill*         0x00000000200108c9        0x3 
 .bss.user_irq_claimed
                0x00000000200108cc        0x2 CMakeFiles/pico41.dir/tree/downloaded_tools/pico/pico-sdk/src/rp2_common/hardware_irq/irq.c.obj
 .bss._app_driver_count
                0x00000000200108ce        0x1 CMakeFiles/pico41.dir/tree/downloaded_tools/pico/pico-sdk/lib/tinyusb/src/device/usbd.c.obj
 .bss._usbd_initialized
                0x00000000200108cf        0x1 CMakeFiles/pico41.dir/tree/downloaded_tools/pico/pico-sdk/lib/tinyusb/src/device/usbd.c.obj
 .bss.boot2_copyout_valid
                0x00000000200108d0        0x1 CMakeFiles/pico41.dir/tree/downloaded_tools/pico/pico-sdk/src/rp2_common/hardware_flash/flash.c.obj
 .bss.claimed   0x00000000200108d1        0x1 CMakeFiles/pico41.dir/tree/downloaded_tools/pico/pico-sdk/src/rp2_common/hardware_timer/timer.c.obj
 .bss.irq_hander_chain_free_slot_head
                0x00000000200108d2        0x1 CMakeFiles/pico41.dir/tree/downloaded_tools/pico/pico-sdk/src/rp2_common/hardware_irq/irq.c.obj
 .bss.itf_num   0x00000000200108d3        0x1 CMakeFiles/pico41.dir/tree/downloaded_tools/pico/pico-sdk/src/rp2_common/pico_stdio_usb/reset_interface.c.obj
 .bss.low_priority_irq_num
                0x00000000200108d4        0x1 CMakeFiles/pico41.dir/tree/downloaded_tools/pico/pico-sdk/src/rp2_common/pico_stdio_usb/stdio_usb.c.obj
 .bss.timer_callbacks_pending
                0x00000000200108d5        0x1 CMakeFiles/pico41.dir/tree/downloaded_tools/pico/pico-sdk/src/rp2_common/hardware_timer/timer.c.obj
 .bss.zero      0x00000000200108d6        0x1 CMakeFiles/pico41.dir/pico41.c.obj
                0x00000000200108d6                zero
 *(COMMON)
 *fill*         0x00000000200108d7        0x1 
 COMMON         0x00000000200108d8    0x28cc0 CMakeFiles/pico41.dir/pico41.c.obj
                0x00000000200108d8                x
                0x00000000200108e0                bus_inst
                0x0000000020017640                trans_addr
                0x00000000200177d0                byteval
                0x00000000200177d4                bus_addr
                0x000000002001e538                trans_data56
                0x000000002001e858                bus_data56
                0x000000002002c318                trans_instruction
                0x000000002002c4a8                fisa
                0x000000002002c638                bus_pa
                0x0000000020033398                z
                0x00000000200333a0                fcycno
                0x0000000020033530                buffer
                0x0000000020037530                isa_list
                0x0000000020037d30                dump_sync
                0x00000000200381e0                trans_pa
                0x0000000020038370                fdata
                0x0000000020038500                y
                0x0000000020038508                upkey
                0x000000002003853c                dtext
                0x0000000020038564                fclk2
                0x00000000200386f4                fclk1
                0x0000000020038884                fsync
                0x0000000020038a14                scaled_line
                0x0000000020038a78                trans_data
                0x0000000020038c08                dump_frames
                0x0000000020038d98                value_list
 COMMON         0x0000000020039598      0x100 CMakeFiles/pico41.dir/tree/downloaded_tools/pico/pico-sdk/src/rp2_common/pico_double/double_init_rom.c.obj
                0x0000000020039598                sd_table
 COMMON         0x0000000020039698      0x100 CMakeFiles/pico41.dir/tree/downloaded_tools/pico/pico-sdk/src/rp2_common/pico_float/float_init_rom.c.obj
                0x0000000020039698                sf_table
 COMMON         0x0000000020039798       0xc0 CMakeFiles/pico41.dir/tree/downloaded_tools/pico/pico-sdk/lib/tinyusb/src/device/usbd.c.obj
                0x0000000020039798                _usbd_qdef_buf
                0x0000000020039858                . = ALIGN (0x4)
                0x0000000020039858                __bss_end__ = .

.heap           0x0000000020039858      0x800